Archive member included to satisfy reference by file (symbol)

/Users/anita/opt/gcc-arm-none-eabi-7-2017-q4-major/bin/../lib/gcc/arm-none-eabi/7.2.1/../../../../arm-none-eabi/lib/thumb/v7e-m/fpv4-sp/hard/libc_nano.a(lib_a-exit.o)
                              /Users/anita/opt/gcc-arm-none-eabi-7-2017-q4-major/bin/../lib/gcc/arm-none-eabi/7.2.1/../../../../arm-none-eabi/lib/thumb/v7e-m/fpv4-sp/hard/crt0.o (exit)
/Users/anita/opt/gcc-arm-none-eabi-7-2017-q4-major/bin/../lib/gcc/arm-none-eabi/7.2.1/../../../../arm-none-eabi/lib/thumb/v7e-m/fpv4-sp/hard/libc_nano.a(lib_a-impure.o)
                              /Users/anita/opt/gcc-arm-none-eabi-7-2017-q4-major/bin/../lib/gcc/arm-none-eabi/7.2.1/../../../../arm-none-eabi/lib/thumb/v7e-m/fpv4-sp/hard/libc_nano.a(lib_a-exit.o) (_global_impure_ptr)
/Users/anita/opt/gcc-arm-none-eabi-7-2017-q4-major/bin/../lib/gcc/arm-none-eabi/7.2.1/../../../../arm-none-eabi/lib/thumb/v7e-m/fpv4-sp/hard/libc_nano.a(lib_a-init.o)
                              /Users/anita/opt/gcc-arm-none-eabi-7-2017-q4-major/bin/../lib/gcc/arm-none-eabi/7.2.1/../../../../arm-none-eabi/lib/thumb/v7e-m/fpv4-sp/hard/crt0.o (__libc_init_array)
/Users/anita/opt/gcc-arm-none-eabi-7-2017-q4-major/bin/../lib/gcc/arm-none-eabi/7.2.1/../../../../arm-none-eabi/lib/thumb/v7e-m/fpv4-sp/hard/libc_nano.a(lib_a-locale.o)
                              _build/nrf52832_xxaa/nrf_log_str_formatter.c.o (__locale_ctype_ptr)
/Users/anita/opt/gcc-arm-none-eabi-7-2017-q4-major/bin/../lib/gcc/arm-none-eabi/7.2.1/../../../../arm-none-eabi/lib/thumb/v7e-m/fpv4-sp/hard/libc_nano.a(lib_a-mbtowc_r.o)
                              /Users/anita/opt/gcc-arm-none-eabi-7-2017-q4-major/bin/../lib/gcc/arm-none-eabi/7.2.1/../../../../arm-none-eabi/lib/thumb/v7e-m/fpv4-sp/hard/libc_nano.a(lib_a-locale.o) (__ascii_mbtowc)
/Users/anita/opt/gcc-arm-none-eabi-7-2017-q4-major/bin/../lib/gcc/arm-none-eabi/7.2.1/../../../../arm-none-eabi/lib/thumb/v7e-m/fpv4-sp/hard/libc_nano.a(lib_a-memcmp.o)
                              _build/nrf52832_xxaa/ble_advdata.c.o (memcmp)
/Users/anita/opt/gcc-arm-none-eabi-7-2017-q4-major/bin/../lib/gcc/arm-none-eabi/7.2.1/../../../../arm-none-eabi/lib/thumb/v7e-m/fpv4-sp/hard/libc_nano.a(lib_a-memcpy-stub.o)
                              _build/nrf52832_xxaa/nrf_log_frontend.c.o (memcpy)
/Users/anita/opt/gcc-arm-none-eabi-7-2017-q4-major/bin/../lib/gcc/arm-none-eabi/7.2.1/../../../../arm-none-eabi/lib/thumb/v7e-m/fpv4-sp/hard/libc_nano.a(lib_a-memset.o)
                              /Users/anita/opt/gcc-arm-none-eabi-7-2017-q4-major/bin/../lib/gcc/arm-none-eabi/7.2.1/../../../../arm-none-eabi/lib/thumb/v7e-m/fpv4-sp/hard/crt0.o (memset)
/Users/anita/opt/gcc-arm-none-eabi-7-2017-q4-major/bin/../lib/gcc/arm-none-eabi/7.2.1/../../../../arm-none-eabi/lib/thumb/v7e-m/fpv4-sp/hard/libc_nano.a(lib_a-printf.o)
                              _build/nrf52832_xxaa/main.c.o (printf)
/Users/anita/opt/gcc-arm-none-eabi-7-2017-q4-major/bin/../lib/gcc/arm-none-eabi/7.2.1/../../../../arm-none-eabi/lib/thumb/v7e-m/fpv4-sp/hard/libc_nano.a(lib_a-strcmp.o)
                              /Users/anita/opt/gcc-arm-none-eabi-7-2017-q4-major/bin/../lib/gcc/arm-none-eabi/7.2.1/../../../../arm-none-eabi/lib/thumb/v7e-m/fpv4-sp/hard/libc_nano.a(lib_a-locale.o) (strcmp)
/Users/anita/opt/gcc-arm-none-eabi-7-2017-q4-major/bin/../lib/gcc/arm-none-eabi/7.2.1/../../../../arm-none-eabi/lib/thumb/v7e-m/fpv4-sp/hard/libc_nano.a(lib_a-strcpy.o)
                              _build/nrf52832_xxaa/SEGGER_RTT.c.o (strcpy)
/Users/anita/opt/gcc-arm-none-eabi-7-2017-q4-major/bin/../lib/gcc/arm-none-eabi/7.2.1/../../../../arm-none-eabi/lib/thumb/v7e-m/fpv4-sp/hard/libc_nano.a(lib_a-strlen.o)
                              _build/nrf52832_xxaa/nrf_log_frontend.c.o (strlen)
/Users/anita/opt/gcc-arm-none-eabi-7-2017-q4-major/bin/../lib/gcc/arm-none-eabi/7.2.1/../../../../arm-none-eabi/lib/thumb/v7e-m/fpv4-sp/hard/libc_nano.a(lib_a-wctomb_r.o)
                              /Users/anita/opt/gcc-arm-none-eabi-7-2017-q4-major/bin/../lib/gcc/arm-none-eabi/7.2.1/../../../../arm-none-eabi/lib/thumb/v7e-m/fpv4-sp/hard/libc_nano.a(lib_a-locale.o) (__ascii_wctomb)
/Users/anita/opt/gcc-arm-none-eabi-7-2017-q4-major/bin/../lib/gcc/arm-none-eabi/7.2.1/../../../../arm-none-eabi/lib/thumb/v7e-m/fpv4-sp/hard/libc_nano.a(lib_a-ctype_.o)
                              /Users/anita/opt/gcc-arm-none-eabi-7-2017-q4-major/bin/../lib/gcc/arm-none-eabi/7.2.1/../../../../arm-none-eabi/lib/thumb/v7e-m/fpv4-sp/hard/libc_nano.a(lib_a-locale.o) (_ctype_)
/Users/anita/opt/gcc-arm-none-eabi-7-2017-q4-major/bin/../lib/gcc/arm-none-eabi/7.2.1/../../../../arm-none-eabi/lib/thumb/v7e-m/fpv4-sp/hard/libc_nano.a(lib_a-findfp.o)
                              /Users/anita/opt/gcc-arm-none-eabi-7-2017-q4-major/bin/../lib/gcc/arm-none-eabi/7.2.1/../../../../arm-none-eabi/lib/thumb/v7e-m/fpv4-sp/hard/libc_nano.a(lib_a-printf.o) (__sinit)
[...]
Memory Configuration

Name             Origin             Length             Attributes
FLASH            0x0000000000026000 0x000000000005a000 xr
RAM              0x0000000020002a98 0x000000000000d568 xrw
*default*        0x0000000000000000 0xffffffffffffffff

Linker script and memory map


.text           0x0000000000026000     0x9330
 *(.isr_vector)
 .isr_vector    0x0000000000026000      0x200 _build/nrf52832_xxaa/gcc_startup_nrf52.S.o
                0x0000000000026000                __isr_vector
 *(.text*)
 .text          0x0000000000026200       0x40 /Users/anita/opt/gcc-arm-none-eabi-7-2017-q4-major/bin/../lib/gcc/arm-none-eabi/7.2.1/thumb/v7e-m/fpv4-sp/hard/crtbegin.o
 .text          0x0000000000026240       0x74 /Users/anita/opt/gcc-arm-none-eabi-7-2017-q4-major/bin/../lib/gcc/arm-none-eabi/7.2.1/../../../../arm-none-eabi/lib/thumb/v7e-m/fpv4-sp/hard/crt0.o
                0x0000000000026240                _mainCRTStartup
                0x0000000000026240                _start
 .text          0x00000000000262b4       0x3c _build/nrf52832_xxaa/gcc_startup_nrf52.S.o
                0x00000000000262b4                Reset_Handler
                0x00000000000262dc                NMI_Handler
                0x00000000000262de                HardFault_Handler
                0x00000000000262e0                MemoryManagement_Handler
                0x00000000000262e2                BusFault_Handler
                0x00000000000262e4                UsageFault_Handler
                0x00000000000262e6                SVC_Handler
                0x00000000000262e8                DebugMon_Handler
                0x00000000000262ea                PendSV_Handler
                0x00000000000262ec                SysTick_Handler
                0x00000000000262ee                TIMER4_IRQHandler
                0x00000000000262ee                I2S_IRQHandler
                0x00000000000262ee                SWI4_EGU4_IRQHandler
                0x00000000000262ee                TIMER0_IRQHandler
                0x00000000000262ee                TIMER1_IRQHandler
                0x00000000000262ee                PWM2_IRQHandler
                0x00000000000262ee                ECB_IRQHandler
                0x00000000000262ee                SPIM1_SPIS1_TWIM1_TWIS1_SPI1_TWI1_IRQHandler
                0x00000000000262ee                Default_Handler
                0x00000000000262ee                SAADC_IRQHandler
                0x00000000000262ee                CCM_AAR_IRQHandler
                0x00000000000262ee                WDT_IRQHandler
                0x00000000000262ee                SWI5_EGU5_IRQHandler
                0x00000000000262ee                RNG_IRQHandler
                0x00000000000262ee                RTC2_IRQHandler
                0x00000000000262ee                PWM0_IRQHandler
                0x00000000000262ee                SWI3_EGU3_IRQHandler
                0x00000000000262ee                SWI1_EGU1_IRQHandler
                0x00000000000262ee                SPIM2_SPIS2_SPI2_IRQHandler
                0x00000000000262ee                NFCT_IRQHandler
                0x00000000000262ee                MWU_IRQHandler
                0x00000000000262ee                TIMER2_IRQHandler
                0x00000000000262ee                COMP_LPCOMP_IRQHandler
                0x00000000000262ee                RTC0_IRQHandler
                0x00000000000262ee                PWM1_IRQHandler
                0x00000000000262ee                RADIO_IRQHandler
                0x00000000000262ee                PDM_IRQHandler
                0x00000000000262ee                TEMP_IRQHandler
                0x00000000000262ee                QDEC_IRQHandler
                0x00000000000262ee                TIMER3_IRQHandler
                0x00000000000262ee                FPU_IRQHandler
                0x00000000000262ee                SPIM0_SPIS0_TWIM0_TWIS0_SPI0_TWI0_IRQHandler
 .text.nrf_log_backend_rtt_flush
                0x00000000000262f0        0x4 _build/nrf52832_xxaa/nrf_log_backend_rtt.c.o
 .text.nrf_log_backend_rtt_put
                0x00000000000262f4       0x20 _build/nrf52832_xxaa/nrf_log_backend_rtt.c.o
 .text.serial_tx
                0x0000000000026314       0x54 _build/nrf52832_xxaa/nrf_log_backend_rtt.c.o
 .text.nrf_log_backend_rtt_panic_set
                0x0000000000026368        0x4 _build/nrf52832_xxaa/nrf_log_backend_rtt.c.o
 .text.nrf_log_backend_rtt_init
                0x000000000002636c        0x4 _build/nrf52832_xxaa/nrf_log_backend_rtt.c.o
                0x000000000002636c                nrf_log_backend_rtt_init
 .text.nrf_log_backend_serial_put
                0x0000000000026370       0xd4 _build/nrf52832_xxaa/nrf_log_backend_serial.c.o
                0x0000000000026370                nrf_log_backend_serial_put
 .text.nrf_log_default_backends_init
                0x0000000000026444       0x20 _build/nrf52832_xxaa/nrf_log_default_backends.c.o
                0x0000000000026444                nrf_log_default_backends_init
 .text.log_skip
                0x0000000000026464       0xd4 _build/nrf52832_xxaa/nrf_log_frontend.c.o
 .text.nrf_log_init
                0x0000000000026538       0x3c _build/nrf52832_xxaa/nrf_log_frontend.c.o
                0x0000000000026538                nrf_log_init
 .text.nrf_log_module_name_get
                0x0000000000026574       0x58 _build/nrf52832_xxaa/nrf_log_frontend.c.o
                0x0000000000026574                nrf_log_module_name_get
 .text.nrf_log_color_id_get
                0x00000000000265cc       0x2c _build/nrf52832_xxaa/nrf_log_frontend.c.o
                0x00000000000265cc                nrf_log_color_id_get
 .text.nrf_log_frontend_std_0
                0x00000000000265f8       0xf0 _build/nrf52832_xxaa/nrf_log_frontend.c.o
                0x00000000000265f8                nrf_log_frontend_std_0
 .text.nrf_log_frontend_dequeue.part.6
                0x00000000000266e8      0x26c _build/nrf52832_xxaa/nrf_log_frontend.c.o
 .text.nrf_log_frontend_std_1
                0x0000000000026954      0x100 _build/nrf52832_xxaa/nrf_log_frontend.c.o
                0x0000000000026954                nrf_log_frontend_std_1
 .text.nrf_log_frontend_std_2
                0x0000000000026a54      0x104 _build/nrf52832_xxaa/nrf_log_frontend.c.o
                0x0000000000026a54                nrf_log_frontend_std_2
 .text.nrf_log_frontend_dequeue
                0x0000000000026b58       0x18 _build/nrf52832_xxaa/nrf_log_frontend.c.o
                0x0000000000026b58                nrf_log_frontend_dequeue
 .text.nrf_log_backend_add
                0x0000000000026b70       0x68 _build/nrf52832_xxaa/nrf_log_frontend.c.o
                0x0000000000026b70                nrf_log_backend_add
 .text.nrf_log_panic
                0x0000000000026bd8       0x2c _build/nrf52832_xxaa/nrf_log_frontend.c.o
                0x0000000000026bd8                nrf_log_panic
 .text.nrf_log_std_entry_process
                0x0000000000026c04      0x14c _build/nrf52832_xxaa/nrf_log_str_formatter.c.o
                0x0000000000026c04                nrf_log_std_entry_process
 .text.nrf_log_hexdump_entry_process
                0x0000000000026d50      0x15c _build/nrf52832_xxaa/nrf_log_str_formatter.c.o
                0x0000000000026d50                nrf_log_hexdump_entry_process
 .text.detection_delay_timeout_handler
                0x0000000000026eac      0x120 _build/nrf52832_xxaa/app_button.c.o
 .text.gpiote_event_handler
                0x0000000000026fcc       0xa8 _build/nrf52832_xxaa/app_button.c.o
 .text.app_button_init
                0x0000000000027074       0xb0 _build/nrf52832_xxaa/app_button.c.o
                0x0000000000027074                app_button_init
 .text.app_button_enable
                0x0000000000027124       0x2c _build/nrf52832_xxaa/app_button.c.o
                0x0000000000027124                app_button_enable
 .text.app_error_handler_bare
                0x0000000000027150       0x20 _build/nrf52832_xxaa/app_error.c.o
                0x0000000000027150                app_error_handler_bare
 .text.app_error_fault_handler
                0x0000000000027170       0x70 _build/nrf52832_xxaa/app_error_weak.c.o
                0x0000000000027170                app_error_fault_handler
 .text.app_fifo_init
                0x00000000000271e0       0x20 _build/nrf52832_xxaa/app_fifo.c.o
                0x00000000000271e0                app_fifo_init
 .text.app_fifo_put
                0x0000000000027200       0x30 _build/nrf52832_xxaa/app_fifo.c.o
                0x0000000000027200                app_fifo_put
 .text.app_fifo_get
                0x0000000000027230       0x2c _build/nrf52832_xxaa/app_fifo.c.o
                0x0000000000027230                app_fifo_get
 .text.RTC1_IRQHandler
                0x000000000002725c       0xa0 _build/nrf52832_xxaa/app_timer.c.o
                0x000000000002725c                RTC1_IRQHandler
 .text.SWI0_EGU0_IRQHandler
                0x00000000000272fc      0x394 _build/nrf52832_xxaa/app_timer.c.o
                0x00000000000272fc                SWI0_EGU0_IRQHandler
 .text.app_timer_init
                0x0000000000027690       0xa8 _build/nrf52832_xxaa/app_timer.c.o
                0x0000000000027690                app_timer_init
 .text.app_timer_create
                0x0000000000027738       0x24 _build/nrf52832_xxaa/app_timer.c.o
                0x0000000000027738                app_timer_create
 .text.app_timer_start
                0x000000000002775c       0xac _build/nrf52832_xxaa/app_timer.c.o
                0x000000000002775c                app_timer_start
 .text.app_timer_stop
                0x0000000000027808       0x74 _build/nrf52832_xxaa/app_timer.c.o
                0x0000000000027808                app_timer_stop
 .text.uart_event_handler
                0x000000000002787c      0x114 _build/nrf52832_xxaa/app_uart_fifo.c.o
 .text.app_uart_init
                0x0000000000027990       0xf4 _build/nrf52832_xxaa/app_uart_fifo.c.o
                0x0000000000027990                app_uart_init
 .text.app_uart_get
                0x0000000000027a84       0x5c _build/nrf52832_xxaa/app_uart_fifo.c.o
                0x0000000000027a84                app_uart_get
 .text.app_uart_put
                0x0000000000027ae0       0x74 _build/nrf52832_xxaa/app_uart_fifo.c.o
                0x0000000000027ae0                app_uart_put
 .text.app_util_critical_region_enter
                0x0000000000027b54       0x4c _build/nrf52832_xxaa/app_util_platform.c.o
                0x0000000000027b54                app_util_critical_region_enter
 .text.app_util_critical_region_exit
                0x0000000000027ba0       0x30 _build/nrf52832_xxaa/app_util_platform.c.o
                0x0000000000027ba0                app_util_critical_region_exit
 .text.nrf_atflags_set
                0x0000000000027bd0       0x14 _build/nrf52832_xxaa/nrf_atflags.c.o
                0x0000000000027bd0                nrf_atflags_set
 .text.nrf_atflags_clear
                0x0000000000027be4       0x14 _build/nrf52832_xxaa/nrf_atflags.c.o
                0x0000000000027be4                nrf_atflags_clear
 .text.nrf_atflags_get
                0x0000000000027bf8       0x14 _build/nrf52832_xxaa/nrf_atflags.c.o
                0x0000000000027bf8                nrf_atflags_get
 .text.nrf_atomic_u32_fetch_store
                0x0000000000027c0c       0x14 _build/nrf52832_xxaa/nrf_atomic.c.o
                0x0000000000027c0c                nrf_atomic_u32_fetch_store
 .text.nrf_atomic_u32_or
                0x0000000000027c20       0x18 _build/nrf52832_xxaa/nrf_atomic.c.o
                0x0000000000027c20                nrf_atomic_u32_or
 .text.nrf_atomic_u32_and
                0x0000000000027c38       0x18 _build/nrf52832_xxaa/nrf_atomic.c.o
                0x0000000000027c38                nrf_atomic_u32_and
 .text.nrf_atomic_u32_add
                0x0000000000027c50       0x18 _build/nrf52832_xxaa/nrf_atomic.c.o
                0x0000000000027c50                nrf_atomic_u32_add
 .text.nrf_atomic_u32_sub
                0x0000000000027c68       0x18 _build/nrf52832_xxaa/nrf_atomic.c.o
                0x0000000000027c68                nrf_atomic_u32_sub
 .text.nrf_atomic_flag_set
                0x0000000000027c80       0x18 _build/nrf52832_xxaa/nrf_atomic.c.o
                0x0000000000027c80                nrf_atomic_flag_set
 .text.nrf_atomic_flag_clear_fetch
                0x0000000000027c98       0x18 _build/nrf52832_xxaa/nrf_atomic.c.o
                0x0000000000027c98                nrf_atomic_flag_clear_fetch
 .text.nrf_balloc_init
                0x0000000000027cb0       0x38 _build/nrf52832_xxaa/nrf_balloc.c.o
                0x0000000000027cb0                nrf_balloc_init
 .text.nrf_balloc_alloc
                0x0000000000027ce8       0x50 _build/nrf52832_xxaa/nrf_balloc.c.o
                0x0000000000027ce8                nrf_balloc_alloc
 .text.nrf_balloc_free
                0x0000000000027d38       0x38 _build/nrf52832_xxaa/nrf_balloc.c.o
                0x0000000000027d38                nrf_balloc_free
 .text.nrf_fprintf_buffer_flush
                0x0000000000027d70       0x18 _build/nrf52832_xxaa/nrf_fprintf.c.o
                0x0000000000027d70                nrf_fprintf_buffer_flush
 .text.nrf_fprintf
                0x0000000000027d88       0x20 _build/nrf52832_xxaa/nrf_fprintf.c.o
                0x0000000000027d88                nrf_fprintf
 .text.unsigned_print
                0x0000000000027da8      0x10c _build/nrf52832_xxaa/nrf_fprintf_format.c.o
 .text.nrf_fprintf_fmt
                0x0000000000027eb4      0x5bc _build/nrf52832_xxaa/nrf_fprintf_format.c.o
                0x0000000000027eb4                nrf_fprintf_fmt
 .text.nrf_memobj_pool_init
                0x0000000000028470        0x4 _build/nrf52832_xxaa/nrf_memobj.c.o
                0x0000000000028470                nrf_memobj_pool_init
 .text.nrf_memobj_alloc
                0x0000000000028474       0x84 _build/nrf52832_xxaa/nrf_memobj.c.o
                0x0000000000028474                nrf_memobj_alloc
 .text.nrf_memobj_get
                0x00000000000284f8        0x8 _build/nrf52832_xxaa/nrf_memobj.c.o
                0x00000000000284f8                nrf_memobj_get
 .text.nrf_memobj_put
                0x0000000000028500       0x44 _build/nrf52832_xxaa/nrf_memobj.c.o
                0x0000000000028500                nrf_memobj_put
 .text.nrf_memobj_write
                0x0000000000028544       0x68 _build/nrf52832_xxaa/nrf_memobj.c.o
                0x0000000000028544                nrf_memobj_write
 .text.nrf_memobj_read
                0x00000000000285ac       0x68 _build/nrf52832_xxaa/nrf_memobj.c.o
                0x00000000000285ac                nrf_memobj_read
 .text.sd_app_evt_wait
                0x0000000000028614        0x4 _build/nrf52832_xxaa/nrf_pwr_mgmt.c.o
 .text.nrf_pwr_mgmt_init
                0x0000000000028618       0x2c _build/nrf52832_xxaa/nrf_pwr_mgmt.c.o
                0x0000000000028618                nrf_pwr_mgmt_init
 .text.nrf_pwr_mgmt_run
                0x0000000000028644       0x50 _build/nrf52832_xxaa/nrf_pwr_mgmt.c.o
                0x0000000000028644                nrf_pwr_mgmt_run
 .text.nrf_ringbuf_init
                0x0000000000028694       0x1c _build/nrf52832_xxaa/nrf_ringbuf.c.o
                0x0000000000028694                nrf_ringbuf_init
 .text.nrf_section_iter_init
                0x00000000000286b0       0x14 _build/nrf52832_xxaa/nrf_section_iter.c.o
                0x00000000000286b0                nrf_section_iter_init
 .text.nrf_section_iter_next
                0x00000000000286c4       0x18 _build/nrf52832_xxaa/nrf_section_iter.c.o
                0x00000000000286c4                nrf_section_iter_next
 .text.nrf_strerror_get
                0x00000000000286dc       0x6c _build/nrf52832_xxaa/nrf_strerror.c.o
                0x00000000000286dc                nrf_strerror_get
 .text._write   0x0000000000028748       0x1c _build/nrf52832_xxaa/retarget.c.o
                0x0000000000028748                _write
 .text._read    0x0000000000028764       0x14 _build/nrf52832_xxaa/retarget.c.o
                0x0000000000028764                _read
 .text.SystemInit
                0x0000000000028778      0x3c0 _build/nrf52832_xxaa/system_nrf52.c.o
                0x0000000000028778                SystemInit
 .text.bsp_board_led_state_get
                0x0000000000028b38       0x1c _build/nrf52832_xxaa/boards.c.o
                0x0000000000028b38                bsp_board_led_state_get
 .text.bsp_board_led_on
                0x0000000000028b54       0x18 _build/nrf52832_xxaa/boards.c.o
                0x0000000000028b54                bsp_board_led_on
 .text.bsp_board_led_off
                0x0000000000028b6c       0x18 _build/nrf52832_xxaa/boards.c.o
                0x0000000000028b6c                bsp_board_led_off
 .text.bsp_board_leds_off
                0x0000000000028b84       0x2c _build/nrf52832_xxaa/boards.c.o
                0x0000000000028b84                bsp_board_leds_off
 .text.bsp_board_leds_on
                0x0000000000028bb0       0x2c _build/nrf52832_xxaa/boards.c.o
                0x0000000000028bb0                bsp_board_leds_on
 .text.bsp_board_led_invert
                0x0000000000028bdc       0x24 _build/nrf52832_xxaa/boards.c.o
                0x0000000000028bdc                bsp_board_led_invert
 .text.bsp_board_button_state_get
                0x0000000000028c00       0x1c _build/nrf52832_xxaa/boards.c.o
                0x0000000000028c00                bsp_board_button_state_get
 .text.bsp_board_pin_to_button_idx
                0x0000000000028c1c       0x24 _build/nrf52832_xxaa/boards.c.o
                0x0000000000028c1c                bsp_board_pin_to_button_idx
 .text.bsp_board_button_idx_to_pin
                0x0000000000028c40        0xc _build/nrf52832_xxaa/boards.c.o
                0x0000000000028c40                bsp_board_button_idx_to_pin
 .text.bsp_board_init
                0x0000000000028c4c       0x5c _build/nrf52832_xxaa/boards.c.o
                0x0000000000028c4c                bsp_board_init
 .text.clock_irq_handler
                0x0000000000028ca8       0x44 _build/nrf52832_xxaa/nrf_drv_clock.c.o
 .text.soc_evt_handler
                0x0000000000028cec       0x28 _build/nrf52832_xxaa/nrf_drv_clock.c.o
 .text.sd_state_evt_handler
                0x0000000000028d14       0xa0 _build/nrf52832_xxaa/nrf_drv_clock.c.o
 .text.uarte_evt_handler
                0x0000000000028db4       0x34 _build/nrf52832_xxaa/nrf_drv_uart.c.o
 .text.uart_evt_handler
                0x0000000000028de8       0x34 _build/nrf52832_xxaa/nrf_drv_uart.c.o
 .text.nrf_drv_uart_init
                0x0000000000028e1c       0x80 _build/nrf52832_xxaa/nrf_drv_uart.c.o
                0x0000000000028e1c                nrf_drv_uart_init
 .text.nrfx_clock_init
                0x0000000000028e9c       0x1c _build/nrf52832_xxaa/nrfx_clock.c.o
                0x0000000000028e9c                nrfx_clock_init
 .text.nrfx_clock_enable
                0x0000000000028eb8       0x28 _build/nrf52832_xxaa/nrfx_clock.c.o
                0x0000000000028eb8                nrfx_clock_enable
 .text.nrfx_clock_lfclk_stop
                0x0000000000028ee0       0x18 _build/nrf52832_xxaa/nrfx_clock.c.o
                0x0000000000028ee0                nrfx_clock_lfclk_stop
 .text.POWER_CLOCK_IRQHandler
                0x0000000000028ef8       0x64 _build/nrf52832_xxaa/nrfx_clock.c.o
                0x0000000000028ef8                POWER_CLOCK_IRQHandler
 .text.nrfx_gpiote_init
                0x0000000000028f5c       0x8c _build/nrf52832_xxaa/nrfx_gpiote.c.o
                0x0000000000028f5c                nrfx_gpiote_init
 .text.nrfx_gpiote_is_init
                0x0000000000028fe8       0x14 _build/nrf52832_xxaa/nrfx_gpiote.c.o
                0x0000000000028fe8                nrfx_gpiote_is_init
 .text.nrfx_gpiote_in_init
                0x0000000000028ffc      0x1bc _build/nrf52832_xxaa/nrfx_gpiote.c.o
                0x0000000000028ffc                nrfx_gpiote_in_init
 .text.nrfx_gpiote_in_event_enable
                0x00000000000291b8       0xc4 _build/nrf52832_xxaa/nrfx_gpiote.c.o
                0x00000000000291b8                nrfx_gpiote_in_event_enable
 .text.nrfx_gpiote_in_is_set
                0x000000000002927c       0x14 _build/nrf52832_xxaa/nrfx_gpiote.c.o
                0x000000000002927c                nrfx_gpiote_in_is_set
 .text.GPIOTE_IRQHandler
                0x0000000000029290      0x548 _build/nrf52832_xxaa/nrfx_gpiote.c.o
                0x0000000000029290                GPIOTE_IRQHandler
 .text.UARTE0_UART0_IRQHandler
                0x00000000000297d8        0xc _build/nrf52832_xxaa/nrfx_prs.c.o
                0x00000000000297d8                UARTE0_UART0_IRQHandler
 .text.nrfx_prs_acquire
                0x00000000000297e4       0x4c _build/nrf52832_xxaa/nrfx_prs.c.o
                0x00000000000297e4                nrfx_prs_acquire
 .text.nrfx_uart_0_irq_handler
                0x0000000000029830      0x1bc _build/nrf52832_xxaa/nrfx_uart.c.o
                0x0000000000029830                nrfx_uart_0_irq_handler
 .text.nrfx_uart_init
                0x00000000000299ec      0x1a4 _build/nrf52832_xxaa/nrfx_uart.c.o
                0x00000000000299ec                nrfx_uart_init
 .text.nrfx_uart_tx
                0x0000000000029b90       0xcc _build/nrf52832_xxaa/nrfx_uart.c.o
                0x0000000000029b90                nrfx_uart_tx
 .text.nrfx_uart_tx_in_progress
                0x0000000000029c5c       0x18 _build/nrf52832_xxaa/nrfx_uart.c.o
                0x0000000000029c5c                nrfx_uart_tx_in_progress
 .text.nrfx_uart_rx
                0x0000000000029c74      0x14c _build/nrf52832_xxaa/nrfx_uart.c.o
                0x0000000000029c74                nrfx_uart_rx
 .text.nrfx_uarte_0_irq_handler
                0x0000000000029dc0      0x128 _build/nrf52832_xxaa/nrfx_uarte.c.o
                0x0000000000029dc0                nrfx_uarte_0_irq_handler
 .text.nrfx_uarte_init
                0x0000000000029ee8      0x1c4 _build/nrf52832_xxaa/nrfx_uarte.c.o
                0x0000000000029ee8                nrfx_uarte_init
 .text.nrfx_uarte_tx
                0x000000000002a0ac       0xa0 _build/nrf52832_xxaa/nrfx_uarte.c.o
                0x000000000002a0ac                nrfx_uarte_tx
 .text.nrfx_uarte_tx_in_progress
                0x000000000002a14c       0x1c _build/nrf52832_xxaa/nrfx_uarte.c.o
                0x000000000002a14c                nrfx_uarte_tx_in_progress
 .text.nrfx_uarte_rx
                0x000000000002a168      0x12c _build/nrf52832_xxaa/nrfx_uarte.c.o
                0x000000000002a168                nrfx_uarte_rx
 .text.alert_timer_handler
                0x000000000002a294        0x8 _build/nrf52832_xxaa/bsp.c.o
 .text.bsp_button_event_handler
                0x000000000002a29c       0xa0 _build/nrf52832_xxaa/bsp.c.o
 .text.button_timer_handler
                0x000000000002a33c       0x30 _build/nrf52832_xxaa/bsp.c.o
 .text.leds_timer_handler
                0x000000000002a36c      0x2ec _build/nrf52832_xxaa/bsp.c.o
 .text.bsp_button_is_pressed
                0x000000000002a658        0xc _build/nrf52832_xxaa/bsp.c.o
                0x000000000002a658                bsp_button_is_pressed
 .text.bsp_indication_set
                0x000000000002a664      0x330 _build/nrf52832_xxaa/bsp.c.o
                0x000000000002a664                bsp_indication_set
 .text.bsp_init
                0x000000000002a994       0xbc _build/nrf52832_xxaa/bsp.c.o
                0x000000000002a994                bsp_init
 .text.bsp_event_to_button_action_assign
                0x000000000002aa50       0x50 _build/nrf52832_xxaa/bsp.c.o
                0x000000000002aa50                bsp_event_to_button_action_assign
 .text.bsp_wakeup_button_enable
                0x000000000002aaa0       0x30 _build/nrf52832_xxaa/bsp.c.o
                0x000000000002aaa0                bsp_wakeup_button_enable
 .text.ble_evt_handler
                0x000000000002aad0       0xac _build/nrf52832_xxaa/bsp_btn_ble.c.o
 .text.bsp_btn_ble_sleep_mode_prepare
                0x000000000002ab7c       0x24 _build/nrf52832_xxaa/bsp_btn_ble.c.o
                0x000000000002ab7c                bsp_btn_ble_sleep_mode_prepare
 .text.bsp_btn_ble_init
                0x000000000002aba0       0x6c _build/nrf52832_xxaa/bsp_btn_ble.c.o
                0x000000000002aba0                bsp_btn_ble_init
 .text.sd_ble_gap_disconnect
                0x000000000002ac0c        0x4 _build/nrf52832_xxaa/main.c.o
 .text.sd_ble_gap_ppcp_set
                0x000000000002ac10        0x4 _build/nrf52832_xxaa/main.c.o
 .text.sd_ble_gap_device_name_set
                0x000000000002ac14        0x4 _build/nrf52832_xxaa/main.c.o
 .text.sd_ble_gap_sec_params_reply
                0x000000000002ac18        0x4 _build/nrf52832_xxaa/main.c.o
 .text.sd_ble_gap_phy_update
                0x000000000002ac1c        0x4 _build/nrf52832_xxaa/main.c.o
 .text.sd_ble_gatts_sys_attr_set
                0x000000000002ac20        0x4 _build/nrf52832_xxaa/main.c.o
 .text.sd_power_system_off
                0x000000000002ac24        0x4 _build/nrf52832_xxaa/main.c.o
 .text.nrf_qwr_error_handler
                0x000000000002ac28        0x4 _build/nrf52832_xxaa/main.c.o
 .text.ble_evt_handler
                0x000000000002ac2c      0x118 _build/nrf52832_xxaa/main.c.o
 .text.gatt_evt_handler
                0x000000000002ad44       0x50 _build/nrf52832_xxaa/main.c.o
                0x000000000002ad44                gatt_evt_handler
 .text.on_conn_params_evt
                0x000000000002ad94       0x24 _build/nrf52832_xxaa/main.c.o
 .text.bsp_event_handler
                0x000000000002adb8       0x70 _build/nrf52832_xxaa/main.c.o
                0x000000000002adb8                bsp_event_handler
 .text.uart_event_handle
                0x000000000002ae28       0x94 _build/nrf52832_xxaa/main.c.o
                0x000000000002ae28                uart_event_handle
 .text.nus_data_handler
                0x000000000002aebc       0x74 _build/nrf52832_xxaa/main.c.o
 .text.conn_params_error_handler
                0x000000000002af30        0x4 _build/nrf52832_xxaa/main.c.o
 .text.on_adv_evt
                0x000000000002af34       0x40 _build/nrf52832_xxaa/main.c.o
 .text.gatt_init
                0x000000000002af74       0x30 _build/nrf52832_xxaa/main.c.o
                0x000000000002af74                gatt_init
 .text.startup.main
                0x000000000002afa4      0x270 _build/nrf52832_xxaa/main.c.o
                0x000000000002afa4                main
 .text.SEGGER_RTT_WriteNoLock
                0x000000000002b214      0x168 _build/nrf52832_xxaa/SEGGER_RTT.c.o
                0x000000000002b214                SEGGER_RTT_WriteNoLock
 .text.SEGGER_RTT_Init
                0x000000000002b37c       0x60 _build/nrf52832_xxaa/SEGGER_RTT.c.o
                0x000000000002b37c                SEGGER_RTT_Init
 .text.sd_ble_gap_addr_get
                0x000000000002b3dc        0x4 _build/nrf52832_xxaa/ble_advdata.c.o
 .text.sd_ble_gap_appearance_get
                0x000000000002b3e0        0x4 _build/nrf52832_xxaa/ble_advdata.c.o
 .text.sd_ble_gap_device_name_get
                0x000000000002b3e4        0x4 _build/nrf52832_xxaa/ble_advdata.c.o
 .text.sd_ble_uuid_encode
                0x000000000002b3e8        0x4 _build/nrf52832_xxaa/ble_advdata.c.o
 .text.uuid_list_sized_encode
                0x000000000002b3ec       0xb4 _build/nrf52832_xxaa/ble_advdata.c.o
 .text.ble_advdata_encode
                0x000000000002b4a0      0x3fc _build/nrf52832_xxaa/ble_advdata.c.o
                0x000000000002b4a0                ble_advdata_encode
 .text.ble_advdata_parse
                0x000000000002b89c       0x4c _build/nrf52832_xxaa/ble_advdata.c.o
                0x000000000002b89c                ble_advdata_parse
 .text.sd_ble_gap_adv_set_configure
                0x000000000002b8e8        0x4 _build/nrf52832_xxaa/ble_advertising.c.o
 .text.sd_ble_gap_adv_start
                0x000000000002b8ec        0x4 _build/nrf52832_xxaa/ble_advertising.c.o
 .text.sd_ble_gap_adv_stop
                0x000000000002b8f0        0x4 _build/nrf52832_xxaa/ble_advertising.c.o
 .text.ble_advertising_start.part.3
                0x000000000002b8f4      0x2d0 _build/nrf52832_xxaa/ble_advertising.c.o
 .text.ble_advertising_conn_cfg_tag_set
                0x000000000002bbc4        0x8 _build/nrf52832_xxaa/ble_advertising.c.o
                0x000000000002bbc4                ble_advertising_conn_cfg_tag_set
 .text.ble_advertising_init
                0x000000000002bbcc      0x100 _build/nrf52832_xxaa/ble_advertising.c.o
                0x000000000002bbcc                ble_advertising_init
 .text.ble_advertising_start
                0x000000000002bccc      0x2c8 _build/nrf52832_xxaa/ble_advertising.c.o
                0x000000000002bccc                ble_advertising_start
 .text.ble_advertising_on_ble_evt
                0x000000000002bf94       0x8c _build/nrf52832_xxaa/ble_advertising.c.o
                0x000000000002bf94                ble_advertising_on_ble_evt
 .text.ble_advertising_on_sys_evt
                0x000000000002c020        0x4 _build/nrf52832_xxaa/ble_advertising.c.o
                0x000000000002c020                ble_advertising_on_sys_evt
 .text.ble_advertising_restart_without_whitelist
                0x000000000002c024       0x60 _build/nrf52832_xxaa/ble_advertising.c.o
                0x000000000002c024                ble_advertising_restart_without_whitelist
 .text.sd_ble_gap_conn_param_update
                0x000000000002c084        0x4 _build/nrf52832_xxaa/ble_conn_params.c.o
 .text.sd_ble_gap_disconnect
                0x000000000002c088        0x4 _build/nrf52832_xxaa/ble_conn_params.c.o
 .text.sd_ble_gap_ppcp_set
                0x000000000002c08c        0x4 _build/nrf52832_xxaa/ble_conn_params.c.o
 .text.sd_ble_gap_ppcp_get
                0x000000000002c090        0x4 _build/nrf52832_xxaa/ble_conn_params.c.o
 .text.update_timeout_handler
                0x000000000002c094       0x80 _build/nrf52832_xxaa/ble_conn_params.c.o
 .text.ble_evt_handler
                0x000000000002c114      0x1d4 _build/nrf52832_xxaa/ble_conn_params.c.o
 .text.ble_conn_params_init
                0x000000000002c2e8       0x7c _build/nrf52832_xxaa/ble_conn_params.c.o
                0x000000000002c2e8                ble_conn_params_init
 .text.ble_evt_handler
                0x000000000002c364      0x124 _build/nrf52832_xxaa/ble_conn_state.c.o
 .text.ble_conn_state_conn_idx
                0x000000000002c488       0x24 _build/nrf52832_xxaa/ble_conn_state.c.o
                0x000000000002c488                ble_conn_state_conn_idx
 .text.blcm_link_ctx_get
                0x000000000002c4ac       0x4c _build/nrf52832_xxaa/ble_link_ctx_manager.c.o
                0x000000000002c4ac                blcm_link_ctx_get
 .text.sd_ble_gatts_characteristic_add
                0x000000000002c4f8        0x4 _build/nrf52832_xxaa/ble_srv_common.c.o
 .text.ble_srv_is_notification_enabled
                0x000000000002c4fc        0x8 _build/nrf52832_xxaa/ble_srv_common.c.o
                0x000000000002c4fc                ble_srv_is_notification_enabled
 .text.characteristic_add
                0x000000000002c504      0x270 _build/nrf52832_xxaa/ble_srv_common.c.o
                0x000000000002c504                characteristic_add
 .text.sd_ble_gap_data_length_update
                0x000000000002c774        0x4 _build/nrf52832_xxaa/nrf_ble_gatt.c.o
 .text.sd_ble_gattc_exchange_mtu_request
                0x000000000002c778        0x4 _build/nrf52832_xxaa/nrf_ble_gatt.c.o
 .text.sd_ble_gatts_exchange_mtu_reply
                0x000000000002c77c        0x4 _build/nrf52832_xxaa/nrf_ble_gatt.c.o
 .text.nrf_ble_gatt_init
                0x000000000002c780       0x30 _build/nrf52832_xxaa/nrf_ble_gatt.c.o
                0x000000000002c780                nrf_ble_gatt_init
 .text.nrf_ble_gatt_att_mtu_periph_set
                0x000000000002c7b0       0x18 _build/nrf52832_xxaa/nrf_ble_gatt.c.o
                0x000000000002c7b0                nrf_ble_gatt_att_mtu_periph_set
 .text.nrf_ble_gatt_on_ble_evt
                0x000000000002c7c8      0x240 _build/nrf52832_xxaa/nrf_ble_gatt.c.o
                0x000000000002c7c8                nrf_ble_gatt_on_ble_evt
 .text.sd_ble_gatts_rw_authorize_reply
                0x000000000002ca08        0x4 _build/nrf52832_xxaa/nrf_ble_qwr.c.o
 .text.sd_ble_user_mem_reply
                0x000000000002ca0c        0x4 _build/nrf52832_xxaa/nrf_ble_qwr.c.o
 .text.nrf_ble_qwr_init
                0x000000000002ca10       0x24 _build/nrf52832_xxaa/nrf_ble_qwr.c.o
                0x000000000002ca10                nrf_ble_qwr_init
 .text.nrf_ble_qwr_conn_handle_assign
                0x000000000002ca34       0x18 _build/nrf52832_xxaa/nrf_ble_qwr.c.o
                0x000000000002ca34                nrf_ble_qwr_conn_handle_assign
 .text.nrf_ble_qwr_on_ble_evt
                0x000000000002ca4c       0xf8 _build/nrf52832_xxaa/nrf_ble_qwr.c.o
                0x000000000002ca4c                nrf_ble_qwr_on_ble_evt
 .text.sd_ble_gatts_service_add
                0x000000000002cb44        0x4 _build/nrf52832_xxaa/ble_nus.c.o
 .text.sd_ble_gatts_value_get
                0x000000000002cb48        0x4 _build/nrf52832_xxaa/ble_nus.c.o
 .text.sd_ble_gatts_hvx
                0x000000000002cb4c        0x4 _build/nrf52832_xxaa/ble_nus.c.o
 .text.sd_ble_uuid_vs_add
                0x000000000002cb50        0x4 _build/nrf52832_xxaa/ble_nus.c.o
 .text.ble_nus_on_ble_evt
                0x000000000002cb54      0x13c _build/nrf52832_xxaa/ble_nus.c.o
                0x000000000002cb54                ble_nus_on_ble_evt
 .text.ble_nus_init
                0x000000000002cc90       0xdc _build/nrf52832_xxaa/ble_nus.c.o
                0x000000000002cc90                ble_nus_init
 .text.ble_nus_data_send
                0x000000000002cd6c       0x68 _build/nrf52832_xxaa/ble_nus.c.o
                0x000000000002cd6c                ble_nus_data_send
 .text.sd_softdevice_enable
                0x000000000002cdd4        0x4 _build/nrf52832_xxaa/nrf_sdh.c.o
 .text.nrf_sdh_enable_request
                0x000000000002cdd8      0x114 _build/nrf52832_xxaa/nrf_sdh.c.o
                0x000000000002cdd8                nrf_sdh_enable_request
 .text.nrf_sdh_is_enabled
                0x000000000002ceec        0xc _build/nrf52832_xxaa/nrf_sdh.c.o
                0x000000000002ceec                nrf_sdh_is_enabled
 .text.SWI2_EGU2_IRQHandler
                0x000000000002cef8       0x2c _build/nrf52832_xxaa/nrf_sdh.c.o
                0x000000000002cef8                SWI2_EGU2_IRQHandler
 .text.sd_ble_enable
                0x000000000002cf24        0x4 _build/nrf52832_xxaa/nrf_sdh_ble.c.o
 .text.sd_ble_cfg_set
                0x000000000002cf28        0x4 _build/nrf52832_xxaa/nrf_sdh_ble.c.o
 .text.sd_ble_evt_get
                0x000000000002cf2c        0x4 _build/nrf52832_xxaa/nrf_sdh_ble.c.o
 .text.nrf_sdh_ble_evts_poll.part.1
                0x000000000002cf30       0x54 _build/nrf52832_xxaa/nrf_sdh_ble.c.o
 .text.nrf_sdh_ble_evts_poll
                0x000000000002cf84       0x10 _build/nrf52832_xxaa/nrf_sdh_ble.c.o
 .text.nrf_sdh_ble_default_cfg_set
                0x000000000002cf94      0x1bc _build/nrf52832_xxaa/nrf_sdh_ble.c.o
                0x000000000002cf94                nrf_sdh_ble_default_cfg_set
 .text.nrf_sdh_ble_enable
                0x000000000002d150       0x9c _build/nrf52832_xxaa/nrf_sdh_ble.c.o
                0x000000000002d150                nrf_sdh_ble_enable
 .text.sd_evt_get
                0x000000000002d1ec        0x4 _build/nrf52832_xxaa/nrf_sdh_soc.c.o
 .text.nrf_sdh_soc_evts_poll
                0x000000000002d1f0       0x4c _build/nrf52832_xxaa/nrf_sdh_soc.c.o
 .text.exit     0x000000000002d23c       0x28 /Users/anita/opt/gcc-arm-none-eabi-7-2017-q4-major/bin/../lib/gcc/arm-none-eabi/7.2.1/../../../../arm-none-eabi/lib/thumb/v7e-m/fpv4-sp/hard/libc_nano.a(lib_a-exit.o)
                0x000000000002d23c                exit
 .text.__libc_init_array
                0x000000000002d264       0x48 /Users/anita/opt/gcc-arm-none-eabi-7-2017-q4-major/bin/../lib/gcc/arm-none-eabi/7.2.1/../../../../arm-none-eabi/lib/thumb/v7e-m/fpv4-sp/hard/libc_nano.a(lib_a-init.o)
                0x000000000002d264                __libc_init_array
 .text.__locale_ctype_ptr
                0x000000000002d2ac       0x1c /Users/anita/opt/gcc-arm-none-eabi-7-2017-q4-major/bin/../lib/gcc/arm-none-eabi/7.2.1/../../../../arm-none-eabi/lib/thumb/v7e-m/fpv4-sp/hard/libc_nano.a(lib_a-locale.o)
                0x000000000002d2ac                __locale_ctype_ptr
 .text.__ascii_mbtowc
                0x000000000002d2c8       0x24 /Users/anita/opt/gcc-arm-none-eabi-7-2017-q4-major/bin/../lib/gcc/arm-none-eabi/7.2.1/../../../../arm-none-eabi/lib/thumb/v7e-m/fpv4-sp/hard/libc_nano.a(lib_a-mbtowc_r.o)
                0x000000000002d2c8                __ascii_mbtowc
 .text.memcpy   0x000000000002d2ec       0x16 /Users/anita/opt/gcc-arm-none-eabi-7-2017-q4-major/bin/../lib/gcc/arm-none-eabi/7.2.1/../../../../arm-none-eabi/lib/thumb/v7e-m/fpv4-sp/hard/libc_nano.a(lib_a-memcpy-stub.o)
                0x000000000002d2ec                memcpy
 .text.memset   0x000000000002d302       0x10 /Users/anita/opt/gcc-arm-none-eabi-7-2017-q4-major/bin/../lib/gcc/arm-none-eabi/7.2.1/../../../../arm-none-eabi/lib/thumb/v7e-m/fpv4-sp/hard/libc_nano.a(lib_a-memset.o)
                0x000000000002d302                memset
 *fill*         0x000000000002d312        0x2 
 .text.printf   0x000000000002d314       0x30 /Users/anita/opt/gcc-arm-none-eabi-7-2017-q4-major/bin/../lib/gcc/arm-none-eabi/7.2.1/../../../../arm-none-eabi/lib/thumb/v7e-m/fpv4-sp/hard/libc_nano.a(lib_a-printf.o)
                0x000000000002d314                printf
                0x000000000002d314                iprintf
 .text.strcpy   0x000000000002d344       0x10 /Users/anita/opt/gcc-arm-none-eabi-7-2017-q4-major/bin/../lib/gcc/arm-none-eabi/7.2.1/../../../../arm-none-eabi/lib/thumb/v7e-m/fpv4-sp/hard/libc_nano.a(lib_a-strcpy.o)
                0x000000000002d344                strcpy
 .text          0x000000000002d354       0x10 /Users/anita/opt/gcc-arm-none-eabi-7-2017-q4-major/bin/../lib/gcc/arm-none-eabi/7.2.1/../../../../arm-none-eabi/lib/thumb/v7e-m/fpv4-sp/hard/libc_nano.a(lib_a-strlen.o)
                0x000000000002d354                strlen
 .text.__ascii_wctomb
                0x000000000002d364       0x1a /Users/anita/opt/gcc-arm-none-eabi-7-2017-q4-major/bin/../lib/gcc/arm-none-eabi/7.2.1/../../../../arm-none-eabi/lib/thumb/v7e-m/fpv4-sp/hard/libc_nano.a(lib_a-wctomb_r.o)
                0x000000000002d364                __ascii_wctomb
 *fill*         0x000000000002d37e        0x2 
 .text.std      0x000000000002d380       0x48 /Users/anita/opt/gcc-arm-none-eabi-7-2017-q4-major/bin/../lib/gcc/arm-none-eabi/7.2.1/../../../../arm-none-eabi/lib/thumb/v7e-m/fpv4-sp/hard/libc_nano.a(lib_a-findfp.o)
 .text._cleanup_r
                0x000000000002d3c8        0xc /Users/anita/opt/gcc-arm-none-eabi-7-2017-q4-major/bin/../lib/gcc/arm-none-eabi/7.2.1/../../../../arm-none-eabi/lib/thumb/v7e-m/fpv4-sp/hard/libc_nano.a(lib_a-findfp.o)
                0x000000000002d3c8                _cleanup_r
 .text.__sfmoreglue
                0x000000000002d3d4       0x2c /Users/anita/opt/gcc-arm-none-eabi-7-2017-q4-major/bin/../lib/gcc/arm-none-eabi/7.2.1/../../../../arm-none-eabi/lib/thumb/v7e-m/fpv4-sp/hard/libc_nano.a(lib_a-findfp.o)
                0x000000000002d3d4                __sfmoreglue
 .text.__sinit  0x000000000002d400       0x60 /Users/anita/opt/gcc-arm-none-eabi-7-2017-q4-major/bin/../lib/gcc/arm-none-eabi/7.2.1/../../../../arm-none-eabi/lib/thumb/v7e-m/fpv4-sp/hard/libc_nano.a(lib_a-findfp.o)
                0x000000000002d400                __sinit
 .text.__sfp    0x000000000002d460       0x78 /Users/anita/opt/gcc-arm-none-eabi-7-2017-q4-major/bin/../lib/gcc/arm-none-eabi/7.2.1/../../../../arm-none-eabi/lib/thumb/v7e-m/fpv4-sp/hard/libc_nano.a(lib_a-findfp.o)
                0x000000000002d460                __sfp
 .text._fwalk_reent
                0x000000000002d4d8       0x3c /Users/anita/opt/gcc-arm-none-eabi-7-2017-q4-major/bin/../lib/gcc/arm-none-eabi/7.2.1/../../../../arm-none-eabi/lib/thumb/v7e-m/fpv4-sp/hard/libc_nano.a(lib_a-fwalk.o)
                0x000000000002d4d8                _fwalk_reent
 .text._malloc_r
                0x000000000002d514       0xb4 /Users/anita/opt/gcc-arm-none-eabi-7-2017-q4-major/bin/../lib/gcc/arm-none-eabi/7.2.1/../../../../arm-none-eabi/lib/thumb/v7e-m/fpv4-sp/hard/libc_nano.a(lib_a-nano-mallocr.o)
                0x000000000002d514                _malloc_r
 .text.__sfputc_r
                0x000000000002d5c8       0x2e /Users/anita/opt/gcc-arm-none-eabi-7-2017-q4-major/bin/../lib/gcc/arm-none-eabi/7.2.1/../../../../arm-none-eabi/lib/thumb/v7e-m/fpv4-sp/hard/libc_nano.a(lib_a-nano-vfprintf.o)
 .text.__sfputs_r
                0x000000000002d5f6       0x24 /Users/anita/opt/gcc-arm-none-eabi-7-2017-q4-major/bin/../lib/gcc/arm-none-eabi/7.2.1/../../../../arm-none-eabi/lib/thumb/v7e-m/fpv4-sp/hard/libc_nano.a(lib_a-nano-vfprintf.o)
                0x000000000002d5f6                __sfputs_r
 *fill*         0x000000000002d61a        0x2 
 .text._vfprintf_r
                0x000000000002d61c      0x228 /Users/anita/opt/gcc-arm-none-eabi-7-2017-q4-major/bin/../lib/gcc/arm-none-eabi/7.2.1/../../../../arm-none-eabi/lib/thumb/v7e-m/fpv4-sp/hard/libc_nano.a(lib_a-nano-vfprintf.o)
                0x000000000002d61c                _vfiprintf_r
                0x000000000002d61c                _vfprintf_r
 .text._printf_common
                0x000000000002d844       0xea /Users/anita/opt/gcc-arm-none-eabi-7-2017-q4-major/bin/../lib/gcc/arm-none-eabi/7.2.1/../../../../arm-none-eabi/lib/thumb/v7e-m/fpv4-sp/hard/libc_nano.a(lib_a-nano-vfprintf_i.o)
                0x000000000002d844                _printf_common
 *fill*         0x000000000002d92e        0x2 
 .text._printf_i
                0x000000000002d930      0x224 /Users/anita/opt/gcc-arm-none-eabi-7-2017-q4-major/bin/../lib/gcc/arm-none-eabi/7.2.1/../../../../arm-none-eabi/lib/thumb/v7e-m/fpv4-sp/hard/libc_nano.a(lib_a-nano-vfprintf_i.o)
                0x000000000002d930                _printf_i
 .text._sbrk_r  0x000000000002db54       0x20 /Users/anita/opt/gcc-arm-none-eabi-7-2017-q4-major/bin/../lib/gcc/arm-none-eabi/7.2.1/../../../../arm-none-eabi/lib/thumb/v7e-m/fpv4-sp/hard/libc_nano.a(lib_a-sbrkr.o)
                0x000000000002db54                _sbrk_r
 .text.__sread  0x000000000002db74       0x22 /Users/anita/opt/gcc-arm-none-eabi-7-2017-q4-major/bin/../lib/gcc/arm-none-eabi/7.2.1/../../../../arm-none-eabi/lib/thumb/v7e-m/fpv4-sp/hard/libc_nano.a(lib_a-stdio.o)
                0x000000000002db74                __sread
 .text.__swrite
                0x000000000002db96       0x38 /Users/anita/opt/gcc-arm-none-eabi-7-2017-q4-major/bin/../lib/gcc/arm-none-eabi/7.2.1/../../../../arm-none-eabi/lib/thumb/v7e-m/fpv4-sp/hard/libc_nano.a(lib_a-stdio.o)
                0x000000000002db96                __swrite
 .text.__sseek  0x000000000002dbce       0x24 /Users/anita/opt/gcc-arm-none-eabi-7-2017-q4-major/bin/../lib/gcc/arm-none-eabi/7.2.1/../../../../arm-none-eabi/lib/thumb/v7e-m/fpv4-sp/hard/libc_nano.a(lib_a-stdio.o)
                0x000000000002dbce                __sseek
 .text.__sclose
                0x000000000002dbf2        0x8 /Users/anita/opt/gcc-arm-none-eabi-7-2017-q4-major/bin/../lib/gcc/arm-none-eabi/7.2.1/../../../../arm-none-eabi/lib/thumb/v7e-m/fpv4-sp/hard/libc_nano.a(lib_a-stdio.o)
                0x000000000002dbf2                __sclose
 *fill*         0x000000000002dbfa        0x2 
 .text.__swbuf_r
                0x000000000002dbfc       0xa4 /Users/anita/opt/gcc-arm-none-eabi-7-2017-q4-major/bin/../lib/gcc/arm-none-eabi/7.2.1/../../../../arm-none-eabi/lib/thumb/v7e-m/fpv4-sp/hard/libc_nano.a(lib_a-wbuf.o)
                0x000000000002dbfc                __swbuf_r
 .text._write_r
                0x000000000002dca0       0x24 /Users/anita/opt/gcc-arm-none-eabi-7-2017-q4-major/bin/../lib/gcc/arm-none-eabi/7.2.1/../../../../arm-none-eabi/lib/thumb/v7e-m/fpv4-sp/hard/libc_nano.a(lib_a-writer.o)
                0x000000000002dca0                _write_r
 .text.__swsetup_r
                0x000000000002dcc4       0xdc /Users/anita/opt/gcc-arm-none-eabi-7-2017-q4-major/bin/../lib/gcc/arm-none-eabi/7.2.1/../../../../arm-none-eabi/lib/thumb/v7e-m/fpv4-sp/hard/libc_nano.a(lib_a-wsetup.o)
                0x000000000002dcc4                __swsetup_r
 .text._close_r
                0x000000000002dda0       0x20 /Users/anita/opt/gcc-arm-none-eabi-7-2017-q4-major/bin/../lib/gcc/arm-none-eabi/7.2.1/../../../../arm-none-eabi/lib/thumb/v7e-m/fpv4-sp/hard/libc_nano.a(lib_a-closer.o)
                0x000000000002dda0                _close_r
 .text.__sflush_r
                0x000000000002ddc0      0x10c /Users/anita/opt/gcc-arm-none-eabi-7-2017-q4-major/bin/../lib/gcc/arm-none-eabi/7.2.1/../../../../arm-none-eabi/lib/thumb/v7e-m/fpv4-sp/hard/libc_nano.a(lib_a-fflush.o)
                0x000000000002ddc0                __sflush_r
 .text._fflush_r
                0x000000000002decc       0x54 /Users/anita/opt/gcc-arm-none-eabi-7-2017-q4-major/bin/../lib/gcc/arm-none-eabi/7.2.1/../../../../arm-none-eabi/lib/thumb/v7e-m/fpv4-sp/hard/libc_nano.a(lib_a-fflush.o)
                0x000000000002decc                _fflush_r
 .text._lseek_r
                0x000000000002df20       0x24 /Users/anita/opt/gcc-arm-none-eabi-7-2017-q4-major/bin/../lib/gcc/arm-none-eabi/7.2.1/../../../../arm-none-eabi/lib/thumb/v7e-m/fpv4-sp/hard/libc_nano.a(lib_a-lseekr.o)
                0x000000000002df20                _lseek_r
 .text.__swhatbuf_r
                0x000000000002df44       0x48 /Users/anita/opt/gcc-arm-none-eabi-7-2017-q4-major/bin/../lib/gcc/arm-none-eabi/7.2.1/../../../../arm-none-eabi/lib/thumb/v7e-m/fpv4-sp/hard/libc_nano.a(lib_a-makebuf.o)
                0x000000000002df44                __swhatbuf_r
 .text.__smakebuf_r
                0x000000000002df8c       0x80 /Users/anita/opt/gcc-arm-none-eabi-7-2017-q4-major/bin/../lib/gcc/arm-none-eabi/7.2.1/../../../../arm-none-eabi/lib/thumb/v7e-m/fpv4-sp/hard/libc_nano.a(lib_a-makebuf.o)
                0x000000000002df8c                __smakebuf_r
 *fill*         0x000000000002e00c        0x4 
 .text          0x000000000002e010       0xa0 /Users/anita/opt/gcc-arm-none-eabi-7-2017-q4-major/bin/../lib/gcc/arm-none-eabi/7.2.1/../../../../arm-none-eabi/lib/thumb/v7e-m/fpv4-sp/hard/libc_nano.a(lib_a-memchr.o)
                0x000000000002e010                memchr
 .text.__malloc_lock
                0x000000000002e0b0        0x2 /Users/anita/opt/gcc-arm-none-eabi-7-2017-q4-major/bin/../lib/gcc/arm-none-eabi/7.2.1/../../../../arm-none-eabi/lib/thumb/v7e-m/fpv4-sp/hard/libc_nano.a(lib_a-mlock.o)
                0x000000000002e0b0                __malloc_lock
 .text.__malloc_unlock
                0x000000000002e0b2        0x2 /Users/anita/opt/gcc-arm-none-eabi-7-2017-q4-major/bin/../lib/gcc/arm-none-eabi/7.2.1/../../../../arm-none-eabi/lib/thumb/v7e-m/fpv4-sp/hard/libc_nano.a(lib_a-mlock.o)
                0x000000000002e0b2                __malloc_unlock
 .text._free_r  0x000000000002e0b4       0x9c /Users/anita/opt/gcc-arm-none-eabi-7-2017-q4-major/bin/../lib/gcc/arm-none-eabi/7.2.1/../../../../arm-none-eabi/lib/thumb/v7e-m/fpv4-sp/hard/libc_nano.a(lib_a-nano-freer.o)
                0x000000000002e0b4                _free_r
 .text._read_r  0x000000000002e150       0x24 /Users/anita/opt/gcc-arm-none-eabi-7-2017-q4-major/bin/../lib/gcc/arm-none-eabi/7.2.1/../../../../arm-none-eabi/lib/thumb/v7e-m/fpv4-sp/hard/libc_nano.a(lib_a-readr.o)
                0x000000000002e150                _read_r
 .text._fstat_r
                0x000000000002e174       0x24 /Users/anita/opt/gcc-arm-none-eabi-7-2017-q4-major/bin/../lib/gcc/arm-none-eabi/7.2.1/../../../../arm-none-eabi/lib/thumb/v7e-m/fpv4-sp/hard/libc_nano.a(lib_a-fstatr.o)
                0x000000000002e174                _fstat_r
 .text._isatty_r
                0x000000000002e198       0x20 /Users/anita/opt/gcc-arm-none-eabi-7-2017-q4-major/bin/../lib/gcc/arm-none-eabi/7.2.1/../../../../arm-none-eabi/lib/thumb/v7e-m/fpv4-sp/hard/libc_nano.a(lib_a-isattyr.o)
                0x000000000002e198                _isatty_r
 .text._close   0x000000000002e1b8       0x10 /Users/anita/opt/gcc-arm-none-eabi-7-2017-q4-major/bin/../lib/gcc/arm-none-eabi/7.2.1/../../../../arm-none-eabi/lib/thumb/v7e-m/fpv4-sp/hard/libnosys.a(close.o)
                0x000000000002e1b8                _close
 .text._fstat   0x000000000002e1c8       0x10 /Users/anita/opt/gcc-arm-none-eabi-7-2017-q4-major/bin/../lib/gcc/arm-none-eabi/7.2.1/../../../../arm-none-eabi/lib/thumb/v7e-m/fpv4-sp/hard/libnosys.a(fstat.o)
                0x000000000002e1c8                _fstat
 .text._isatty  0x000000000002e1d8       0x10 /Users/anita/opt/gcc-arm-none-eabi-7-2017-q4-major/bin/../lib/gcc/arm-none-eabi/7.2.1/../../../../arm-none-eabi/lib/thumb/v7e-m/fpv4-sp/hard/libnosys.a(isatty.o)
                0x000000000002e1d8                _isatty
 .text._lseek   0x000000000002e1e8       0x10 /Users/anita/opt/gcc-arm-none-eabi-7-2017-q4-major/bin/../lib/gcc/arm-none-eabi/7.2.1/../../../../arm-none-eabi/lib/thumb/v7e-m/fpv4-sp/hard/libnosys.a(lseek.o)
                0x000000000002e1e8                _lseek
 .text._sbrk    0x000000000002e1f8       0x1c /Users/anita/opt/gcc-arm-none-eabi-7-2017-q4-major/bin/../lib/gcc/arm-none-eabi/7.2.1/../../../../arm-none-eabi/lib/thumb/v7e-m/fpv4-sp/hard/libnosys.a(sbrk.o)
                0x000000000002e1f8                _sbrk
 .text._exit    0x000000000002e214        0x4 /Users/anita/opt/gcc-arm-none-eabi-7-2017-q4-major/bin/../lib/gcc/arm-none-eabi/7.2.1/../../../../arm-none-eabi/lib/thumb/v7e-m/fpv4-sp/hard/libnosys.a(_exit.o)
                0x000000000002e214                _exit
 .text          0x000000000002e218       0x30 /Users/anita/opt/gcc-arm-none-eabi-7-2017-q4-major/bin/../lib/gcc/arm-none-eabi/7.2.1/thumb/v7e-m/fpv4-sp/hard/libgcc.a(_aeabi_uldivmod.o)
                0x000000000002e218                __aeabi_uldivmod
 .text          0x000000000002e248      0x2cc /Users/anita/opt/gcc-arm-none-eabi-7-2017-q4-major/bin/../lib/gcc/arm-none-eabi/7.2.1/thumb/v7e-m/fpv4-sp/hard/libgcc.a(_udivmoddi4.o)
                0x000000000002e248                __udivmoddi4
 .text          0x000000000002e514        0x4 /Users/anita/opt/gcc-arm-none-eabi-7-2017-q4-major/bin/../lib/gcc/arm-none-eabi/7.2.1/thumb/v7e-m/fpv4-sp/hard/libgcc.a(_dvmd_tls.o)
                0x000000000002e514                __aeabi_ldiv0
                0x000000000002e514                __aeabi_idiv0
 *(.init)
 .init          0x000000000002e518        0x4 /Users/anita/opt/gcc-arm-none-eabi-7-2017-q4-major/bin/../lib/gcc/arm-none-eabi/7.2.1/thumb/v7e-m/fpv4-sp/hard/crti.o
                0x000000000002e518                _init
 .init          0x000000000002e51c        0x8 /Users/anita/opt/gcc-arm-none-eabi-7-2017-q4-major/bin/../lib/gcc/arm-none-eabi/7.2.1/thumb/v7e-m/fpv4-sp/hard/crtn.o
 *(.fini)
 .fini          0x000000000002e524        0x4 /Users/anita/opt/gcc-arm-none-eabi-7-2017-q4-major/bin/../lib/gcc/arm-none-eabi/7.2.1/thumb/v7e-m/fpv4-sp/hard/crti.o
                0x000000000002e524                _fini
 .fini          0x000000000002e528        0x8 /Users/anita/opt/gcc-arm-none-eabi-7-2017-q4-major/bin/../lib/gcc/arm-none-eabi/7.2.1/thumb/v7e-m/fpv4-sp/hard/crtn.o
 *crtbegin.o(.ctors)
 *crtbegin?.o(.ctors)
 *(EXCLUDE_FILE(*crtend.o *crtend?.o) .ctors)
 *(SORT_BY_NAME(.ctors.*))
 *(.ctors)
 *crtbegin.o(.dtors)
 *crtbegin?.o(.dtors)
 *(EXCLUDE_FILE(*crtend.o *crtend?.o) .dtors)
 *(SORT_BY_NAME(.dtors.*))
 *(.dtors)
 *(.rodata*)
 .rodata.delay_bytecode.8972
                0x000000000002e530        0x6 _build/nrf52832_xxaa/nrf_log_backend_rtt.c.o
 *fill*         0x000000000002e536        0x2 
 .rodata.nrf_log_backend_rtt_api
                0x000000000002e538        0xc _build/nrf52832_xxaa/nrf_log_backend_rtt.c.o
                0x000000000002e538                nrf_log_backend_rtt_api
 .rodata.str1.4
                0x000000000002e544       0x10 _build/nrf52832_xxaa/nrf_log_default_backends.c.o
 .rodata.m_log_push_ringbuf
                0x000000000002e554        0xc _build/nrf52832_xxaa/nrf_log_frontend.c.o
 .rodata.nrf_log_frontend_dequeue.part.6.str1.4
                0x000000000002e560       0x11 _build/nrf52832_xxaa/nrf_log_frontend.c.o
 *fill*         0x000000000002e571        0x3 
 .rodata.str1.4
                0x000000000002e574        0x4 _build/nrf52832_xxaa/nrf_log_frontend.c.o
 .rodata.m_colors
                0x000000000002e578       0x24 _build/nrf52832_xxaa/nrf_log_str_formatter.c.o
 .rodata.nrf_log_hexdump_entry_process.str1.4
                0x000000000002e59c       0x13 _build/nrf52832_xxaa/nrf_log_str_formatter.c.o
                                         0x16 (size before relaxing)
 *fill*         0x000000000002e5af        0x1 
 .rodata.nrf_log_std_entry_process.str1.4
                0x000000000002e5b0       0x3b _build/nrf52832_xxaa/nrf_log_str_formatter.c.o
 *fill*         0x000000000002e5eb        0x1 
 .rodata.severity_names
                0x000000000002e5ec       0x14 _build/nrf52832_xxaa/nrf_log_str_formatter.c.o
 .rodata.str1.4
                0x000000000002e600       0x56 _build/nrf52832_xxaa/nrf_log_str_formatter.c.o
 *fill*         0x000000000002e656        0x2 
 .rodata.m_detection_delay_timer_id
                0x000000000002e658        0x4 _build/nrf52832_xxaa/app_button.c.o
 .rodata.app_error_fault_handler.str1.4
                0x000000000002e65c       0x19 _build/nrf52832_xxaa/app_error_weak.c.o
 *fill*         0x000000000002e675        0xb 
 .rodata.delay_bytecode.8696
                0x000000000002e680        0x6 _build/nrf52832_xxaa/app_timer.c.o
 *fill*         0x000000000002e686        0x2 
 .rodata        0x000000000002e688       0x20 _build/nrf52832_xxaa/app_uart_fifo.c.o
 .rodata._aV2C.7399
                0x000000000002e6a8       0x10 _build/nrf52832_xxaa/nrf_fprintf_format.c.o
 .rodata.pwr_mgmt_data
                0x000000000002e6b8        0xc _build/nrf52832_xxaa/nrf_pwr_mgmt.c.o
 .rodata.str1.4
                0x000000000002e6c4        0x9 _build/nrf52832_xxaa/nrf_pwr_mgmt.c.o
 *fill*         0x000000000002e6cd        0x3 
 .rodata.m_unknown_str
                0x000000000002e6d0       0x13 _build/nrf52832_xxaa/nrf_strerror.c.o
 *fill*         0x000000000002e6e3        0x1 
 .rodata.nrf_strerror_array
                0x000000000002e6e4      0x128 _build/nrf52832_xxaa/nrf_strerror.c.o
 .rodata.str1.4
                0x000000000002e80c      0x3e9 _build/nrf52832_xxaa/nrf_strerror.c.o
 *fill*         0x000000000002ebf5        0x3 
 .rodata.m_board_btn_list
                0x000000000002ebf8        0x4 _build/nrf52832_xxaa/boards.c.o
 .rodata.m_board_led_list
                0x000000000002ebfc        0x4 _build/nrf52832_xxaa/boards.c.o
 .rodata.str1.4
                0x000000000002ec00        0x6 _build/nrf52832_xxaa/nrf_drv_clock.c.o
 *fill*         0x000000000002ec06        0x2 
 .rodata.str1.4
                0x000000000002ec08        0x6 _build/nrf52832_xxaa/nrfx_clock.c.o
 *fill*         0x000000000002ec0e        0x2 
 .rodata.str1.4
                0x000000000002ec10        0x7 _build/nrf52832_xxaa/nrfx_gpiote.c.o
 *fill*         0x000000000002ec17        0x1 
 .rodata.str1.4
                0x000000000002ec18        0x4 _build/nrf52832_xxaa/nrfx_prs.c.o
 .rodata.str1.4
                0x000000000002ec1c        0x5 _build/nrf52832_xxaa/nrfx_uart.c.o
 *fill*         0x000000000002ec21        0x3 
 .rodata.str1.4
                0x000000000002ec24        0x6 _build/nrf52832_xxaa/nrfx_uarte.c.o
 *fill*         0x000000000002ec2a        0x2 
 .rodata.app_buttons
                0x000000000002ec2c       0x20 _build/nrf52832_xxaa/bsp.c.o
 .rodata.m_bsp_alert_tmr
                0x000000000002ec4c        0x4 _build/nrf52832_xxaa/bsp.c.o
 .rodata.m_bsp_button_tmr
                0x000000000002ec50        0x4 _build/nrf52832_xxaa/bsp.c.o
 .rodata.m_bsp_leds_tmr
                0x000000000002ec54        0x4 _build/nrf52832_xxaa/bsp.c.o
 .rodata        0x000000000002ec58       0x18 _build/nrf52832_xxaa/main.c.o
 .rodata.ble_evt_handler.str1.4
                0x000000000002ec70       0x19 _build/nrf52832_xxaa/main.c.o
 *fill*         0x000000000002ec89        0x3 
 .rodata.gatt_evt_handler.str1.4
                0x000000000002ec8c       0x1c _build/nrf52832_xxaa/main.c.o
 .rodata.main.str1.4
                0x000000000002eca8       0x49 _build/nrf52832_xxaa/main.c.o
 *fill*         0x000000000002ecf1        0x3 
 .rodata.nus_data_handler.str1.4
                0x000000000002ecf4       0x2b _build/nrf52832_xxaa/main.c.o
 *fill*         0x000000000002ed1f        0x1 
 .rodata.SEGGER_RTT_ReadNoLock.str1.4
                0x000000000002ed20       0x17 _build/nrf52832_xxaa/SEGGER_RTT.c.o
 *fill*         0x000000000002ed37        0x1 
 .rodata.nrf_ble_gatt_data_length_set.str1.4
                0x000000000002ed38       0xe2 _build/nrf52832_xxaa/nrf_ble_gatt.c.o
 *fill*         0x000000000002ee1a        0x2 
 .rodata.nrf_ble_gatt_on_ble_evt.str1.4
                0x000000000002ee1c       0x63 _build/nrf52832_xxaa/nrf_ble_gatt.c.o
 *fill*         0x000000000002ee7f        0x1 
 .rodata.str1.4
                0x000000000002ee80        0xd _build/nrf52832_xxaa/nrf_ble_gatt.c.o
 *fill*         0x000000000002ee8d        0x3 
 .rodata        0x000000000002ee90       0x10 _build/nrf52832_xxaa/ble_nus.c.o
 .rodata.str1.4
                0x000000000002eea0        0x8 _build/nrf52832_xxaa/ble_nus.c.o
 .rodata        0x000000000002eea8        0x4 _build/nrf52832_xxaa/nrf_sdh.c.o
 .rodata.sdh_req_observers
                0x000000000002eeac        0xc _build/nrf52832_xxaa/nrf_sdh.c.o
 .rodata.sdh_stack_observers
                0x000000000002eeb8        0xc _build/nrf52832_xxaa/nrf_sdh.c.o
 .rodata.sdh_state_observers
                0x000000000002eec4        0xc _build/nrf52832_xxaa/nrf_sdh.c.o
 .rodata.str1.4
                0x000000000002eed0        0x8 _build/nrf52832_xxaa/nrf_sdh.c.o
 .rodata.nrf_sdh_ble_default_cfg_set.str1.4
                0x000000000002eed8      0x1cf _build/nrf52832_xxaa/nrf_sdh_ble.c.o
 *fill*         0x000000000002f0a7        0x1 
 .rodata.nrf_sdh_ble_enable.str1.4
                0x000000000002f0a8       0xad _build/nrf52832_xxaa/nrf_sdh_ble.c.o
 *fill*         0x000000000002f155        0x3 
 .rodata.sdh_ble_observers
                0x000000000002f158        0xc _build/nrf52832_xxaa/nrf_sdh_ble.c.o
 .rodata.str1.4
                0x000000000002f164        0xc _build/nrf52832_xxaa/nrf_sdh_ble.c.o
 .rodata.sdh_soc_observers
                0x000000000002f170        0xc _build/nrf52832_xxaa/nrf_sdh_soc.c.o
 .rodata.str1.4
                0x000000000002f17c        0xc _build/nrf52832_xxaa/nrf_sdh_soc.c.o
 .rodata._global_impure_ptr
                0x000000000002f188        0x4 /Users/anita/opt/gcc-arm-none-eabi-7-2017-q4-major/bin/../lib/gcc/arm-none-eabi/7.2.1/../../../../arm-none-eabi/lib/thumb/v7e-m/fpv4-sp/hard/libc_nano.a(lib_a-impure.o)
                0x000000000002f188                _global_impure_ptr
 .rodata._setlocale_r.str1.1
                0x000000000002f18c        0x8 /Users/anita/opt/gcc-arm-none-eabi-7-2017-q4-major/bin/../lib/gcc/arm-none-eabi/7.2.1/../../../../arm-none-eabi/lib/thumb/v7e-m/fpv4-sp/hard/libc_nano.a(lib_a-locale.o)
                                          0x9 (size before relaxing)
 .rodata.str1.1
                0x000000000002f194        0x2 /Users/anita/opt/gcc-arm-none-eabi-7-2017-q4-major/bin/../lib/gcc/arm-none-eabi/7.2.1/../../../../arm-none-eabi/lib/thumb/v7e-m/fpv4-sp/hard/libc_nano.a(lib_a-locale.o)
 .rodata._ctype_
                0x000000000002f196      0x101 /Users/anita/opt/gcc-arm-none-eabi-7-2017-q4-major/bin/../lib/gcc/arm-none-eabi/7.2.1/../../../../arm-none-eabi/lib/thumb/v7e-m/fpv4-sp/hard/libc_nano.a(lib_a-ctype_.o)
                0x000000000002f196                _ctype_
 *fill*         0x000000000002f297        0x1 
 .rodata.__sf_fake_stderr
                0x000000000002f298       0x20 /Users/anita/opt/gcc-arm-none-eabi-7-2017-q4-major/bin/../lib/gcc/arm-none-eabi/7.2.1/../../../../arm-none-eabi/lib/thumb/v7e-m/fpv4-sp/hard/libc_nano.a(lib_a-findfp.o)
                0x000000000002f298                __sf_fake_stderr
 .rodata.__sf_fake_stdin
                0x000000000002f2b8       0x20 /Users/anita/opt/gcc-arm-none-eabi-7-2017-q4-major/bin/../lib/gcc/arm-none-eabi/7.2.1/../../../../arm-none-eabi/lib/thumb/v7e-m/fpv4-sp/hard/libc_nano.a(lib_a-findfp.o)
                0x000000000002f2b8                __sf_fake_stdin
 .rodata.__sf_fake_stdout
                0x000000000002f2d8       0x20 /Users/anita/opt/gcc-arm-none-eabi-7-2017-q4-major/bin/../lib/gcc/arm-none-eabi/7.2.1/../../../../arm-none-eabi/lib/thumb/v7e-m/fpv4-sp/hard/libc_nano.a(lib_a-findfp.o)
                0x000000000002f2d8                __sf_fake_stdout
 .rodata._vfprintf_r.str1.1
                0x000000000002f2f8       0x11 /Users/anita/opt/gcc-arm-none-eabi-7-2017-q4-major/bin/../lib/gcc/arm-none-eabi/7.2.1/../../../../arm-none-eabi/lib/thumb/v7e-m/fpv4-sp/hard/libc_nano.a(lib_a-nano-vfprintf.o)
 .rodata._printf_i.str1.1
                0x000000000002f309       0x22 /Users/anita/opt/gcc-arm-none-eabi-7-2017-q4-major/bin/../lib/gcc/arm-none-eabi/7.2.1/../../../../arm-none-eabi/lib/thumb/v7e-m/fpv4-sp/hard/libc_nano.a(lib_a-nano-vfprintf_i.o)
 *(.eh_frame*)
 *fill*         0x000000000002f32b        0x1 
 .eh_frame      0x000000000002f32c        0x0 /Users/anita/opt/gcc-arm-none-eabi-7-2017-q4-major/bin/../lib/gcc/arm-none-eabi/7.2.1/thumb/v7e-m/fpv4-sp/hard/crtbegin.o
 .eh_frame      0x000000000002f32c        0x4 /Users/anita/opt/gcc-arm-none-eabi-7-2017-q4-major/bin/../lib/gcc/arm-none-eabi/7.2.1/thumb/v7e-m/fpv4-sp/hard/crtend.o

.glue_7         0x000000000002f330        0x0
 .glue_7        0x000000000002f330        0x0 linker stubs

.glue_7t        0x000000000002f330        0x0
 .glue_7t       0x000000000002f330        0x0 linker stubs

.vfp11_veneer   0x000000000002f330        0x0
 .vfp11_veneer  0x000000000002f330        0x0 linker stubs

.v4_bx          0x000000000002f330        0x0
 .v4_bx         0x000000000002f330        0x0 linker stubs

.iplt           0x000000000002f330        0x0
 .iplt          0x000000000002f330        0x0 /Users/anita/opt/gcc-arm-none-eabi-7-2017-q4-major/bin/../lib/gcc/arm-none-eabi/7.2.1/thumb/v7e-m/fpv4-sp/hard/crtbegin.o

.mem_section_dummy_rom

.sdh_soc_observers
                0x000000000002f330       0x10
                0x000000000002f330                PROVIDE (__start_sdh_soc_observers, .)
 *(SORT_BY_NAME(.sdh_soc_observers*))
 .sdh_soc_observers0
                0x000000000002f330        0x8 _build/nrf52832_xxaa/nrf_drv_clock.c.o
 .sdh_soc_observers1
                0x000000000002f338        0x8 _build/nrf52832_xxaa/main.c.o
                0x000000000002f340                PROVIDE (__stop_sdh_soc_observers, .)

.sdh_ble_observers
                0x000000000002f340       0x40
                0x000000000002f340                PROVIDE (__start_sdh_ble_observers, .)
 *(SORT_BY_NAME(.sdh_ble_observers*))
 .sdh_ble_observers0
                0x000000000002f340        0x8 _build/nrf52832_xxaa/ble_conn_state.c.o
 .sdh_ble_observers1
                0x000000000002f348        0x8 _build/nrf52832_xxaa/bsp_btn_ble.c.o
 .sdh_ble_observers1
                0x000000000002f350       0x10 _build/nrf52832_xxaa/main.c.o
 .sdh_ble_observers1
                0x000000000002f360        0x8 _build/nrf52832_xxaa/ble_conn_params.c.o
 .sdh_ble_observers2
                0x000000000002f368       0x10 _build/nrf52832_xxaa/main.c.o
 .sdh_ble_observers3
                0x000000000002f378        0x8 _build/nrf52832_xxaa/main.c.o
                0x000000000002f380                PROVIDE (__stop_sdh_ble_observers, .)

.pwr_mgmt_data  0x000000000002f380        0x0
                0x000000000002f380                PROVIDE (__start_pwr_mgmt_data, .)
 *(SORT_BY_NAME(.pwr_mgmt_data*))
                0x000000000002f380                PROVIDE (__stop_pwr_mgmt_data, .)

.sdh_stack_observers
                0x000000000002f380       0x10
                0x000000000002f380                PROVIDE (__start_sdh_stack_observers, .)
 *(SORT_BY_NAME(.sdh_stack_observers*))
 .sdh_stack_observers0
                0x000000000002f380        0x8 _build/nrf52832_xxaa/nrf_sdh_ble.c.o
 .sdh_stack_observers0
                0x000000000002f388        0x8 _build/nrf52832_xxaa/nrf_sdh_soc.c.o
                0x000000000002f390                PROVIDE (__stop_sdh_stack_observers, .)

.sdh_req_observers
                0x000000000002f390        0x0
                0x000000000002f390                PROVIDE (__start_sdh_req_observers, .)
 *(SORT_BY_NAME(.sdh_req_observers*))
                0x000000000002f390                PROVIDE (__stop_sdh_req_observers, .)

.sdh_state_observers
                0x000000000002f390        0x8
                0x000000000002f390                PROVIDE (__start_sdh_state_observers, .)
 *(SORT_BY_NAME(.sdh_state_observers*))
 .sdh_state_observers0
                0x000000000002f390        0x8 _build/nrf52832_xxaa/nrf_drv_clock.c.o
                0x000000000002f398                PROVIDE (__stop_sdh_state_observers, .)

.nrf_queue      0x000000000002f398        0x0
                [!provide]                        PROVIDE (__start_nrf_queue, .)
 *(.nrf_queue)
                [!provide]                        PROVIDE (__stop_nrf_queue, .)

.nrf_balloc     0x000000000002f398       0x14
                [!provide]                        PROVIDE (__start_nrf_balloc, .)
 *(.nrf_balloc)
 .nrf_balloc    0x000000000002f398       0x14 _build/nrf52832_xxaa/nrf_log_frontend.c.o
                0x000000000002f398                log_mempool
                [!provide]                        PROVIDE (__stop_nrf_balloc, .)

.cli_command    0x000000000002f3ac        0x0
                [!provide]                        PROVIDE (__start_cli_command, .)
 *(.cli_command)
                [!provide]                        PROVIDE (__stop_cli_command, .)

.crypto_data    0x000000000002f3ac        0x0
                [!provide]                        PROVIDE (__start_crypto_data, .)
 *(SORT_BY_NAME(.crypto_data*))
                [!provide]                        PROVIDE (__stop_crypto_data, .)

.log_const_data
                0x000000000002f3ac       0x68
                0x000000000002f3ac                PROVIDE (__start_log_const_data, .)
 *(SORT_BY_NAME(.log_const_data*))
 .log_const_data_CLOCK
                0x000000000002f3ac        0x8 _build/nrf52832_xxaa/nrfx_clock.c.o
                0x000000000002f3ac                m_nrf_log_CLOCK_logs_data_const
 .log_const_data_GPIOTE
                0x000000000002f3b4        0x8 _build/nrf52832_xxaa/nrfx_gpiote.c.o
                0x000000000002f3b4                m_nrf_log_GPIOTE_logs_data_const
 .log_const_data_PRS
                0x000000000002f3bc        0x8 _build/nrf52832_xxaa/nrfx_prs.c.o
                0x000000000002f3bc                m_nrf_log_PRS_logs_data_const
 .log_const_data_UART
                0x000000000002f3c4        0x8 _build/nrf52832_xxaa/nrfx_uart.c.o
                0x000000000002f3c4                m_nrf_log_UART_logs_data_const
 .log_const_data_UARTE
                0x000000000002f3cc        0x8 _build/nrf52832_xxaa/nrfx_uarte.c.o
                0x000000000002f3cc                m_nrf_log_UARTE_logs_data_const
 .log_const_data_app
                0x000000000002f3d4        0x8 _build/nrf52832_xxaa/nrf_log_frontend.c.o
                0x000000000002f3d4                m_nrf_log_app_logs_data_const
 .log_const_data_ble_nus
                0x000000000002f3dc        0x8 _build/nrf52832_xxaa/ble_nus.c.o
                0x000000000002f3dc                m_nrf_log_ble_nus_logs_data_const
 .log_const_data_clock
                0x000000000002f3e4        0x8 _build/nrf52832_xxaa/nrf_drv_clock.c.o
                0x000000000002f3e4                m_nrf_log_clock_logs_data_const
 .log_const_data_nrf_ble_gatt
                0x000000000002f3ec        0x8 _build/nrf52832_xxaa/nrf_ble_gatt.c.o
                0x000000000002f3ec                m_nrf_log_nrf_ble_gatt_logs_data_const
 .log_const_data_nrf_sdh
                0x000000000002f3f4        0x8 _build/nrf52832_xxaa/nrf_sdh.c.o
                0x000000000002f3f4                m_nrf_log_nrf_sdh_logs_data_const
 .log_const_data_nrf_sdh_ble
                0x000000000002f3fc        0x8 _build/nrf52832_xxaa/nrf_sdh_ble.c.o
                0x000000000002f3fc                m_nrf_log_nrf_sdh_ble_logs_data_const
 .log_const_data_nrf_sdh_soc
                0x000000000002f404        0x8 _build/nrf52832_xxaa/nrf_sdh_soc.c.o
                0x000000000002f404                m_nrf_log_nrf_sdh_soc_logs_data_const
 .log_const_data_pwr_mgmt
                0x000000000002f40c        0x8 _build/nrf52832_xxaa/nrf_pwr_mgmt.c.o
                0x000000000002f40c                m_nrf_log_pwr_mgmt_logs_data_const
                0x000000000002f414                PROVIDE (__stop_log_const_data, .)

.log_backends   0x000000000002f414       0x10
                [!provide]                        PROVIDE (__start_log_backends, .)
 *(SORT_BY_NAME(.log_backends*))
 .log_backends  0x000000000002f414       0x10 _build/nrf52832_xxaa/nrf_log_default_backends.c.o
                [!provide]                        PROVIDE (__stop_log_backends, .)

.ARM.extab
 *(.ARM.extab* .gnu.linkonce.armextab.*)
                0x000000000002f424                __exidx_start = .

.ARM.exidx      0x000000000002f424        0x8
 *(.ARM.exidx* .gnu.linkonce.armexidx.*)
 .ARM.exidx     0x000000000002f424        0x8 /Users/anita/opt/gcc-arm-none-eabi-7-2017-q4-major/bin/../lib/gcc/arm-none-eabi/7.2.1/../../../../arm-none-eabi/lib/thumb/v7e-m/fpv4-sp/hard/crt0.o
 .ARM.exidx     0x000000000002f42c        0x0 /Users/anita/opt/gcc-arm-none-eabi-7-2017-q4-major/bin/../lib/gcc/arm-none-eabi/7.2.1/thumb/v7e-m/fpv4-sp/hard/libgcc.a(_udivmoddi4.o)
                                          0x8 (size before relaxing)
                0x000000000002f42c                __exidx_end = .
                0x000000000002f42c                __etext = .

.rel.dyn        0x000000000002f42c        0x0
 .rel.iplt      0x000000000002f42c        0x0 /Users/anita/opt/gcc-arm-none-eabi-7-2017-q4-major/bin/../lib/gcc/arm-none-eabi/7.2.1/thumb/v7e-m/fpv4-sp/hard/crtbegin.o

.data           0x0000000020002a98      0x224 load address 0x000000000002f42c
                0x0000000020002a98                __data_start__ = .
 *(vtable)
 *(.data*)
 .data.log_backend_cb_rtt_log_backend
                0x0000000020002a98        0x8 _build/nrf52832_xxaa/nrf_log_default_backends.c.o
 .data.app_uart_inst
                0x0000000020002aa0       0x14 _build/nrf52832_xxaa/app_uart_fifo.c.o
 .data.SystemCoreClock
                0x0000000020002ab4        0x4 _build/nrf52832_xxaa/system_nrf52.c.o
                0x0000000020002ab4                SystemCoreClock
 .data.m_adv_uuids
                0x0000000020002ab8        0x4 _build/nrf52832_xxaa/main.c.o
 .data.m_ble_nus_max_data_len
                0x0000000020002abc        0x2 _build/nrf52832_xxaa/main.c.o
 .data.m_conn_handle
                0x0000000020002abe        0x2 _build/nrf52832_xxaa/main.c.o
 .data.m_nus    0x0000000020002ac0       0x1c _build/nrf52832_xxaa/main.c.o
 .data.m_nus_link_ctx_storage
                0x0000000020002adc        0x8 _build/nrf52832_xxaa/main.c.o
 .data._impure_ptr
                0x0000000020002ae4        0x4 /Users/anita/opt/gcc-arm-none-eabi-7-2017-q4-major/bin/../lib/gcc/arm-none-eabi/7.2.1/../../../../arm-none-eabi/lib/thumb/v7e-m/fpv4-sp/hard/libc_nano.a(lib_a-impure.o)
                0x0000000020002ae4                _impure_ptr
 .data.impure_data
                0x0000000020002ae8       0x60 /Users/anita/opt/gcc-arm-none-eabi-7-2017-q4-major/bin/../lib/gcc/arm-none-eabi/7.2.1/../../../../arm-none-eabi/lib/thumb/v7e-m/fpv4-sp/hard/libc_nano.a(lib_a-impure.o)
 .data.__global_locale
                0x0000000020002b48      0x16c /Users/anita/opt/gcc-arm-none-eabi-7-2017-q4-major/bin/../lib/gcc/arm-none-eabi/7.2.1/../../../../arm-none-eabi/lib/thumb/v7e-m/fpv4-sp/hard/libc_nano.a(lib_a-locale.o)
                0x0000000020002b48                __global_locale
                0x0000000020002cb4                . = ALIGN (0x4)
                0x0000000020002cb4                PROVIDE (__preinit_array_start, .)
 *(.preinit_array)
                0x0000000020002cb4                PROVIDE (__preinit_array_end, .)
                0x0000000020002cb4                . = ALIGN (0x4)
                0x0000000020002cb4                PROVIDE (__init_array_start, .)
 *(SORT_BY_NAME(.init_array.*))
 *(.init_array)
 .init_array    0x0000000020002cb4        0x4 /Users/anita/opt/gcc-arm-none-eabi-7-2017-q4-major/bin/../lib/gcc/arm-none-eabi/7.2.1/thumb/v7e-m/fpv4-sp/hard/crtbegin.o
                0x0000000020002cb8                PROVIDE (__init_array_end, .)
                0x0000000020002cb8                . = ALIGN (0x4)
                [!provide]                        PROVIDE (__fini_array_start, .)
 *(SORT_BY_NAME(.fini_array.*))
 *(.fini_array)
 .fini_array    0x0000000020002cb8        0x4 /Users/anita/opt/gcc-arm-none-eabi-7-2017-q4-major/bin/../lib/gcc/arm-none-eabi/7.2.1/thumb/v7e-m/fpv4-sp/hard/crtbegin.o
                [!provide]                        PROVIDE (__fini_array_end, .)
 *(.jcr*)
                0x0000000020002cbc                . = ALIGN (0x4)
                0x0000000020002cbc                __data_end__ = .
LOAD /Users/anita/opt/gcc-arm-none-eabi-7-2017-q4-major/bin/../lib/gcc/arm-none-eabi/7.2.1/thumb/v7e-m/fpv4-sp/hard/crti.o
LOAD /Users/anita/opt/gcc-arm-none-eabi-7-2017-q4-major/bin/../lib/gcc/arm-none-eabi/7.2.1/thumb/v7e-m/fpv4-sp/hard/crtbegin.o
LOAD /Users/anita/opt/gcc-arm-none-eabi-7-2017-q4-major/bin/../lib/gcc/arm-none-eabi/7.2.1/../../../../arm-none-eabi/lib/thumb/v7e-m/fpv4-sp/hard/crt0.o
LOAD _build/nrf52832_xxaa/gcc_startup_nrf52.S.o
LOAD _build/nrf52832_xxaa/nrf_log_backend_rtt.c.o
LOAD _build/nrf52832_xxaa/nrf_log_backend_serial.c.o
LOAD _build/nrf52832_xxaa/nrf_log_default_backends.c.o
LOAD _build/nrf52832_xxaa/nrf_log_frontend.c.o
LOAD _build/nrf52832_xxaa/nrf_log_str_formatter.c.o
LOAD _build/nrf52832_xxaa/app_button.c.o
LOAD _build/nrf52832_xxaa/app_error.c.o
LOAD _build/nrf52832_xxaa/app_error_handler_gcc.c.o
LOAD _build/nrf52832_xxaa/app_error_weak.c.o
LOAD _build/nrf52832_xxaa/app_fifo.c.o
LOAD _build/nrf52832_xxaa/app_scheduler.c.o
LOAD _build/nrf52832_xxaa/app_timer.c.o
LOAD _build/nrf52832_xxaa/app_uart_fifo.c.o
LOAD _build/nrf52832_xxaa/app_util_platform.c.o
LOAD _build/nrf52832_xxaa/hardfault_implementation.c.o
LOAD _build/nrf52832_xxaa/nrf_assert.c.o
LOAD _build/nrf52832_xxaa/nrf_atfifo.c.o
LOAD _build/nrf52832_xxaa/nrf_atflags.c.o
LOAD _build/nrf52832_xxaa/nrf_atomic.c.o
LOAD _build/nrf52832_xxaa/nrf_balloc.c.o
LOAD _build/nrf52832_xxaa/nrf_fprintf.c.o
LOAD _build/nrf52832_xxaa/nrf_fprintf_format.c.o
LOAD _build/nrf52832_xxaa/nrf_memobj.c.o
LOAD _build/nrf52832_xxaa/nrf_pwr_mgmt.c.o
LOAD _build/nrf52832_xxaa/nrf_ringbuf.c.o
LOAD _build/nrf52832_xxaa/nrf_section_iter.c.o
LOAD _build/nrf52832_xxaa/nrf_strerror.c.o
LOAD _build/nrf52832_xxaa/retarget.c.o
LOAD _build/nrf52832_xxaa/system_nrf52.c.o
LOAD _build/nrf52832_xxaa/boards.c.o
LOAD _build/nrf52832_xxaa/nrf_drv_clock.c.o
LOAD _build/nrf52832_xxaa/nrf_drv_uart.c.o
LOAD _build/nrf52832_xxaa/nrfx_clock.c.o
LOAD _build/nrf52832_xxaa/nrfx_gpiote.c.o
LOAD _build/nrf52832_xxaa/nrfx_power_clock.c.o
LOAD _build/nrf52832_xxaa/nrfx_prs.c.o
LOAD _build/nrf52832_xxaa/nrfx_uart.c.o
LOAD _build/nrf52832_xxaa/nrfx_uarte.c.o
LOAD _build/nrf52832_xxaa/bsp.c.o
LOAD _build/nrf52832_xxaa/bsp_btn_ble.c.o
LOAD _build/nrf52832_xxaa/main.c.o
LOAD _build/nrf52832_xxaa/SEGGER_RTT.c.o
LOAD _build/nrf52832_xxaa/SEGGER_RTT_Syscalls_GCC.c.o
LOAD _build/nrf52832_xxaa/SEGGER_RTT_printf.c.o
LOAD _build/nrf52832_xxaa/ble_advdata.c.o
LOAD _build/nrf52832_xxaa/ble_advertising.c.o
LOAD _build/nrf52832_xxaa/ble_conn_params.c.o
LOAD _build/nrf52832_xxaa/ble_conn_state.c.o
LOAD _build/nrf52832_xxaa/ble_link_ctx_manager.c.o
LOAD _build/nrf52832_xxaa/ble_srv_common.c.o
LOAD _build/nrf52832_xxaa/nrf_ble_gatt.c.o
LOAD _build/nrf52832_xxaa/nrf_ble_qwr.c.o
LOAD _build/nrf52832_xxaa/utf.c.o
LOAD _build/nrf52832_xxaa/ble_nus.c.o
LOAD _build/nrf52832_xxaa/nrf_sdh.c.o
LOAD _build/nrf52832_xxaa/nrf_sdh_ble.c.o
LOAD _build/nrf52832_xxaa/nrf_sdh_soc.c.o
LOAD /Users/anita/opt/gcc-arm-none-eabi-7-2017-q4-major/bin/../lib/gcc/arm-none-eabi/7.2.1/../../../../arm-none-eabi/lib/thumb/v7e-m/fpv4-sp/hard/libc_nano.a
LOAD /Users/anita/opt/gcc-arm-none-eabi-7-2017-q4-major/bin/../lib/gcc/arm-none-eabi/7.2.1/../../../../arm-none-eabi/lib/thumb/v7e-m/fpv4-sp/hard/libnosys.a
LOAD /Users/anita/opt/gcc-arm-none-eabi-7-2017-q4-major/bin/../lib/gcc/arm-none-eabi/7.2.1/../../../../arm-none-eabi/lib/thumb/v7e-m/fpv4-sp/hard/libm.a
START GROUP
LOAD /Users/anita/opt/gcc-arm-none-eabi-7-2017-q4-major/bin/../lib/gcc/arm-none-eabi/7.2.1/thumb/v7e-m/fpv4-sp/hard/libgcc.a
LOAD /Users/anita/opt/gcc-arm-none-eabi-7-2017-q4-major/bin/../lib/gcc/arm-none-eabi/7.2.1/../../../../arm-none-eabi/lib/thumb/v7e-m/fpv4-sp/hard/libg_nano.a
LOAD /Users/anita/opt/gcc-arm-none-eabi-7-2017-q4-major/bin/../lib/gcc/arm-none-eabi/7.2.1/../../../../arm-none-eabi/lib/thumb/v7e-m/fpv4-sp/hard/libc_nano.a
END GROUP
START GROUP
LOAD /Users/anita/opt/gcc-arm-none-eabi-7-2017-q4-major/bin/../lib/gcc/arm-none-eabi/7.2.1/thumb/v7e-m/fpv4-sp/hard/libgcc.a
LOAD /Users/anita/opt/gcc-arm-none-eabi-7-2017-q4-major/bin/../lib/gcc/arm-none-eabi/7.2.1/../../../../arm-none-eabi/lib/thumb/v7e-m/fpv4-sp/hard/libc_nano.a
END GROUP
LOAD /Users/anita/opt/gcc-arm-none-eabi-7-2017-q4-major/bin/../lib/gcc/arm-none-eabi/7.2.1/thumb/v7e-m/fpv4-sp/hard/crtend.o
LOAD /Users/anita/opt/gcc-arm-none-eabi-7-2017-q4-major/bin/../lib/gcc/arm-none-eabi/7.2.1/thumb/v7e-m/fpv4-sp/hard/crtn.o
START GROUP
LOAD /Users/anita/opt/gcc-arm-none-eabi-7-2017-q4-major/bin/../lib/gcc/arm-none-eabi/7.2.1/thumb/v7e-m/fpv4-sp/hard/libgcc.a
LOAD /Users/anita/opt/gcc-arm-none-eabi-7-2017-q4-major/bin/../lib/gcc/arm-none-eabi/7.2.1/../../../../arm-none-eabi/lib/thumb/v7e-m/fpv4-sp/hard/libc.a
LOAD /Users/anita/opt/gcc-arm-none-eabi-7-2017-q4-major/bin/../lib/gcc/arm-none-eabi/7.2.1/../../../../arm-none-eabi/lib/thumb/v7e-m/fpv4-sp/hard/libnosys.a
END GROUP

.igot.plt       0x0000000020002cbc        0x0 load address 0x000000000002f650
 .igot.plt      0x0000000020002cbc        0x0 /Users/anita/opt/gcc-arm-none-eabi-7-2017-q4-major/bin/../lib/gcc/arm-none-eabi/7.2.1/thumb/v7e-m/fpv4-sp/hard/crtbegin.o
                0x0000000020002cbc                . = ALIGN (0x4)

.mem_section_dummy_ram

.cli_sorted_cmd_ptrs
                0x0000000020002cbc        0x0
                [!provide]                        PROVIDE (__start_cli_sorted_cmd_ptrs, .)
 *(.cli_sorted_cmd_ptrs)
                [!provide]                        PROVIDE (__stop_cli_sorted_cmd_ptrs, .)

.fs_data        0x0000000020002cbc        0x0
                [!provide]                        PROVIDE (__start_fs_data, .)
 *(.fs_data)
                [!provide]                        PROVIDE (__stop_fs_data, .)

.log_dynamic_data
                0x0000000020002cbc        0x0
                0x0000000020002cbc                PROVIDE (__start_log_dynamic_data, .)
 *(SORT_BY_NAME(.log_dynamic_data*))
                [!provide]                        PROVIDE (__stop_log_dynamic_data, .)

.log_filter_data
                0x0000000020002cbc        0x0
                [!provide]                        PROVIDE (__start_log_filter_data, .)
 *(SORT_BY_NAME(.log_filter_data*))
                [!provide]                        PROVIDE (__stop_log_filter_data, .)

.bss            0x0000000020002cc0     0x11e4 load address 0x000000000002f658
                0x0000000020002cc0                . = ALIGN (0x4)
                0x0000000020002cc0                __bss_start__ = .
 *(.bss*)
 .bss           0x0000000020002cc0       0x1c /Users/anita/opt/gcc-arm-none-eabi-7-2017-q4-major/bin/../lib/gcc/arm-none-eabi/7.2.1/thumb/v7e-m/fpv4-sp/hard/crtbegin.o
 .bss.m_host_present
                0x0000000020002cdc        0x1 _build/nrf52832_xxaa/nrf_log_backend_rtt.c.o
 *fill*         0x0000000020002cdd        0x3 
 .bss.m_string_buff
                0x0000000020002ce0       0x40 _build/nrf52832_xxaa/nrf_log_backend_rtt.c.o
 .bss.log_mempool_nrf_balloc_cb
                0x0000000020002d20        0x8 _build/nrf52832_xxaa/nrf_log_frontend.c.o
 .bss.log_mempool_nrf_balloc_pool_mem
                0x0000000020002d28       0xc0 _build/nrf52832_xxaa/nrf_log_frontend.c.o
 .bss.log_mempool_nrf_balloc_pool_stack
                0x0000000020002de8        0x8 _build/nrf52832_xxaa/nrf_log_frontend.c.o
 .bss.m_log_data
                0x0000000020002df0      0x424 _build/nrf52832_xxaa/nrf_log_frontend.c.o
 .bss.m_log_push_ringbuf_buf
                0x0000000020003214       0x80 _build/nrf52832_xxaa/nrf_log_frontend.c.o
 .bss.m_log_push_ringbuf_cb
                0x0000000020003294       0x18 _build/nrf52832_xxaa/nrf_log_frontend.c.o
 .bss.m_button_count
                0x00000000200032ac        0x1 _build/nrf52832_xxaa/app_button.c.o
 *fill*         0x00000000200032ad        0x3 
 .bss.m_detection_delay
                0x00000000200032b0        0x4 _build/nrf52832_xxaa/app_button.c.o
 .bss.m_detection_delay_timer_id_data
                0x00000000200032b4       0x20 _build/nrf52832_xxaa/app_button.c.o
 *fill*         0x00000000200032d4        0x4 
 .bss.m_pin_state
                0x00000000200032d8        0x8 _build/nrf52832_xxaa/app_button.c.o
 .bss.m_pin_transition
                0x00000000200032e0        0x8 _build/nrf52832_xxaa/app_button.c.o
 .bss.mp_buttons
                0x00000000200032e8        0x4 _build/nrf52832_xxaa/app_button.c.o
 .bss.m_op_queue
                0x00000000200032ec      0x10c _build/nrf52832_xxaa/app_timer.c.o
 .bss.m_rtc1_reset
                0x00000000200033f8        0x1 _build/nrf52832_xxaa/app_timer.c.o
 .bss.m_rtc1_running
                0x00000000200033f9        0x1 _build/nrf52832_xxaa/app_timer.c.o
 *fill*         0x00000000200033fa        0x2 
 .bss.m_ticks_elapsed
                0x00000000200033fc        0x8 _build/nrf52832_xxaa/app_timer.c.o
 .bss.m_ticks_elapsed_q_read_ind
                0x0000000020003404        0x1 _build/nrf52832_xxaa/app_timer.c.o
 .bss.m_ticks_elapsed_q_write_ind
                0x0000000020003405        0x1 _build/nrf52832_xxaa/app_timer.c.o
 *fill*         0x0000000020003406        0x2 
 .bss.m_ticks_latest
                0x0000000020003408        0x4 _build/nrf52832_xxaa/app_timer.c.o
 .bss.mp_timer_id_head
                0x000000002000340c        0x4 _build/nrf52832_xxaa/app_timer.c.o
 .bss.m_event_handler
                0x0000000020003410        0x4 _build/nrf52832_xxaa/app_uart_fifo.c.o
 .bss.m_rx_fifo
                0x0000000020003414       0x10 _build/nrf52832_xxaa/app_uart_fifo.c.o
 .bss.m_rx_ovf  0x0000000020003424        0x1 _build/nrf52832_xxaa/app_uart_fifo.c.o
 *fill*         0x0000000020003425        0x3 
 .bss.m_tx_fifo
                0x0000000020003428       0x10 _build/nrf52832_xxaa/app_uart_fifo.c.o
 .bss.rx_buffer
                0x0000000020003438        0x1 _build/nrf52832_xxaa/app_uart_fifo.c.o
 *fill*         0x0000000020003439        0x3 
 .bss.tx_buffer
                0x000000002000343c        0x1 _build/nrf52832_xxaa/app_uart_fifo.c.o
 *fill*         0x000000002000343d        0x3 
 .bss.m_handlers_iter
                0x0000000020003440        0x8 _build/nrf52832_xxaa/nrf_pwr_mgmt.c.o
 .bss.m_shutdown_started
                0x0000000020003448        0x1 _build/nrf52832_xxaa/nrf_pwr_mgmt.c.o
 *fill*         0x0000000020003449        0x3 
 .bss.m_sysoff_mtx
                0x000000002000344c        0x4 _build/nrf52832_xxaa/nrf_pwr_mgmt.c.o
 .bss.m_clock_cb
                0x0000000020003450       0x14 _build/nrf52832_xxaa/nrf_drv_clock.c.o
 .bss.m_contexts
                0x0000000020003464        0x4 _build/nrf52832_xxaa/nrf_drv_uart.c.o
 .bss.m_handlers
                0x0000000020003468        0x4 _build/nrf52832_xxaa/nrf_drv_uart.c.o
 .bss.m_clock_cb
                0x000000002000346c        0x8 _build/nrf52832_xxaa/nrfx_clock.c.o
 .bss.m_cb      0x0000000020003474       0x5c _build/nrf52832_xxaa/nrfx_gpiote.c.o
 .bss.m_prs_box_4
                0x00000000200034d0        0x8 _build/nrf52832_xxaa/nrfx_prs.c.o
 .bss.m_cb      0x00000000200034d8       0x2c _build/nrf52832_xxaa/nrfx_uart.c.o
 .bss.m_cb      0x0000000020003504       0x24 _build/nrf52832_xxaa/nrfx_uarte.c.o
 .bss.current_long_push_pin_no.8762
                0x0000000020003528        0x1 _build/nrf52832_xxaa/bsp.c.o
 .bss.m_alert_on
                0x0000000020003529        0x1 _build/nrf52832_xxaa/bsp.c.o
 *fill*         0x000000002000352a        0x2 
 .bss.m_bsp_alert_tmr_data
                0x000000002000352c       0x20 _build/nrf52832_xxaa/bsp.c.o
 .bss.m_bsp_button_tmr_data
                0x000000002000354c       0x20 _build/nrf52832_xxaa/bsp.c.o
 .bss.m_bsp_leds_tmr_data
                0x000000002000356c       0x20 _build/nrf52832_xxaa/bsp.c.o
 .bss.m_events_list
                0x000000002000358c        0xc _build/nrf52832_xxaa/bsp.c.o
 .bss.m_indication_type
                0x0000000020003598        0x4 _build/nrf52832_xxaa/bsp.c.o
 .bss.m_leds_clear
                0x000000002000359c        0x1 _build/nrf52832_xxaa/bsp.c.o
 *fill*         0x000000002000359d        0x3 
 .bss.m_registered_callback
                0x00000000200035a0        0x4 _build/nrf52832_xxaa/bsp.c.o
 .bss.m_stable_state
                0x00000000200035a4        0x1 _build/nrf52832_xxaa/bsp.c.o
 *fill*         0x00000000200035a5        0x3 
 .bss.release_event_at_push.8763
                0x00000000200035a8        0x4 _build/nrf52832_xxaa/bsp.c.o
 .bss.m_error_handler
                0x00000000200035ac        0x4 _build/nrf52832_xxaa/bsp_btn_ble.c.o
 .bss.m_num_connections
                0x00000000200035b0        0x4 _build/nrf52832_xxaa/bsp_btn_ble.c.o
 .bss.data_array.12046
                0x00000000200035b4       0xf4 _build/nrf52832_xxaa/main.c.o
 .bss.index.12047
                0x00000000200036a8        0x1 _build/nrf52832_xxaa/main.c.o
 *fill*         0x00000000200036a9        0x3 
 .bss.m_advertising
                0x00000000200036ac      0x258 _build/nrf52832_xxaa/main.c.o
 .bss.m_gatt    0x0000000020003904       0x14 _build/nrf52832_xxaa/main.c.o
 .bss.m_nus_link_ctx_storage_ctx_data_pool
                0x0000000020003918        0x4 _build/nrf52832_xxaa/main.c.o
 .bss.m_qwr     0x000000002000391c        0xc _build/nrf52832_xxaa/main.c.o
 .bss.rx_buf.12064
                0x0000000020003928      0x100 _build/nrf52832_xxaa/main.c.o
 .bss.tx_buf.12065
                0x0000000020003a28      0x100 _build/nrf52832_xxaa/main.c.o
 .bss._acDownBuffer
                0x0000000020003b28       0x10 _build/nrf52832_xxaa/SEGGER_RTT.c.o
 .bss._acUpBuffer
                0x0000000020003b38      0x200 _build/nrf52832_xxaa/SEGGER_RTT.c.o
 .bss.m_conn_params_config
                0x0000000020003d38       0x1c _build/nrf52832_xxaa/ble_conn_params.c.o
 .bss.m_conn_params_instances
                0x0000000020003d54       0x14 _build/nrf52832_xxaa/ble_conn_params.c.o
 .bss.m_preferred_conn_params
                0x0000000020003d68        0x8 _build/nrf52832_xxaa/ble_conn_params.c.o
 .bss.m_timer_data
                0x0000000020003d70       0x20 _build/nrf52832_xxaa/ble_conn_params.c.o
 .bss.m_bcs     0x0000000020003d90       0x78 _build/nrf52832_xxaa/ble_conn_state.c.o
 .bss.m_nrf_sdh_continue
                0x0000000020003e08        0x1 _build/nrf52832_xxaa/nrf_sdh.c.o
 .bss.m_nrf_sdh_enabled
                0x0000000020003e09        0x1 _build/nrf52832_xxaa/nrf_sdh.c.o
 .bss.m_nrf_sdh_suspended
                0x0000000020003e0a        0x1 _build/nrf52832_xxaa/nrf_sdh.c.o
 .bss.m_stack_is_enabled
                0x0000000020003e0b        0x1 _build/nrf52832_xxaa/nrf_sdh_ble.c.o
 .bss.__malloc_free_list
                0x0000000020003e0c        0x4 /Users/anita/opt/gcc-arm-none-eabi-7-2017-q4-major/bin/../lib/gcc/arm-none-eabi/7.2.1/../../../../arm-none-eabi/lib/thumb/v7e-m/fpv4-sp/hard/libc_nano.a(lib_a-nano-mallocr.o)
                0x0000000020003e0c                __malloc_free_list
 .bss.__malloc_sbrk_start
                0x0000000020003e10        0x4 /Users/anita/opt/gcc-arm-none-eabi-7-2017-q4-major/bin/../lib/gcc/arm-none-eabi/7.2.1/../../../../arm-none-eabi/lib/thumb/v7e-m/fpv4-sp/hard/libc_nano.a(lib_a-nano-mallocr.o)
                0x0000000020003e10                __malloc_sbrk_start
 .bss.heap_end.5377
                0x0000000020003e14        0x4 /Users/anita/opt/gcc-arm-none-eabi-7-2017-q4-major/bin/../lib/gcc/arm-none-eabi/7.2.1/../../../../arm-none-eabi/lib/thumb/v7e-m/fpv4-sp/hard/libnosys.a(sbrk.o)
 *(COMMON)
 COMMON         0x0000000020003e18        0xc _build/nrf52832_xxaa/app_util_platform.c.o
                0x0000000020003e18                nrf_nvic_state
 COMMON         0x0000000020003e24        0x1 _build/nrf52832_xxaa/nrf_drv_uart.c.o
                0x0000000020003e24                nrf_drv_uart_use_easy_dma
 *fill*         0x0000000020003e25        0x3 
 COMMON         0x0000000020003e28       0x78 _build/nrf52832_xxaa/SEGGER_RTT.c.o
                0x0000000020003e28                _SEGGER_RTT
 COMMON         0x0000000020003ea0        0x4 /Users/anita/opt/gcc-arm-none-eabi-7-2017-q4-major/bin/../lib/gcc/arm-none-eabi/7.2.1/../../../../arm-none-eabi/lib/thumb/v7e-m/fpv4-sp/hard/libc_nano.a(lib_a-reent.o)
                0x0000000020003ea0                errno
                0x0000000020003ea4                . = ALIGN (0x4)
                0x0000000020003ea4                __bss_end__ = .

.heap           0x0000000020003ea8     0x2000
                0x0000000020003ea8                __HeapBase = .
                0x0000000020003ea8                __end__ = .
                0x0000000020003ea8                PROVIDE (end, .)
 *(.heap*)
 .heap          0x0000000020003ea8     0x2000 _build/nrf52832_xxaa/gcc_startup_nrf52.S.o
                0x0000000020005ea8                __HeapLimit = .

.stack_dummy    0x0000000020003ea8     0x2000
 *(.stack*)
 .stack         0x0000000020003ea8     0x2000 _build/nrf52832_xxaa/gcc_startup_nrf52.S.o
                0x0000000020010000                __StackTop = (ORIGIN (RAM) + LENGTH (RAM))
                0x000000002000e000                __StackLimit = (__StackTop - SIZEOF (.stack_dummy))
                0x0000000020010000                PROVIDE (__stack, __StackTop)
                0x0000000000000001                ASSERT ((__StackLimit >= __HeapLimit), region RAM overflowed with stack)
                0x0000000000000228                DataInitFlashUsed = (__bss_start__ - __data_start__)
                0x000000000000942c                CodeFlashUsed = (__etext - ORIGIN (FLASH))
                0x0000000000009654                TotalFlashUsed = (CodeFlashUsed + DataInitFlashUsed)
                0x0000000000000001                ASSERT ((TotalFlashUsed <= LENGTH (FLASH)), region FLASH overflowed with .data and user data)
OUTPUT(_build/nrf52832_xxaa.out elf32-littlearm)

.ARM.attributes
                0x0000000000000000       0x30
 .ARM.attributes
                0x0000000000000000       0x22 /Users/anita/opt/gcc-arm-none-eabi-7-2017-q4-major/bin/../lib/gcc/arm-none-eabi/7.2.1/thumb/v7e-m/fpv4-sp/hard/crti.o
 .ARM.attributes
                0x0000000000000022       0x34 /Users/anita/opt/gcc-arm-none-eabi-7-2017-q4-major/bin/../lib/gcc/arm-none-eabi/7.2.1/thumb/v7e-m/fpv4-sp/hard/crtbegin.o
 .ARM.attributes
                0x0000000000000056       0x20 /Users/anita/opt/gcc-arm-none-eabi-7-2017-q4-major/bin/../lib/gcc/arm-none-eabi/7.2.1/../../../../arm-none-eabi/lib/thumb/v7e-m/fpv4-sp/hard/crt0.o
 .ARM.attributes
                0x0000000000000076       0x20 _build/nrf52832_xxaa/gcc_startup_nrf52.S.o
 .ARM.attributes
                0x0000000000000096       0x39 _build/nrf52832_xxaa/nrf_log_backend_rtt.c.o
 .ARM.attributes
                0x00000000000000cf       0x39 _build/nrf52832_xxaa/nrf_log_backend_serial.c.o
 .ARM.attributes
                0x0000000000000108       0x39 _build/nrf52832_xxaa/nrf_log_default_backends.c.o
 .ARM.attributes
                0x0000000000000141       0x39 _build/nrf52832_xxaa/nrf_log_frontend.c.o
 .ARM.attributes
                0x000000000000017a       0x39 _build/nrf52832_xxaa/nrf_log_str_formatter.c.o
 .ARM.attributes
                0x00000000000001b3       0x39 _build/nrf52832_xxaa/app_button.c.o
 .ARM.attributes
                0x00000000000001ec       0x39 _build/nrf52832_xxaa/app_error.c.o
 .ARM.attributes
                0x0000000000000225       0x39 _build/nrf52832_xxaa/app_error_weak.c.o
 .ARM.attributes
                0x000000000000025e       0x39 _build/nrf52832_xxaa/app_fifo.c.o
 .ARM.attributes
                0x0000000000000297       0x39 _build/nrf52832_xxaa/app_timer.c.o
 .ARM.attributes
                0x00000000000002d0       0x39 _build/nrf52832_xxaa/app_uart_fifo.c.o
 .ARM.attributes
                0x0000000000000309       0x39 _build/nrf52832_xxaa/app_util_platform.c.o
 .ARM.attributes
                0x0000000000000342       0x39 _build/nrf52832_xxaa/nrf_atflags.c.o
 .ARM.attributes
                0x000000000000037b       0x39 _build/nrf52832_xxaa/nrf_atomic.c.o
 .ARM.attributes
                0x00000000000003b4       0x39 _build/nrf52832_xxaa/nrf_balloc.c.o
 .ARM.attributes
                0x00000000000003ed       0x39 _build/nrf52832_xxaa/nrf_fprintf.c.o
 .ARM.attributes
                0x0000000000000426       0x39 _build/nrf52832_xxaa/nrf_fprintf_format.c.o
 .ARM.attributes
                0x000000000000045f       0x39 _build/nrf52832_xxaa/nrf_memobj.c.o
 .ARM.attributes
                0x0000000000000498       0x39 _build/nrf52832_xxaa/nrf_pwr_mgmt.c.o
 .ARM.attributes
                0x00000000000004d1       0x39 _build/nrf52832_xxaa/nrf_ringbuf.c.o
 .ARM.attributes
                0x000000000000050a       0x39 _build/nrf52832_xxaa/nrf_section_iter.c.o
 .ARM.attributes