Archive member included to satisfy reference by file (symbol)

/Users/anita/opt/gcc-arm-none-eabi-7-2017-q4-major/bin/../lib/gcc/arm-none-eabi/7.2.1/../../../../arm-none-eabi/lib/thumb/v7e-m/fpv4-sp/hard/libc_nano.a(lib_a-exit.o)
                              /Users/anita/opt/gcc-arm-none-eabi-7-2017-q4-major/bin/../lib/gcc/arm-none-eabi/7.2.1/../../../../arm-none-eabi/lib/thumb/v7e-m/fpv4-sp/hard/crt0.o (exit)
/Users/anita/opt/gcc-arm-none-eabi-7-2017-q4-major/bin/../lib/gcc/arm-none-eabi/7.2.1/../../../../arm-none-eabi/lib/thumb/v7e-m/fpv4-sp/hard/libc_nano.a(lib_a-impure.o)
                              /Users/anita/opt/gcc-arm-none-eabi-7-2017-q4-major/bin/../lib/gcc/arm-none-eabi/7.2.1/../../../../arm-none-eabi/lib/thumb/v7e-m/fpv4-sp/hard/libc_nano.a(lib_a-exit.o) (_global_impure_ptr)
/Users/anita/opt/gcc-arm-none-eabi-7-2017-q4-major/bin/../lib/gcc/arm-none-eabi/7.2.1/../../../../arm-none-eabi/lib/thumb/v7e-m/fpv4-sp/hard/libc_nano.a(lib_a-init.o)
                              /Users/anita/opt/gcc-arm-none-eabi-7-2017-q4-major/bin/../lib/gcc/arm-none-eabi/7.2.1/../../../../arm-none-eabi/lib/thumb/v7e-m/fpv4-sp/hard/crt0.o (__libc_init_array)
/Users/anita/opt/gcc-arm-none-eabi-7-2017-q4-major/bin/../lib/gcc/arm-none-eabi/7.2.1/../../../../arm-none-eabi/lib/thumb/v7e-m/fpv4-sp/hard/libc_nano.a(lib_a-locale.o)
                              _build/nrf52832_xxaa/nrf_log_str_formatter.c.o (__locale_ctype_ptr)
/Users/anita/opt/gcc-arm-none-eabi-7-2017-q4-major/bin/../lib/gcc/arm-none-eabi/7.2.1/../../../../arm-none-eabi/lib/thumb/v7e-m/fpv4-sp/hard/libc_nano.a(lib_a-mbtowc_r.o)
                              /Users/anita/opt/gcc-arm-none-eabi-7-2017-q4-major/bin/../lib/gcc/arm-none-eabi/7.2.1/../../../../arm-none-eabi/lib/thumb/v7e-m/fpv4-sp/hard/libc_nano.a(lib_a-locale.o) (__ascii_mbtowc)
/Users/anita/opt/gcc-arm-none-eabi-7-2017-q4-major/bin/../lib/gcc/arm-none-eabi/7.2.1/../../../../arm-none-eabi/lib/thumb/v7e-m/fpv4-sp/hard/libc_nano.a(lib_a-memcmp.o)
                              _build/nrf52832_xxaa/ble_advdata.c.o (memcmp)
/Users/anita/opt/gcc-arm-none-eabi-7-2017-q4-major/bin/../lib/gcc/arm-none-eabi/7.2.1/../../../../arm-none-eabi/lib/thumb/v7e-m/fpv4-sp/hard/libc_nano.a(lib_a-memcpy-stub.o)
                              _build/nrf52832_xxaa/nrf_log_frontend.c.o (memcpy)
/Users/anita/opt/gcc-arm-none-eabi-7-2017-q4-major/bin/../lib/gcc/arm-none-eabi/7.2.1/../../../../arm-none-eabi/lib/thumb/v7e-m/fpv4-sp/hard/libc_nano.a(lib_a-memset.o)
                              /Users/anita/opt/gcc-arm-none-eabi-7-2017-q4-major/bin/../lib/gcc/arm-none-eabi/7.2.1/../../../../arm-none-eabi/lib/thumb/v7e-m/fpv4-sp/hard/crt0.o (memset)
/Users/anita/opt/gcc-arm-none-eabi-7-2017-q4-major/bin/../lib/gcc/arm-none-eabi/7.2.1/../../../../arm-none-eabi/lib/thumb/v7e-m/fpv4-sp/hard/libc_nano.a(lib_a-printf.o)
                              _build/nrf52832_xxaa/main.c.o (printf)
/Users/anita/opt/gcc-arm-none-eabi-7-2017-q4-major/bin/../lib/gcc/arm-none-eabi/7.2.1/../../../../arm-none-eabi/lib/thumb/v7e-m/fpv4-sp/hard/libc_nano.a(lib_a-strcmp.o)
                              /Users/anita/opt/gcc-arm-none-eabi-7-2017-q4-major/bin/../lib/gcc/arm-none-eabi/7.2.1/../../../../arm-none-eabi/lib/thumb/v7e-m/fpv4-sp/hard/libc_nano.a(lib_a-locale.o) (strcmp)
/Users/anita/opt/gcc-arm-none-eabi-7-2017-q4-major/bin/../lib/gcc/arm-none-eabi/7.2.1/../../../../arm-none-eabi/lib/thumb/v7e-m/fpv4-sp/hard/libc_nano.a(lib_a-strcpy.o)
                              _build/nrf52832_xxaa/SEGGER_RTT.c.o (strcpy)
/Users/anita/opt/gcc-arm-none-eabi-7-2017-q4-major/bin/../lib/gcc/arm-none-eabi/7.2.1/../../../../arm-none-eabi/lib/thumb/v7e-m/fpv4-sp/hard/libc_nano.a(lib_a-strlen.o)
                              _build/nrf52832_xxaa/nrf_log_frontend.c.o (strlen)
/Users/anita/opt/gcc-arm-none-eabi-7-2017-q4-major/bin/../lib/gcc/arm-none-eabi/7.2.1/../../../../arm-none-eabi/lib/thumb/v7e-m/fpv4-sp/hard/libc_nano.a(lib_a-wctomb_r.o)
                              /Users/anita/opt/gcc-arm-none-eabi-7-2017-q4-major/bin/../lib/gcc/arm-none-eabi/7.2.1/../../../../arm-none-eabi/lib/thumb/v7e-m/fpv4-sp/hard/libc_nano.a(lib_a-locale.o) (__ascii_wctomb)
/Users/anita/opt/gcc-arm-none-eabi-7-2017-q4-major/bin/../lib/gcc/arm-none-eabi/7.2.1/../../../../arm-none-eabi/lib/thumb/v7e-m/fpv4-sp/hard/libc_nano.a(lib_a-ctype_.o)
                              /Users/anita/opt/gcc-arm-none-eabi-7-2017-q4-major/bin/../lib/gcc/arm-none-eabi/7.2.1/../../../../arm-none-eabi/lib/thumb/v7e-m/fpv4-sp/hard/libc_nano.a(lib_a-locale.o) (_ctype_)
/Users/anita/opt/gcc-arm-none-eabi-7-2017-q4-major/bin/../lib/gcc/arm-none-eabi/7.2.1/../../../../arm-none-eabi/lib/thumb/v7e-m/fpv4-sp/hard/libc_nano.a(lib_a-findfp.o)
                              /Users/anita/opt/gcc-arm-none-eabi-7-2017-q4-major/bin/../lib/gcc/arm-none-eabi/7.2.1/../../../../arm-none-eabi/lib/thumb/v7e-m/fpv4-sp/hard/libc_nano.a(lib_a-printf.o) (__sinit)
[...]
Memory Configuration

Name             Origin             Length             Attributes
FLASH            0x0000000000026000 0x000000000005a000 xr
RAM              0x0000000020002a98 0x000000000000d568 xrw
*default*        0x0000000000000000 0xffffffffffffffff

Linker script and memory map


.text           0x0000000000026000     0x9c24
 *(.isr_vector)
 .isr_vector    0x0000000000026000      0x200 _build/nrf52832_xxaa/gcc_startup_nrf52.S.o
                0x0000000000026000                __isr_vector
 *(.text*)
 .text          0x0000000000026200       0x40 /Users/anita/opt/gcc-arm-none-eabi-7-2017-q4-major/bin/../lib/gcc/arm-none-eabi/7.2.1/thumb/v7e-m/fpv4-sp/hard/crtbegin.o
 .text          0x0000000000026240       0x74 /Users/anita/opt/gcc-arm-none-eabi-7-2017-q4-major/bin/../lib/gcc/arm-none-eabi/7.2.1/../../../../arm-none-eabi/lib/thumb/v7e-m/fpv4-sp/hard/crt0.o
                0x0000000000026240                _mainCRTStartup
                0x0000000000026240                _start
 .text          0x00000000000262b4       0x3c _build/nrf52832_xxaa/gcc_startup_nrf52.S.o
                0x00000000000262b4                Reset_Handler
                0x00000000000262dc                NMI_Handler
                0x00000000000262de                HardFault_Handler
                0x00000000000262e0                MemoryManagement_Handler
                0x00000000000262e2                BusFault_Handler
                0x00000000000262e4                UsageFault_Handler
                0x00000000000262e6                SVC_Handler
                0x00000000000262e8                DebugMon_Handler
                0x00000000000262ea                PendSV_Handler
                0x00000000000262ec                SysTick_Handler
                0x00000000000262ee                I2S_IRQHandler
                0x00000000000262ee                SWI4_EGU4_IRQHandler
                0x00000000000262ee                TIMER0_IRQHandler
                0x00000000000262ee                TIMER1_IRQHandler
                0x00000000000262ee                PWM2_IRQHandler
                0x00000000000262ee                ECB_IRQHandler
                0x00000000000262ee                SPIM1_SPIS1_TWIM1_TWIS1_SPI1_TWI1_IRQHandler
                0x00000000000262ee                Default_Handler
                0x00000000000262ee                CCM_AAR_IRQHandler
                0x00000000000262ee                WDT_IRQHandler
                0x00000000000262ee                SWI5_EGU5_IRQHandler
                0x00000000000262ee                RNG_IRQHandler
                0x00000000000262ee                RTC2_IRQHandler
                0x00000000000262ee                PWM0_IRQHandler
                0x00000000000262ee                SWI3_EGU3_IRQHandler
                0x00000000000262ee                SWI1_EGU1_IRQHandler
                0x00000000000262ee                SPIM2_SPIS2_SPI2_IRQHandler
                0x00000000000262ee                NFCT_IRQHandler
                0x00000000000262ee                MWU_IRQHandler
                0x00000000000262ee                TIMER2_IRQHandler
                0x00000000000262ee                COMP_LPCOMP_IRQHandler
                0x00000000000262ee                RTC0_IRQHandler
                0x00000000000262ee                PWM1_IRQHandler
                0x00000000000262ee                RADIO_IRQHandler
                0x00000000000262ee                PDM_IRQHandler
                0x00000000000262ee                TEMP_IRQHandler
                0x00000000000262ee                QDEC_IRQHandler
                0x00000000000262ee                FPU_IRQHandler
                0x00000000000262ee                SPIM0_SPIS0_TWIM0_TWIS0_SPI0_TWI0_IRQHandler
                0x00000000000262ee                TIMER4_IRQHandler
 .text.nrf_log_backend_rtt_flush
                0x00000000000262f0        0x4 _build/nrf52832_xxaa/nrf_log_backend_rtt.c.o
 .text.nrf_log_backend_rtt_put
                0x00000000000262f4       0x20 _build/nrf52832_xxaa/nrf_log_backend_rtt.c.o
 .text.serial_tx
                0x0000000000026314       0x54 _build/nrf52832_xxaa/nrf_log_backend_rtt.c.o
 .text.nrf_log_backend_rtt_panic_set
                0x0000000000026368        0x4 _build/nrf52832_xxaa/nrf_log_backend_rtt.c.o
 .text.nrf_log_backend_rtt_init
                0x000000000002636c        0x4 _build/nrf52832_xxaa/nrf_log_backend_rtt.c.o
                0x000000000002636c                nrf_log_backend_rtt_init
 .text.nrf_log_backend_serial_put
                0x0000000000026370       0xd4 _build/nrf52832_xxaa/nrf_log_backend_serial.c.o
                0x0000000000026370                nrf_log_backend_serial_put
 .text.nrf_log_default_backends_init
                0x0000000000026444       0x20 _build/nrf52832_xxaa/nrf_log_default_backends.c.o
                0x0000000000026444                nrf_log_default_backends_init
 .text.log_skip
                0x0000000000026464       0xd4 _build/nrf52832_xxaa/nrf_log_frontend.c.o
 .text.nrf_log_init
                0x0000000000026538       0x3c _build/nrf52832_xxaa/nrf_log_frontend.c.o
                0x0000000000026538                nrf_log_init
 .text.nrf_log_module_name_get
                0x0000000000026574       0x58 _build/nrf52832_xxaa/nrf_log_frontend.c.o
                0x0000000000026574                nrf_log_module_name_get
 .text.nrf_log_color_id_get
                0x00000000000265cc       0x2c _build/nrf52832_xxaa/nrf_log_frontend.c.o
                0x00000000000265cc                nrf_log_color_id_get
 .text.nrf_log_frontend_std_0
                0x00000000000265f8       0xf0 _build/nrf52832_xxaa/nrf_log_frontend.c.o
                0x00000000000265f8                nrf_log_frontend_std_0
 .text.nrf_log_frontend_dequeue.part.6
                0x00000000000266e8      0x26c _build/nrf52832_xxaa/nrf_log_frontend.c.o
 .text.nrf_log_frontend_std_1
                0x0000000000026954      0x100 _build/nrf52832_xxaa/nrf_log_frontend.c.o
                0x0000000000026954                nrf_log_frontend_std_1
 .text.nrf_log_frontend_std_2
                0x0000000000026a54      0x104 _build/nrf52832_xxaa/nrf_log_frontend.c.o
                0x0000000000026a54                nrf_log_frontend_std_2
 .text.nrf_log_frontend_dequeue
                0x0000000000026b58       0x18 _build/nrf52832_xxaa/nrf_log_frontend.c.o
                0x0000000000026b58                nrf_log_frontend_dequeue
 .text.nrf_log_backend_add
                0x0000000000026b70       0x68 _build/nrf52832_xxaa/nrf_log_frontend.c.o
                0x0000000000026b70                nrf_log_backend_add
 .text.nrf_log_panic
                0x0000000000026bd8       0x2c _build/nrf52832_xxaa/nrf_log_frontend.c.o
                0x0000000000026bd8                nrf_log_panic
 .text.nrf_log_std_entry_process
                0x0000000000026c04      0x14c _build/nrf52832_xxaa/nrf_log_str_formatter.c.o
                0x0000000000026c04                nrf_log_std_entry_process
 .text.nrf_log_hexdump_entry_process
                0x0000000000026d50      0x15c _build/nrf52832_xxaa/nrf_log_str_formatter.c.o
                0x0000000000026d50                nrf_log_hexdump_entry_process
 .text.detection_delay_timeout_handler
                0x0000000000026eac      0x120 _build/nrf52832_xxaa/app_button.c.o
 .text.gpiote_event_handler
                0x0000000000026fcc       0xa8 _build/nrf52832_xxaa/app_button.c.o
 .text.app_button_init
                0x0000000000027074       0xb0 _build/nrf52832_xxaa/app_button.c.o
                0x0000000000027074                app_button_init
 .text.app_button_enable
                0x0000000000027124       0x2c _build/nrf52832_xxaa/app_button.c.o
                0x0000000000027124                app_button_enable
 .text.app_error_handler_bare
                0x0000000000027150       0x20 _build/nrf52832_xxaa/app_error.c.o
                0x0000000000027150                app_error_handler_bare
 .text.app_error_fault_handler
                0x0000000000027170       0x70 _build/nrf52832_xxaa/app_error_weak.c.o
                0x0000000000027170                app_error_fault_handler
 .text.app_fifo_init
                0x00000000000271e0       0x20 _build/nrf52832_xxaa/app_fifo.c.o
                0x00000000000271e0                app_fifo_init
 .text.app_fifo_put
                0x0000000000027200       0x30 _build/nrf52832_xxaa/app_fifo.c.o
                0x0000000000027200                app_fifo_put
 .text.app_fifo_get
                0x0000000000027230       0x2c _build/nrf52832_xxaa/app_fifo.c.o
                0x0000000000027230                app_fifo_get
 .text.RTC1_IRQHandler
                0x000000000002725c       0xa0 _build/nrf52832_xxaa/app_timer.c.o
                0x000000000002725c                RTC1_IRQHandler
 .text.SWI0_EGU0_IRQHandler
                0x00000000000272fc      0x394 _build/nrf52832_xxaa/app_timer.c.o
                0x00000000000272fc                SWI0_EGU0_IRQHandler
 .text.app_timer_init
                0x0000000000027690       0xa8 _build/nrf52832_xxaa/app_timer.c.o
                0x0000000000027690                app_timer_init
 .text.app_timer_create
                0x0000000000027738       0x24 _build/nrf52832_xxaa/app_timer.c.o
                0x0000000000027738                app_timer_create
 .text.app_timer_start
                0x000000000002775c       0xac _build/nrf52832_xxaa/app_timer.c.o
                0x000000000002775c                app_timer_start
 .text.app_timer_stop
                0x0000000000027808       0x74 _build/nrf52832_xxaa/app_timer.c.o
                0x0000000000027808                app_timer_stop
 .text.uart_event_handler
                0x000000000002787c      0x114 _build/nrf52832_xxaa/app_uart_fifo.c.o
 .text.app_uart_init
                0x0000000000027990       0xf4 _build/nrf52832_xxaa/app_uart_fifo.c.o
                0x0000000000027990                app_uart_init
 .text.app_uart_get
                0x0000000000027a84       0x5c _build/nrf52832_xxaa/app_uart_fifo.c.o
                0x0000000000027a84                app_uart_get
 .text.app_uart_put
                0x0000000000027ae0       0x74 _build/nrf52832_xxaa/app_uart_fifo.c.o
                0x0000000000027ae0                app_uart_put
 .text.app_util_critical_region_enter
                0x0000000000027b54       0x4c _build/nrf52832_xxaa/app_util_platform.c.o
                0x0000000000027b54                app_util_critical_region_enter
 .text.app_util_critical_region_exit
                0x0000000000027ba0       0x30 _build/nrf52832_xxaa/app_util_platform.c.o
                0x0000000000027ba0                app_util_critical_region_exit
 .text.nrf_atflags_set
                0x0000000000027bd0       0x14 _build/nrf52832_xxaa/nrf_atflags.c.o
                0x0000000000027bd0                nrf_atflags_set
 .text.nrf_atflags_clear
                0x0000000000027be4       0x14 _build/nrf52832_xxaa/nrf_atflags.c.o
                0x0000000000027be4                nrf_atflags_clear
 .text.nrf_atflags_get
                0x0000000000027bf8       0x14 _build/nrf52832_xxaa/nrf_atflags.c.o
                0x0000000000027bf8                nrf_atflags_get
 .text.nrf_atomic_u32_fetch_store
                0x0000000000027c0c       0x14 _build/nrf52832_xxaa/nrf_atomic.c.o
                0x0000000000027c0c                nrf_atomic_u32_fetch_store
 .text.nrf_atomic_u32_or
                0x0000000000027c20       0x18 _build/nrf52832_xxaa/nrf_atomic.c.o
                0x0000000000027c20                nrf_atomic_u32_or
 .text.nrf_atomic_u32_and
                0x0000000000027c38       0x18 _build/nrf52832_xxaa/nrf_atomic.c.o
                0x0000000000027c38                nrf_atomic_u32_and
 .text.nrf_atomic_u32_add
                0x0000000000027c50       0x18 _build/nrf52832_xxaa/nrf_atomic.c.o
                0x0000000000027c50                nrf_atomic_u32_add
 .text.nrf_atomic_u32_sub
                0x0000000000027c68       0x18 _build/nrf52832_xxaa/nrf_atomic.c.o
                0x0000000000027c68                nrf_atomic_u32_sub
 .text.nrf_atomic_flag_set
                0x0000000000027c80       0x18 _build/nrf52832_xxaa/nrf_atomic.c.o
                0x0000000000027c80                nrf_atomic_flag_set
 .text.nrf_atomic_flag_clear_fetch
                0x0000000000027c98       0x18 _build/nrf52832_xxaa/nrf_atomic.c.o
                0x0000000000027c98                nrf_atomic_flag_clear_fetch
 .text.nrf_balloc_init
                0x0000000000027cb0       0x38 _build/nrf52832_xxaa/nrf_balloc.c.o
                0x0000000000027cb0                nrf_balloc_init
 .text.nrf_balloc_alloc
                0x0000000000027ce8       0x50 _build/nrf52832_xxaa/nrf_balloc.c.o
                0x0000000000027ce8                nrf_balloc_alloc
 .text.nrf_balloc_free
                0x0000000000027d38       0x38 _build/nrf52832_xxaa/nrf_balloc.c.o
                0x0000000000027d38                nrf_balloc_free
 .text.nrf_fprintf_buffer_flush
                0x0000000000027d70       0x18 _build/nrf52832_xxaa/nrf_fprintf.c.o
                0x0000000000027d70                nrf_fprintf_buffer_flush
 .text.nrf_fprintf
                0x0000000000027d88       0x20 _build/nrf52832_xxaa/nrf_fprintf.c.o
                0x0000000000027d88                nrf_fprintf
 .text.unsigned_print
                0x0000000000027da8      0x10c _build/nrf52832_xxaa/nrf_fprintf_format.c.o
 .text.nrf_fprintf_fmt
                0x0000000000027eb4      0x5bc _build/nrf52832_xxaa/nrf_fprintf_format.c.o
                0x0000000000027eb4                nrf_fprintf_fmt
 .text.nrf_memobj_pool_init
                0x0000000000028470        0x4 _build/nrf52832_xxaa/nrf_memobj.c.o
                0x0000000000028470                nrf_memobj_pool_init
 .text.nrf_memobj_alloc
                0x0000000000028474       0x84 _build/nrf52832_xxaa/nrf_memobj.c.o
                0x0000000000028474                nrf_memobj_alloc
 .text.nrf_memobj_get
                0x00000000000284f8        0x8 _build/nrf52832_xxaa/nrf_memobj.c.o
                0x00000000000284f8                nrf_memobj_get
 .text.nrf_memobj_put
                0x0000000000028500       0x44 _build/nrf52832_xxaa/nrf_memobj.c.o
                0x0000000000028500                nrf_memobj_put
 .text.nrf_memobj_write
                0x0000000000028544       0x68 _build/nrf52832_xxaa/nrf_memobj.c.o
                0x0000000000028544                nrf_memobj_write
 .text.nrf_memobj_read
                0x00000000000285ac       0x68 _build/nrf52832_xxaa/nrf_memobj.c.o
                0x00000000000285ac                nrf_memobj_read
 .text.sd_app_evt_wait
                0x0000000000028614        0x4 _build/nrf52832_xxaa/nrf_pwr_mgmt.c.o
 .text.nrf_pwr_mgmt_init
                0x0000000000028618       0x2c _build/nrf52832_xxaa/nrf_pwr_mgmt.c.o
                0x0000000000028618                nrf_pwr_mgmt_init
 .text.nrf_pwr_mgmt_run
                0x0000000000028644       0x50 _build/nrf52832_xxaa/nrf_pwr_mgmt.c.o
                0x0000000000028644                nrf_pwr_mgmt_run
 .text.nrf_ringbuf_init
                0x0000000000028694       0x1c _build/nrf52832_xxaa/nrf_ringbuf.c.o
                0x0000000000028694                nrf_ringbuf_init
 .text.nrf_section_iter_init
                0x00000000000286b0       0x14 _build/nrf52832_xxaa/nrf_section_iter.c.o
                0x00000000000286b0                nrf_section_iter_init
 .text.nrf_section_iter_next
                0x00000000000286c4       0x18 _build/nrf52832_xxaa/nrf_section_iter.c.o
                0x00000000000286c4                nrf_section_iter_next
 .text.nrf_strerror_get
                0x00000000000286dc       0x6c _build/nrf52832_xxaa/nrf_strerror.c.o
                0x00000000000286dc                nrf_strerror_get
 .text._write   0x0000000000028748       0x1c _build/nrf52832_xxaa/retarget.c.o
                0x0000000000028748                _write
 .text._read    0x0000000000028764       0x14 _build/nrf52832_xxaa/retarget.c.o
                0x0000000000028764                _read
 .text.SystemInit
                0x0000000000028778      0x3c0 _build/nrf52832_xxaa/system_nrf52.c.o
                0x0000000000028778                SystemInit
 .text.bsp_board_led_state_get
                0x0000000000028b38       0x1c _build/nrf52832_xxaa/boards.c.o
                0x0000000000028b38                bsp_board_led_state_get
 .text.bsp_board_led_on
                0x0000000000028b54       0x18 _build/nrf52832_xxaa/boards.c.o
                0x0000000000028b54                bsp_board_led_on
 .text.bsp_board_led_off
                0x0000000000028b6c       0x18 _build/nrf52832_xxaa/boards.c.o
                0x0000000000028b6c                bsp_board_led_off
 .text.bsp_board_leds_off
                0x0000000000028b84       0x2c _build/nrf52832_xxaa/boards.c.o
                0x0000000000028b84                bsp_board_leds_off
 .text.bsp_board_leds_on
                0x0000000000028bb0       0x2c _build/nrf52832_xxaa/boards.c.o
                0x0000000000028bb0                bsp_board_leds_on
 .text.bsp_board_led_invert
                0x0000000000028bdc       0x24 _build/nrf52832_xxaa/boards.c.o
                0x0000000000028bdc                bsp_board_led_invert
 .text.bsp_board_button_state_get
                0x0000000000028c00       0x1c _build/nrf52832_xxaa/boards.c.o
                0x0000000000028c00                bsp_board_button_state_get
 .text.bsp_board_pin_to_button_idx
                0x0000000000028c1c       0x24 _build/nrf52832_xxaa/boards.c.o
                0x0000000000028c1c                bsp_board_pin_to_button_idx
 .text.bsp_board_button_idx_to_pin
                0x0000000000028c40        0xc _build/nrf52832_xxaa/boards.c.o
                0x0000000000028c40                bsp_board_button_idx_to_pin
 .text.bsp_board_init
                0x0000000000028c4c       0x5c _build/nrf52832_xxaa/boards.c.o
                0x0000000000028c4c                bsp_board_init
 .text.clock_irq_handler
                0x0000000000028ca8       0x44 _build/nrf52832_xxaa/nrf_drv_clock.c.o
 .text.soc_evt_handler
                0x0000000000028cec       0x28 _build/nrf52832_xxaa/nrf_drv_clock.c.o
 .text.sd_state_evt_handler
                0x0000000000028d14       0xa0 _build/nrf52832_xxaa/nrf_drv_clock.c.o
 .text.nrf_drv_ppi_init
                0x0000000000028db4       0x14 _build/nrf52832_xxaa/nrf_drv_ppi.c.o
                0x0000000000028db4                nrf_drv_ppi_init
 .text.uarte_evt_handler
                0x0000000000028dc8       0x34 _build/nrf52832_xxaa/nrf_drv_uart.c.o
 .text.uart_evt_handler
                0x0000000000028dfc       0x34 _build/nrf52832_xxaa/nrf_drv_uart.c.o
 .text.nrf_drv_uart_init
                0x0000000000028e30       0x80 _build/nrf52832_xxaa/nrf_drv_uart.c.o
                0x0000000000028e30                nrf_drv_uart_init
 .text.nrfx_clock_init
                0x0000000000028eb0       0x1c _build/nrf52832_xxaa/nrfx_clock.c.o
                0x0000000000028eb0                nrfx_clock_init
 .text.nrfx_clock_enable
                0x0000000000028ecc       0x28 _build/nrf52832_xxaa/nrfx_clock.c.o
                0x0000000000028ecc                nrfx_clock_enable
 .text.nrfx_clock_lfclk_stop
                0x0000000000028ef4       0x18 _build/nrf52832_xxaa/nrfx_clock.c.o
                0x0000000000028ef4                nrfx_clock_lfclk_stop
 .text.POWER_CLOCK_IRQHandler
                0x0000000000028f0c       0x64 _build/nrf52832_xxaa/nrfx_clock.c.o
                0x0000000000028f0c                POWER_CLOCK_IRQHandler
 .text.nrfx_gpiote_init
                0x0000000000028f70       0x8c _build/nrf52832_xxaa/nrfx_gpiote.c.o
                0x0000000000028f70                nrfx_gpiote_init
 .text.nrfx_gpiote_is_init
                0x0000000000028ffc       0x14 _build/nrf52832_xxaa/nrfx_gpiote.c.o
                0x0000000000028ffc                nrfx_gpiote_is_init
 .text.nrfx_gpiote_in_init
                0x0000000000029010      0x1bc _build/nrf52832_xxaa/nrfx_gpiote.c.o
                0x0000000000029010                nrfx_gpiote_in_init
 .text.nrfx_gpiote_in_event_enable
                0x00000000000291cc       0xc4 _build/nrf52832_xxaa/nrfx_gpiote.c.o
                0x00000000000291cc                nrfx_gpiote_in_event_enable
 .text.nrfx_gpiote_in_is_set
                0x0000000000029290       0x14 _build/nrf52832_xxaa/nrfx_gpiote.c.o
                0x0000000000029290                nrfx_gpiote_in_is_set
 .text.GPIOTE_IRQHandler
                0x00000000000292a4      0x548 _build/nrf52832_xxaa/nrfx_gpiote.c.o
                0x00000000000292a4                GPIOTE_IRQHandler
 .text.UARTE0_UART0_IRQHandler
                0x00000000000297ec        0xc _build/nrf52832_xxaa/nrfx_prs.c.o
                0x00000000000297ec                UARTE0_UART0_IRQHandler
 .text.nrfx_prs_acquire
                0x00000000000297f8       0x4c _build/nrf52832_xxaa/nrfx_prs.c.o
                0x00000000000297f8                nrfx_prs_acquire
 .text.nrfx_ppi_channel_alloc
                0x0000000000029844       0x78 _build/nrf52832_xxaa/nrfx_ppi.c.o
                0x0000000000029844                nrfx_ppi_channel_alloc
 .text.nrfx_ppi_channel_assign
                0x00000000000298bc       0x4c _build/nrf52832_xxaa/nrfx_ppi.c.o
                0x00000000000298bc                nrfx_ppi_channel_assign
 .text.nrfx_ppi_channel_enable
                0x0000000000029908       0x30 _build/nrf52832_xxaa/nrfx_ppi.c.o
                0x0000000000029908                nrfx_ppi_channel_enable
 .text.SAADC_IRQHandler
                0x0000000000029938      0x1f0 _build/nrf52832_xxaa/nrfx_saadc.c.o
                0x0000000000029938                SAADC_IRQHandler
 .text.nrfx_saadc_init
                0x0000000000029b28       0x9c _build/nrf52832_xxaa/nrfx_saadc.c.o
                0x0000000000029b28                nrfx_saadc_init
 .text.nrfx_saadc_channel_init
                0x0000000000029bc4       0xd8 _build/nrf52832_xxaa/nrfx_saadc.c.o
                0x0000000000029bc4                nrfx_saadc_channel_init
 .text.nrfx_saadc_sample_task_get
                0x0000000000029c9c       0x20 _build/nrf52832_xxaa/nrfx_saadc.c.o
                0x0000000000029c9c                nrfx_saadc_sample_task_get
 .text.nrfx_saadc_buffer_convert
                0x0000000000029cbc       0xc4 _build/nrf52832_xxaa/nrfx_saadc.c.o
                0x0000000000029cbc                nrfx_saadc_buffer_convert
 .text.nrfx_timer_init
                0x0000000000029d80       0xfc _build/nrf52832_xxaa/nrfx_timer.c.o
                0x0000000000029d80                nrfx_timer_init
 .text.nrfx_timer_enable
                0x0000000000029e7c       0x1c _build/nrf52832_xxaa/nrfx_timer.c.o
                0x0000000000029e7c                nrfx_timer_enable
 .text.nrfx_timer_extended_compare
                0x0000000000029e98       0x60 _build/nrf52832_xxaa/nrfx_timer.c.o
                0x0000000000029e98                nrfx_timer_extended_compare
 .text.TIMER3_IRQHandler
                0x0000000000029ef8       0x58 _build/nrf52832_xxaa/nrfx_timer.c.o
                0x0000000000029ef8                TIMER3_IRQHandler
 .text.nrfx_uart_0_irq_handler
                0x0000000000029f50      0x1bc _build/nrf52832_xxaa/nrfx_uart.c.o
                0x0000000000029f50                nrfx_uart_0_irq_handler
 .text.nrfx_uart_init
                0x000000000002a10c      0x1a4 _build/nrf52832_xxaa/nrfx_uart.c.o
                0x000000000002a10c                nrfx_uart_init
 .text.nrfx_uart_tx
                0x000000000002a2b0       0xcc _build/nrf52832_xxaa/nrfx_uart.c.o
                0x000000000002a2b0                nrfx_uart_tx
 .text.nrfx_uart_tx_in_progress
                0x000000000002a37c       0x18 _build/nrf52832_xxaa/nrfx_uart.c.o
                0x000000000002a37c                nrfx_uart_tx_in_progress
 .text.nrfx_uart_rx
                0x000000000002a394      0x14c _build/nrf52832_xxaa/nrfx_uart.c.o
                0x000000000002a394                nrfx_uart_rx
 .text.nrfx_uarte_0_irq_handler
                0x000000000002a4e0      0x128 _build/nrf52832_xxaa/nrfx_uarte.c.o
                0x000000000002a4e0                nrfx_uarte_0_irq_handler
 .text.nrfx_uarte_init
                0x000000000002a608      0x1c4 _build/nrf52832_xxaa/nrfx_uarte.c.o
                0x000000000002a608                nrfx_uarte_init
 .text.nrfx_uarte_tx
                0x000000000002a7cc       0xa0 _build/nrf52832_xxaa/nrfx_uarte.c.o
                0x000000000002a7cc                nrfx_uarte_tx
 .text.nrfx_uarte_tx_in_progress
                0x000000000002a86c       0x1c _build/nrf52832_xxaa/nrfx_uarte.c.o
                0x000000000002a86c                nrfx_uarte_tx_in_progress
 .text.nrfx_uarte_rx
                0x000000000002a888      0x12c _build/nrf52832_xxaa/nrfx_uarte.c.o
                0x000000000002a888                nrfx_uarte_rx
 .text.alert_timer_handler
                0x000000000002a9b4        0x8 _build/nrf52832_xxaa/bsp.c.o
 .text.bsp_button_event_handler
                0x000000000002a9bc       0xa0 _build/nrf52832_xxaa/bsp.c.o
 .text.button_timer_handler
                0x000000000002aa5c       0x30 _build/nrf52832_xxaa/bsp.c.o
 .text.leds_timer_handler
                0x000000000002aa8c      0x2ec _build/nrf52832_xxaa/bsp.c.o
 .text.bsp_button_is_pressed
                0x000000000002ad78        0xc _build/nrf52832_xxaa/bsp.c.o
                0x000000000002ad78                bsp_button_is_pressed
 .text.bsp_indication_set
                0x000000000002ad84      0x330 _build/nrf52832_xxaa/bsp.c.o
                0x000000000002ad84                bsp_indication_set
 .text.bsp_init
                0x000000000002b0b4       0xbc _build/nrf52832_xxaa/bsp.c.o
                0x000000000002b0b4                bsp_init
 .text.bsp_event_to_button_action_assign
                0x000000000002b170       0x50 _build/nrf52832_xxaa/bsp.c.o
                0x000000000002b170                bsp_event_to_button_action_assign
 .text.bsp_wakeup_button_enable
                0x000000000002b1c0       0x30 _build/nrf52832_xxaa/bsp.c.o
                0x000000000002b1c0                bsp_wakeup_button_enable
 .text.ble_evt_handler
                0x000000000002b1f0       0xac _build/nrf52832_xxaa/bsp_btn_ble.c.o
 .text.bsp_btn_ble_sleep_mode_prepare
                0x000000000002b29c       0x24 _build/nrf52832_xxaa/bsp_btn_ble.c.o
                0x000000000002b29c                bsp_btn_ble_sleep_mode_prepare
 .text.bsp_btn_ble_init
                0x000000000002b2c0       0x6c _build/nrf52832_xxaa/bsp_btn_ble.c.o
                0x000000000002b2c0                bsp_btn_ble_init
 .text.sd_ble_gap_disconnect
                0x000000000002b32c        0x4 _build/nrf52832_xxaa/main.c.o
 .text.sd_ble_gap_ppcp_set
                0x000000000002b330        0x4 _build/nrf52832_xxaa/main.c.o
 .text.sd_ble_gap_device_name_set
                0x000000000002b334        0x4 _build/nrf52832_xxaa/main.c.o
 .text.sd_ble_gap_sec_params_reply
                0x000000000002b338        0x4 _build/nrf52832_xxaa/main.c.o
 .text.sd_ble_gap_phy_update
                0x000000000002b33c        0x4 _build/nrf52832_xxaa/main.c.o
 .text.sd_ble_gatts_sys_attr_set
                0x000000000002b340        0x4 _build/nrf52832_xxaa/main.c.o
 .text.sd_power_system_off
                0x000000000002b344        0x4 _build/nrf52832_xxaa/main.c.o
 .text.timer_handler
                0x000000000002b348        0x4 _build/nrf52832_xxaa/main.c.o
                0x000000000002b348                timer_handler
 .text.nrf_qwr_error_handler
                0x000000000002b34c        0x4 _build/nrf52832_xxaa/main.c.o
 .text.ble_evt_handler
                0x000000000002b350      0x118 _build/nrf52832_xxaa/main.c.o
 .text.gatt_evt_handler
                0x000000000002b468       0x50 _build/nrf52832_xxaa/main.c.o
                0x000000000002b468                gatt_evt_handler
 .text.on_conn_params_evt
                0x000000000002b4b8       0x24 _build/nrf52832_xxaa/main.c.o
 .text.bsp_event_handler
                0x000000000002b4dc       0x70 _build/nrf52832_xxaa/main.c.o
                0x000000000002b4dc                bsp_event_handler
 .text.uart_event_handle
                0x000000000002b54c       0x94 _build/nrf52832_xxaa/main.c.o
                0x000000000002b54c                uart_event_handle
 .text.saadc_callback
                0x000000000002b5e0       0x7c _build/nrf52832_xxaa/main.c.o
                0x000000000002b5e0                saadc_callback
 .text.nus_data_handler
                0x000000000002b65c       0x74 _build/nrf52832_xxaa/main.c.o
 .text.conn_params_error_handler
                0x000000000002b6d0        0x4 _build/nrf52832_xxaa/main.c.o
 .text.on_adv_evt
                0x000000000002b6d4       0x40 _build/nrf52832_xxaa/main.c.o
 .text.gatt_init
                0x000000000002b714       0x30 _build/nrf52832_xxaa/main.c.o
                0x000000000002b714                gatt_init
 .text.saadc_sampling_event_init
                0x000000000002b744       0x94 _build/nrf52832_xxaa/main.c.o
                0x000000000002b744                saadc_sampling_event_init
 .text.saadc_sampling_event_enable
                0x000000000002b7d8       0x1c _build/nrf52832_xxaa/main.c.o
                0x000000000002b7d8                saadc_sampling_event_enable
 .text.saadc_init
                0x000000000002b7f4       0x68 _build/nrf52832_xxaa/main.c.o
                0x000000000002b7f4                saadc_init
 .text.startup.main
                0x000000000002b85c      0x27c _build/nrf52832_xxaa/main.c.o
                0x000000000002b85c                main
 .text.SEGGER_RTT_WriteNoLock
                0x000000000002bad8      0x168 _build/nrf52832_xxaa/SEGGER_RTT.c.o
                0x000000000002bad8                SEGGER_RTT_WriteNoLock
 .text.SEGGER_RTT_Init
                0x000000000002bc40       0x60 _build/nrf52832_xxaa/SEGGER_RTT.c.o
                0x000000000002bc40                SEGGER_RTT_Init
 .text.sd_ble_gap_addr_get
                0x000000000002bca0        0x4 _build/nrf52832_xxaa/ble_advdata.c.o
 .text.sd_ble_gap_appearance_get
                0x000000000002bca4        0x4 _build/nrf52832_xxaa/ble_advdata.c.o
 .text.sd_ble_gap_device_name_get
                0x000000000002bca8        0x4 _build/nrf52832_xxaa/ble_advdata.c.o
 .text.sd_ble_uuid_encode
                0x000000000002bcac        0x4 _build/nrf52832_xxaa/ble_advdata.c.o
 .text.uuid_list_sized_encode
                0x000000000002bcb0       0xb4 _build/nrf52832_xxaa/ble_advdata.c.o
 .text.ble_advdata_encode
                0x000000000002bd64      0x3fc _build/nrf52832_xxaa/ble_advdata.c.o
                0x000000000002bd64                ble_advdata_encode
 .text.ble_advdata_parse
                0x000000000002c160       0x4c _build/nrf52832_xxaa/ble_advdata.c.o
                0x000000000002c160                ble_advdata_parse
 .text.sd_ble_gap_adv_set_configure
                0x000000000002c1ac        0x4 _build/nrf52832_xxaa/ble_advertising.c.o
 .text.sd_ble_gap_adv_start
                0x000000000002c1b0        0x4 _build/nrf52832_xxaa/ble_advertising.c.o
 .text.sd_ble_gap_adv_stop
                0x000000000002c1b4        0x4 _build/nrf52832_xxaa/ble_advertising.c.o
 .text.ble_advertising_start.part.3
                0x000000000002c1b8      0x2d0 _build/nrf52832_xxaa/ble_advertising.c.o
 .text.ble_advertising_conn_cfg_tag_set
                0x000000000002c488        0x8 _build/nrf52832_xxaa/ble_advertising.c.o
                0x000000000002c488                ble_advertising_conn_cfg_tag_set
 .text.ble_advertising_init
                0x000000000002c490      0x100 _build/nrf52832_xxaa/ble_advertising.c.o
                0x000000000002c490                ble_advertising_init
 .text.ble_advertising_start
                0x000000000002c590      0x2c8 _build/nrf52832_xxaa/ble_advertising.c.o
                0x000000000002c590                ble_advertising_start
 .text.ble_advertising_on_ble_evt
                0x000000000002c858       0x8c _build/nrf52832_xxaa/ble_advertising.c.o
                0x000000000002c858                ble_advertising_on_ble_evt
 .text.ble_advertising_on_sys_evt
                0x000000000002c8e4        0x4 _build/nrf52832_xxaa/ble_advertising.c.o
                0x000000000002c8e4                ble_advertising_on_sys_evt
 .text.ble_advertising_restart_without_whitelist
                0x000000000002c8e8       0x60 _build/nrf52832_xxaa/ble_advertising.c.o
                0x000000000002c8e8                ble_advertising_restart_without_whitelist
 .text.sd_ble_gap_conn_param_update
                0x000000000002c948        0x4 _build/nrf52832_xxaa/ble_conn_params.c.o
 .text.sd_ble_gap_disconnect
                0x000000000002c94c        0x4 _build/nrf52832_xxaa/ble_conn_params.c.o
 .text.sd_ble_gap_ppcp_set
                0x000000000002c950        0x4 _build/nrf52832_xxaa/ble_conn_params.c.o
 .text.sd_ble_gap_ppcp_get
                0x000000000002c954        0x4 _build/nrf52832_xxaa/ble_conn_params.c.o
 .text.update_timeout_handler
                0x000000000002c958       0x80 _build/nrf52832_xxaa/ble_conn_params.c.o
 .text.ble_evt_handler
                0x000000000002c9d8      0x1d4 _build/nrf52832_xxaa/ble_conn_params.c.o
 .text.ble_conn_params_init
                0x000000000002cbac       0x7c _build/nrf52832_xxaa/ble_conn_params.c.o
                0x000000000002cbac                ble_conn_params_init
 .text.ble_evt_handler
                0x000000000002cc28      0x124 _build/nrf52832_xxaa/ble_conn_state.c.o
 .text.ble_conn_state_conn_idx
                0x000000000002cd4c       0x24 _build/nrf52832_xxaa/ble_conn_state.c.o
                0x000000000002cd4c                ble_conn_state_conn_idx
 .text.blcm_link_ctx_get
                0x000000000002cd70       0x4c _build/nrf52832_xxaa/ble_link_ctx_manager.c.o
                0x000000000002cd70                blcm_link_ctx_get
 .text.sd_ble_gatts_characteristic_add
                0x000000000002cdbc        0x4 _build/nrf52832_xxaa/ble_srv_common.c.o
 .text.ble_srv_is_notification_enabled
                0x000000000002cdc0        0x8 _build/nrf52832_xxaa/ble_srv_common.c.o
                0x000000000002cdc0                ble_srv_is_notification_enabled
 .text.characteristic_add
                0x000000000002cdc8      0x270 _build/nrf52832_xxaa/ble_srv_common.c.o
                0x000000000002cdc8                characteristic_add
 .text.sd_ble_gap_data_length_update
                0x000000000002d038        0x4 _build/nrf52832_xxaa/nrf_ble_gatt.c.o
 .text.sd_ble_gattc_exchange_mtu_request
                0x000000000002d03c        0x4 _build/nrf52832_xxaa/nrf_ble_gatt.c.o
 .text.sd_ble_gatts_exchange_mtu_reply
                0x000000000002d040        0x4 _build/nrf52832_xxaa/nrf_ble_gatt.c.o
 .text.nrf_ble_gatt_init
                0x000000000002d044       0x30 _build/nrf52832_xxaa/nrf_ble_gatt.c.o
                0x000000000002d044                nrf_ble_gatt_init
 .text.nrf_ble_gatt_att_mtu_periph_set
                0x000000000002d074       0x18 _build/nrf52832_xxaa/nrf_ble_gatt.c.o
                0x000000000002d074                nrf_ble_gatt_att_mtu_periph_set
 .text.nrf_ble_gatt_on_ble_evt
                0x000000000002d08c      0x240 _build/nrf52832_xxaa/nrf_ble_gatt.c.o
                0x000000000002d08c                nrf_ble_gatt_on_ble_evt
 .text.sd_ble_gatts_rw_authorize_reply
                0x000000000002d2cc        0x4 _build/nrf52832_xxaa/nrf_ble_qwr.c.o
 .text.sd_ble_user_mem_reply
                0x000000000002d2d0        0x4 _build/nrf52832_xxaa/nrf_ble_qwr.c.o
 .text.nrf_ble_qwr_init
                0x000000000002d2d4       0x24 _build/nrf52832_xxaa/nrf_ble_qwr.c.o
                0x000000000002d2d4                nrf_ble_qwr_init
 .text.nrf_ble_qwr_conn_handle_assign
                0x000000000002d2f8       0x18 _build/nrf52832_xxaa/nrf_ble_qwr.c.o
                0x000000000002d2f8                nrf_ble_qwr_conn_handle_assign
 .text.nrf_ble_qwr_on_ble_evt
                0x000000000002d310       0xf8 _build/nrf52832_xxaa/nrf_ble_qwr.c.o
                0x000000000002d310                nrf_ble_qwr_on_ble_evt
 .text.sd_ble_gatts_service_add
                0x000000000002d408        0x4 _build/nrf52832_xxaa/ble_nus.c.o
 .text.sd_ble_gatts_value_get
                0x000000000002d40c        0x4 _build/nrf52832_xxaa/ble_nus.c.o
 .text.sd_ble_gatts_hvx
                0x000000000002d410        0x4 _build/nrf52832_xxaa/ble_nus.c.o
 .text.sd_ble_uuid_vs_add
                0x000000000002d414        0x4 _build/nrf52832_xxaa/ble_nus.c.o
 .text.ble_nus_on_ble_evt
                0x000000000002d418      0x13c _build/nrf52832_xxaa/ble_nus.c.o
                0x000000000002d418                ble_nus_on_ble_evt
 .text.ble_nus_init
                0x000000000002d554       0xdc _build/nrf52832_xxaa/ble_nus.c.o
                0x000000000002d554                ble_nus_init
 .text.ble_nus_data_send
                0x000000000002d630       0x68 _build/nrf52832_xxaa/ble_nus.c.o
                0x000000000002d630                ble_nus_data_send
 .text.sd_softdevice_enable
                0x000000000002d698        0x4 _build/nrf52832_xxaa/nrf_sdh.c.o
 .text.nrf_sdh_enable_request
                0x000000000002d69c      0x114 _build/nrf52832_xxaa/nrf_sdh.c.o
                0x000000000002d69c                nrf_sdh_enable_request
 .text.nrf_sdh_is_enabled
                0x000000000002d7b0        0xc _build/nrf52832_xxaa/nrf_sdh.c.o
                0x000000000002d7b0                nrf_sdh_is_enabled
 .text.SWI2_EGU2_IRQHandler
                0x000000000002d7bc       0x2c _build/nrf52832_xxaa/nrf_sdh.c.o
                0x000000000002d7bc                SWI2_EGU2_IRQHandler
 .text.sd_ble_enable
                0x000000000002d7e8        0x4 _build/nrf52832_xxaa/nrf_sdh_ble.c.o
 .text.sd_ble_cfg_set
                0x000000000002d7ec        0x4 _build/nrf52832_xxaa/nrf_sdh_ble.c.o
 .text.sd_ble_evt_get
                0x000000000002d7f0        0x4 _build/nrf52832_xxaa/nrf_sdh_ble.c.o
 .text.nrf_sdh_ble_evts_poll.part.1
                0x000000000002d7f4       0x54 _build/nrf52832_xxaa/nrf_sdh_ble.c.o
 .text.nrf_sdh_ble_evts_poll
                0x000000000002d848       0x10 _build/nrf52832_xxaa/nrf_sdh_ble.c.o
 .text.nrf_sdh_ble_default_cfg_set
                0x000000000002d858      0x1bc _build/nrf52832_xxaa/nrf_sdh_ble.c.o
                0x000000000002d858                nrf_sdh_ble_default_cfg_set
 .text.nrf_sdh_ble_enable
                0x000000000002da14       0x9c _build/nrf52832_xxaa/nrf_sdh_ble.c.o
                0x000000000002da14                nrf_sdh_ble_enable
 .text.sd_evt_get
                0x000000000002dab0        0x4 _build/nrf52832_xxaa/nrf_sdh_soc.c.o
 .text.nrf_sdh_soc_evts_poll
                0x000000000002dab4       0x4c _build/nrf52832_xxaa/nrf_sdh_soc.c.o
 .text.exit     0x000000000002db00       0x28 /Users/anita/opt/gcc-arm-none-eabi-7-2017-q4-major/bin/../lib/gcc/arm-none-eabi/7.2.1/../../../../arm-none-eabi/lib/thumb/v7e-m/fpv4-sp/hard/libc_nano.a(lib_a-exit.o)
                0x000000000002db00                exit
 .text.__libc_init_array
                0x000000000002db28       0x48 /Users/anita/opt/gcc-arm-none-eabi-7-2017-q4-major/bin/../lib/gcc/arm-none-eabi/7.2.1/../../../../arm-none-eabi/lib/thumb/v7e-m/fpv4-sp/hard/libc_nano.a(lib_a-init.o)
                0x000000000002db28                __libc_init_array
 .text.__locale_ctype_ptr
                0x000000000002db70       0x1c /Users/anita/opt/gcc-arm-none-eabi-7-2017-q4-major/bin/../lib/gcc/arm-none-eabi/7.2.1/../../../../arm-none-eabi/lib/thumb/v7e-m/fpv4-sp/hard/libc_nano.a(lib_a-locale.o)
                0x000000000002db70                __locale_ctype_ptr
 .text.__ascii_mbtowc
                0x000000000002db8c       0x24 /Users/anita/opt/gcc-arm-none-eabi-7-2017-q4-major/bin/../lib/gcc/arm-none-eabi/7.2.1/../../../../arm-none-eabi/lib/thumb/v7e-m/fpv4-sp/hard/libc_nano.a(lib_a-mbtowc_r.o)
                0x000000000002db8c                __ascii_mbtowc
 .text.memcpy   0x000000000002dbb0       0x16 /Users/anita/opt/gcc-arm-none-eabi-7-2017-q4-major/bin/../lib/gcc/arm-none-eabi/7.2.1/../../../../arm-none-eabi/lib/thumb/v7e-m/fpv4-sp/hard/libc_nano.a(lib_a-memcpy-stub.o)
                0x000000000002dbb0                memcpy
 .text.memset   0x000000000002dbc6       0x10 /Users/anita/opt/gcc-arm-none-eabi-7-2017-q4-major/bin/../lib/gcc/arm-none-eabi/7.2.1/../../../../arm-none-eabi/lib/thumb/v7e-m/fpv4-sp/hard/libc_nano.a(lib_a-memset.o)
                0x000000000002dbc6                memset
 *fill*         0x000000000002dbd6        0x2 
 .text.printf   0x000000000002dbd8       0x30 /Users/anita/opt/gcc-arm-none-eabi-7-2017-q4-major/bin/../lib/gcc/arm-none-eabi/7.2.1/../../../../arm-none-eabi/lib/thumb/v7e-m/fpv4-sp/hard/libc_nano.a(lib_a-printf.o)
                0x000000000002dbd8                printf
                0x000000000002dbd8                iprintf
 .text.strcpy   0x000000000002dc08       0x10 /Users/anita/opt/gcc-arm-none-eabi-7-2017-q4-major/bin/../lib/gcc/arm-none-eabi/7.2.1/../../../../arm-none-eabi/lib/thumb/v7e-m/fpv4-sp/hard/libc_nano.a(lib_a-strcpy.o)
                0x000000000002dc08                strcpy
 .text          0x000000000002dc18       0x10 /Users/anita/opt/gcc-arm-none-eabi-7-2017-q4-major/bin/../lib/gcc/arm-none-eabi/7.2.1/../../../../arm-none-eabi/lib/thumb/v7e-m/fpv4-sp/hard/libc_nano.a(lib_a-strlen.o)
                0x000000000002dc18                strlen
 .text.__ascii_wctomb
                0x000000000002dc28       0x1a /Users/anita/opt/gcc-arm-none-eabi-7-2017-q4-major/bin/../lib/gcc/arm-none-eabi/7.2.1/../../../../arm-none-eabi/lib/thumb/v7e-m/fpv4-sp/hard/libc_nano.a(lib_a-wctomb_r.o)
                0x000000000002dc28                __ascii_wctomb
 *fill*         0x000000000002dc42        0x2 
 .text.std      0x000000000002dc44       0x48 /Users/anita/opt/gcc-arm-none-eabi-7-2017-q4-major/bin/../lib/gcc/arm-none-eabi/7.2.1/../../../../arm-none-eabi/lib/thumb/v7e-m/fpv4-sp/hard/libc_nano.a(lib_a-findfp.o)
 .text._cleanup_r
                0x000000000002dc8c        0xc /Users/anita/opt/gcc-arm-none-eabi-7-2017-q4-major/bin/../lib/gcc/arm-none-eabi/7.2.1/../../../../arm-none-eabi/lib/thumb/v7e-m/fpv4-sp/hard/libc_nano.a(lib_a-findfp.o)
                0x000000000002dc8c                _cleanup_r
 .text.__sfmoreglue
                0x000000000002dc98       0x2c /Users/anita/opt/gcc-arm-none-eabi-7-2017-q4-major/bin/../lib/gcc/arm-none-eabi/7.2.1/../../../../arm-none-eabi/lib/thumb/v7e-m/fpv4-sp/hard/libc_nano.a(lib_a-findfp.o)
                0x000000000002dc98                __sfmoreglue
 .text.__sinit  0x000000000002dcc4       0x60 /Users/anita/opt/gcc-arm-none-eabi-7-2017-q4-major/bin/../lib/gcc/arm-none-eabi/7.2.1/../../../../arm-none-eabi/lib/thumb/v7e-m/fpv4-sp/hard/libc_nano.a(lib_a-findfp.o)
                0x000000000002dcc4                __sinit
 .text.__sfp    0x000000000002dd24       0x78 /Users/anita/opt/gcc-arm-none-eabi-7-2017-q4-major/bin/../lib/gcc/arm-none-eabi/7.2.1/../../../../arm-none-eabi/lib/thumb/v7e-m/fpv4-sp/hard/libc_nano.a(lib_a-findfp.o)
                0x000000000002dd24                __sfp
 .text._fwalk_reent
                0x000000000002dd9c       0x3c /Users/anita/opt/gcc-arm-none-eabi-7-2017-q4-major/bin/../lib/gcc/arm-none-eabi/7.2.1/../../../../arm-none-eabi/lib/thumb/v7e-m/fpv4-sp/hard/libc_nano.a(lib_a-fwalk.o)
                0x000000000002dd9c                _fwalk_reent
 .text._malloc_r
                0x000000000002ddd8       0xb4 /Users/anita/opt/gcc-arm-none-eabi-7-2017-q4-major/bin/../lib/gcc/arm-none-eabi/7.2.1/../../../../arm-none-eabi/lib/thumb/v7e-m/fpv4-sp/hard/libc_nano.a(lib_a-nano-mallocr.o)
                0x000000000002ddd8                _malloc_r
 .text.__sfputc_r
                0x000000000002de8c       0x2e /Users/anita/opt/gcc-arm-none-eabi-7-2017-q4-major/bin/../lib/gcc/arm-none-eabi/7.2.1/../../../../arm-none-eabi/lib/thumb/v7e-m/fpv4-sp/hard/libc_nano.a(lib_a-nano-vfprintf.o)
 .text.__sfputs_r
                0x000000000002deba       0x24 /Users/anita/opt/gcc-arm-none-eabi-7-2017-q4-major/bin/../lib/gcc/arm-none-eabi/7.2.1/../../../../arm-none-eabi/lib/thumb/v7e-m/fpv4-sp/hard/libc_nano.a(lib_a-nano-vfprintf.o)
                0x000000000002deba                __sfputs_r
 *fill*         0x000000000002dede        0x2 
 .text._vfprintf_r
                0x000000000002dee0      0x228 /Users/anita/opt/gcc-arm-none-eabi-7-2017-q4-major/bin/../lib/gcc/arm-none-eabi/7.2.1/../../../../arm-none-eabi/lib/thumb/v7e-m/fpv4-sp/hard/libc_nano.a(lib_a-nano-vfprintf.o)
                0x000000000002dee0                _vfiprintf_r
                0x000000000002dee0                _vfprintf_r
 .text._printf_common
                0x000000000002e108       0xea /Users/anita/opt/gcc-arm-none-eabi-7-2017-q4-major/bin/../lib/gcc/arm-none-eabi/7.2.1/../../../../arm-none-eabi/lib/thumb/v7e-m/fpv4-sp/hard/libc_nano.a(lib_a-nano-vfprintf_i.o)
                0x000000000002e108                _printf_common
 *fill*         0x000000000002e1f2        0x2 
 .text._printf_i
                0x000000000002e1f4      0x224 /Users/anita/opt/gcc-arm-none-eabi-7-2017-q4-major/bin/../lib/gcc/arm-none-eabi/7.2.1/../../../../arm-none-eabi/lib/thumb/v7e-m/fpv4-sp/hard/libc_nano.a(lib_a-nano-vfprintf_i.o)
                0x000000000002e1f4                _printf_i
 .text._sbrk_r  0x000000000002e418       0x20 /Users/anita/opt/gcc-arm-none-eabi-7-2017-q4-major/bin/../lib/gcc/arm-none-eabi/7.2.1/../../../../arm-none-eabi/lib/thumb/v7e-m/fpv4-sp/hard/libc_nano.a(lib_a-sbrkr.o)
                0x000000000002e418                _sbrk_r
 .text.__sread  0x000000000002e438       0x22 /Users/anita/opt/gcc-arm-none-eabi-7-2017-q4-major/bin/../lib/gcc/arm-none-eabi/7.2.1/../../../../arm-none-eabi/lib/thumb/v7e-m/fpv4-sp/hard/libc_nano.a(lib_a-stdio.o)
                0x000000000002e438                __sread
 .text.__swrite
                0x000000000002e45a       0x38 /Users/anita/opt/gcc-arm-none-eabi-7-2017-q4-major/bin/../lib/gcc/arm-none-eabi/7.2.1/../../../../arm-none-eabi/lib/thumb/v7e-m/fpv4-sp/hard/libc_nano.a(lib_a-stdio.o)
                0x000000000002e45a                __swrite
 .text.__sseek  0x000000000002e492       0x24 /Users/anita/opt/gcc-arm-none-eabi-7-2017-q4-major/bin/../lib/gcc/arm-none-eabi/7.2.1/../../../../arm-none-eabi/lib/thumb/v7e-m/fpv4-sp/hard/libc_nano.a(lib_a-stdio.o)
                0x000000000002e492                __sseek
 .text.__sclose
                0x000000000002e4b6        0x8 /Users/anita/opt/gcc-arm-none-eabi-7-2017-q4-major/bin/../lib/gcc/arm-none-eabi/7.2.1/../../../../arm-none-eabi/lib/thumb/v7e-m/fpv4-sp/hard/libc_nano.a(lib_a-stdio.o)
                0x000000000002e4b6                __sclose
 *fill*         0x000000000002e4be        0x2 
 .text.__swbuf_r
                0x000000000002e4c0       0xa4 /Users/anita/opt/gcc-arm-none-eabi-7-2017-q4-major/bin/../lib/gcc/arm-none-eabi/7.2.1/../../../../arm-none-eabi/lib/thumb/v7e-m/fpv4-sp/hard/libc_nano.a(lib_a-wbuf.o)
                0x000000000002e4c0                __swbuf_r
 .text._write_r
                0x000000000002e564       0x24 /Users/anita/opt/gcc-arm-none-eabi-7-2017-q4-major/bin/../lib/gcc/arm-none-eabi/7.2.1/../../../../arm-none-eabi/lib/thumb/v7e-m/fpv4-sp/hard/libc_nano.a(lib_a-writer.o)
                0x000000000002e564                _write_r
 .text.__swsetup_r
                0x000000000002e588       0xdc /Users/anita/opt/gcc-arm-none-eabi-7-2017-q4-major/bin/../lib/gcc/arm-none-eabi/7.2.1/../../../../arm-none-eabi/lib/thumb/v7e-m/fpv4-sp/hard/libc_nano.a(lib_a-wsetup.o)
                0x000000000002e588                __swsetup_r
 .text._close_r
                0x000000000002e664       0x20 /Users/anita/opt/gcc-arm-none-eabi-7-2017-q4-major/bin/../lib/gcc/arm-none-eabi/7.2.1/../../../../arm-none-eabi/lib/thumb/v7e-m/fpv4-sp/hard/libc_nano.a(lib_a-closer.o)
                0x000000000002e664                _close_r
 .text.__sflush_r
                0x000000000002e684      0x10c /Users/anita/opt/gcc-arm-none-eabi-7-2017-q4-major/bin/../lib/gcc/arm-none-eabi/7.2.1/../../../../arm-none-eabi/lib/thumb/v7e-m/fpv4-sp/hard/libc_nano.a(lib_a-fflush.o)
                0x000000000002e684                __sflush_r
 .text._fflush_r
                0x000000000002e790       0x54 /Users/anita/opt/gcc-arm-none-eabi-7-2017-q4-major/bin/../lib/gcc/arm-none-eabi/7.2.1/../../../../arm-none-eabi/lib/thumb/v7e-m/fpv4-sp/hard/libc_nano.a(lib_a-fflush.o)
                0x000000000002e790                _fflush_r
 .text._lseek_r
                0x000000000002e7e4       0x24 /Users/anita/opt/gcc-arm-none-eabi-7-2017-q4-major/bin/../lib/gcc/arm-none-eabi/7.2.1/../../../../arm-none-eabi/lib/thumb/v7e-m/fpv4-sp/hard/libc_nano.a(lib_a-lseekr.o)
                0x000000000002e7e4                _lseek_r
 .text.__swhatbuf_r
                0x000000000002e808       0x48 /Users/anita/opt/gcc-arm-none-eabi-7-2017-q4-major/bin/../lib/gcc/arm-none-eabi/7.2.1/../../../../arm-none-eabi/lib/thumb/v7e-m/fpv4-sp/hard/libc_nano.a(lib_a-makebuf.o)
                0x000000000002e808                __swhatbuf_r
 .text.__smakebuf_r
                0x000000000002e850       0x80 /Users/anita/opt/gcc-arm-none-eabi-7-2017-q4-major/bin/../lib/gcc/arm-none-eabi/7.2.1/../../../../arm-none-eabi/lib/thumb/v7e-m/fpv4-sp/hard/libc_nano.a(lib_a-makebuf.o)
                0x000000000002e850                __smakebuf_r
 .text          0x000000000002e8d0       0xa0 /Users/anita/opt/gcc-arm-none-eabi-7-2017-q4-major/bin/../lib/gcc/arm-none-eabi/7.2.1/../../../../arm-none-eabi/lib/thumb/v7e-m/fpv4-sp/hard/libc_nano.a(lib_a-memchr.o)
                0x000000000002e8d0                memchr
 .text.__malloc_lock
                0x000000000002e970        0x2 /Users/anita/opt/gcc-arm-none-eabi-7-2017-q4-major/bin/../lib/gcc/arm-none-eabi/7.2.1/../../../../arm-none-eabi/lib/thumb/v7e-m/fpv4-sp/hard/libc_nano.a(lib_a-mlock.o)
                0x000000000002e970                __malloc_lock
 .text.__malloc_unlock
                0x000000000002e972        0x2 /Users/anita/opt/gcc-arm-none-eabi-7-2017-q4-major/bin/../lib/gcc/arm-none-eabi/7.2.1/../../../../arm-none-eabi/lib/thumb/v7e-m/fpv4-sp/hard/libc_nano.a(lib_a-mlock.o)
                0x000000000002e972                __malloc_unlock
 .text._free_r  0x000000000002e974       0x9c /Users/anita/opt/gcc-arm-none-eabi-7-2017-q4-major/bin/../lib/gcc/arm-none-eabi/7.2.1/../../../../arm-none-eabi/lib/thumb/v7e-m/fpv4-sp/hard/libc_nano.a(lib_a-nano-freer.o)
                0x000000000002e974                _free_r
 .text._read_r  0x000000000002ea10       0x24 /Users/anita/opt/gcc-arm-none-eabi-7-2017-q4-major/bin/../lib/gcc/arm-none-eabi/7.2.1/../../../../arm-none-eabi/lib/thumb/v7e-m/fpv4-sp/hard/libc_nano.a(lib_a-readr.o)
                0x000000000002ea10                _read_r
 .text._fstat_r
                0x000000000002ea34       0x24 /Users/anita/opt/gcc-arm-none-eabi-7-2017-q4-major/bin/../lib/gcc/arm-none-eabi/7.2.1/../../../../arm-none-eabi/lib/thumb/v7e-m/fpv4-sp/hard/libc_nano.a(lib_a-fstatr.o)
                0x000000000002ea34                _fstat_r
 .text._isatty_r
                0x000000000002ea58       0x20 /Users/anita/opt/gcc-arm-none-eabi-7-2017-q4-major/bin/../lib/gcc/arm-none-eabi/7.2.1/../../../../arm-none-eabi/lib/thumb/v7e-m/fpv4-sp/hard/libc_nano.a(lib_a-isattyr.o)
                0x000000000002ea58                _isatty_r
 .text._close   0x000000000002ea78       0x10 /Users/anita/opt/gcc-arm-none-eabi-7-2017-q4-major/bin/../lib/gcc/arm-none-eabi/7.2.1/../../../../arm-none-eabi/lib/thumb/v7e-m/fpv4-sp/hard/libnosys.a(close.o)
                0x000000000002ea78                _close
 .text._fstat   0x000000000002ea88       0x10 /Users/anita/opt/gcc-arm-none-eabi-7-2017-q4-major/bin/../lib/gcc/arm-none-eabi/7.2.1/../../../../arm-none-eabi/lib/thumb/v7e-m/fpv4-sp/hard/libnosys.a(fstat.o)
                0x000000000002ea88                _fstat
 .text._isatty  0x000000000002ea98       0x10 /Users/anita/opt/gcc-arm-none-eabi-7-2017-q4-major/bin/../lib/gcc/arm-none-eabi/7.2.1/../../../../arm-none-eabi/lib/thumb/v7e-m/fpv4-sp/hard/libnosys.a(isatty.o)
                0x000000000002ea98                _isatty
 .text._lseek   0x000000000002eaa8       0x10 /Users/anita/opt/gcc-arm-none-eabi-7-2017-q4-major/bin/../lib/gcc/arm-none-eabi/7.2.1/../../../../arm-none-eabi/lib/thumb/v7e-m/fpv4-sp/hard/libnosys.a(lseek.o)
                0x000000000002eaa8                _lseek
 .text._sbrk    0x000000000002eab8       0x1c /Users/anita/opt/gcc-arm-none-eabi-7-2017-q4-major/bin/../lib/gcc/arm-none-eabi/7.2.1/../../../../arm-none-eabi/lib/thumb/v7e-m/fpv4-sp/hard/libnosys.a(sbrk.o)
                0x000000000002eab8                _sbrk
 .text._exit    0x000000000002ead4        0x4 /Users/anita/opt/gcc-arm-none-eabi-7-2017-q4-major/bin/../lib/gcc/arm-none-eabi/7.2.1/../../../../arm-none-eabi/lib/thumb/v7e-m/fpv4-sp/hard/libnosys.a(_exit.o)
                0x000000000002ead4                _exit
 .text          0x000000000002ead8       0x30 /Users/anita/opt/gcc-arm-none-eabi-7-2017-q4-major/bin/../lib/gcc/arm-none-eabi/7.2.1/thumb/v7e-m/fpv4-sp/hard/libgcc.a(_aeabi_uldivmod.o)
                0x000000000002ead8                __aeabi_uldivmod
 .text          0x000000000002eb08      0x2cc /Users/anita/opt/gcc-arm-none-eabi-7-2017-q4-major/bin/../lib/gcc/arm-none-eabi/7.2.1/thumb/v7e-m/fpv4-sp/hard/libgcc.a(_udivmoddi4.o)
                0x000000000002eb08                __udivmoddi4
 .text          0x000000000002edd4        0x4 /Users/anita/opt/gcc-arm-none-eabi-7-2017-q4-major/bin/../lib/gcc/arm-none-eabi/7.2.1/thumb/v7e-m/fpv4-sp/hard/libgcc.a(_dvmd_tls.o)
                0x000000000002edd4                __aeabi_ldiv0
                0x000000000002edd4                __aeabi_idiv0
 *(.init)
 .init          0x000000000002edd8        0x4 /Users/anita/opt/gcc-arm-none-eabi-7-2017-q4-major/bin/../lib/gcc/arm-none-eabi/7.2.1/thumb/v7e-m/fpv4-sp/hard/crti.o
                0x000000000002edd8                _init
 .init          0x000000000002eddc        0x8 /Users/anita/opt/gcc-arm-none-eabi-7-2017-q4-major/bin/../lib/gcc/arm-none-eabi/7.2.1/thumb/v7e-m/fpv4-sp/hard/crtn.o
 *(.fini)
 .fini          0x000000000002ede4        0x4 /Users/anita/opt/gcc-arm-none-eabi-7-2017-q4-major/bin/../lib/gcc/arm-none-eabi/7.2.1/thumb/v7e-m/fpv4-sp/hard/crti.o
                0x000000000002ede4                _fini
 .fini          0x000000000002ede8        0x8 /Users/anita/opt/gcc-arm-none-eabi-7-2017-q4-major/bin/../lib/gcc/arm-none-eabi/7.2.1/thumb/v7e-m/fpv4-sp/hard/crtn.o
 *crtbegin.o(.ctors)
 *crtbegin?.o(.ctors)
 *(EXCLUDE_FILE(*crtend.o *crtend?.o) .ctors)
 *(SORT_BY_NAME(.ctors.*))
 *(.ctors)
 *crtbegin.o(.dtors)
 *crtbegin?.o(.dtors)
 *(EXCLUDE_FILE(*crtend.o *crtend?.o) .dtors)
 *(SORT_BY_NAME(.dtors.*))
 *(.dtors)
 *(.rodata*)
 .rodata.delay_bytecode.8972
                0x000000000002edf0        0x6 _build/nrf52832_xxaa/nrf_log_backend_rtt.c.o
 *fill*         0x000000000002edf6        0x2 
 .rodata.nrf_log_backend_rtt_api
                0x000000000002edf8        0xc _build/nrf52832_xxaa/nrf_log_backend_rtt.c.o
                0x000000000002edf8                nrf_log_backend_rtt_api
 .rodata.str1.4
                0x000000000002ee04       0x10 _build/nrf52832_xxaa/nrf_log_default_backends.c.o
 .rodata.m_log_push_ringbuf
                0x000000000002ee14        0xc _build/nrf52832_xxaa/nrf_log_frontend.c.o
 .rodata.nrf_log_frontend_dequeue.part.6.str1.4
                0x000000000002ee20       0x11 _build/nrf52832_xxaa/nrf_log_frontend.c.o
 *fill*         0x000000000002ee31        0x3 
 .rodata.str1.4
                0x000000000002ee34        0x4 _build/nrf52832_xxaa/nrf_log_frontend.c.o
 .rodata.m_colors
                0x000000000002ee38       0x24 _build/nrf52832_xxaa/nrf_log_str_formatter.c.o
 .rodata.nrf_log_hexdump_entry_process.str1.4
                0x000000000002ee5c       0x13 _build/nrf52832_xxaa/nrf_log_str_formatter.c.o
                                         0x16 (size before relaxing)
 *fill*         0x000000000002ee6f        0x1 
 .rodata.nrf_log_std_entry_process.str1.4
                0x000000000002ee70       0x3b _build/nrf52832_xxaa/nrf_log_str_formatter.c.o
 *fill*         0x000000000002eeab        0x1 
 .rodata.severity_names
                0x000000000002eeac       0x14 _build/nrf52832_xxaa/nrf_log_str_formatter.c.o
 .rodata.str1.4
                0x000000000002eec0       0x56 _build/nrf52832_xxaa/nrf_log_str_formatter.c.o
 *fill*         0x000000000002ef16        0x2 
 .rodata.m_detection_delay_timer_id
                0x000000000002ef18        0x4 _build/nrf52832_xxaa/app_button.c.o
 .rodata.app_error_fault_handler.str1.4
                0x000000000002ef1c       0x19 _build/nrf52832_xxaa/app_error_weak.c.o
 *fill*         0x000000000002ef35        0xb 
 .rodata.delay_bytecode.8696
                0x000000000002ef40        0x6 _build/nrf52832_xxaa/app_timer.c.o
 *fill*         0x000000000002ef46        0x2 
 .rodata        0x000000000002ef48       0x20 _build/nrf52832_xxaa/app_uart_fifo.c.o
 .rodata._aV2C.7399
                0x000000000002ef68       0x10 _build/nrf52832_xxaa/nrf_fprintf_format.c.o
 .rodata.pwr_mgmt_data
                0x000000000002ef78        0xc _build/nrf52832_xxaa/nrf_pwr_mgmt.c.o
 .rodata.str1.4
                0x000000000002ef84        0x9 _build/nrf52832_xxaa/nrf_pwr_mgmt.c.o
 *fill*         0x000000000002ef8d        0x3 
 .rodata.m_unknown_str
                0x000000000002ef90       0x13 _build/nrf52832_xxaa/nrf_strerror.c.o
 *fill*         0x000000000002efa3        0x1 
 .rodata.nrf_strerror_array
                0x000000000002efa4      0x128 _build/nrf52832_xxaa/nrf_strerror.c.o
 .rodata.str1.4
                0x000000000002f0cc      0x3e9 _build/nrf52832_xxaa/nrf_strerror.c.o
 *fill*         0x000000000002f4b5        0x3 
 .rodata.m_board_btn_list
                0x000000000002f4b8        0x4 _build/nrf52832_xxaa/boards.c.o
 .rodata.m_board_led_list
                0x000000000002f4bc        0x4 _build/nrf52832_xxaa/boards.c.o
 .rodata.str1.4
                0x000000000002f4c0        0x6 _build/nrf52832_xxaa/nrf_drv_clock.c.o
 *fill*         0x000000000002f4c6        0x2 
 .rodata.str1.4
                0x000000000002f4c8        0x6 _build/nrf52832_xxaa/nrfx_clock.c.o
 *fill*         0x000000000002f4ce        0x2 
 .rodata.str1.4
                0x000000000002f4d0        0x7 _build/nrf52832_xxaa/nrfx_gpiote.c.o
 *fill*         0x000000000002f4d7        0x1 
 .rodata.str1.4
                0x000000000002f4d8        0x4 _build/nrf52832_xxaa/nrfx_prs.c.o
 .rodata.str1.4
                0x000000000002f4dc        0x4 _build/nrf52832_xxaa/nrfx_ppi.c.o
 .rodata.str1.4
                0x000000000002f4e0        0x6 _build/nrf52832_xxaa/nrfx_saadc.c.o
 *fill*         0x000000000002f4e6        0x2 
 .rodata.str1.4
                0x000000000002f4e8        0x6 _build/nrf52832_xxaa/nrfx_timer.c.o
 *fill*         0x000000000002f4ee        0x2 
 .rodata.str1.4
                0x000000000002f4f0        0x5 _build/nrf52832_xxaa/nrfx_uart.c.o
 *fill*         0x000000000002f4f5        0x3 
 .rodata.str1.4
                0x000000000002f4f8        0x6 _build/nrf52832_xxaa/nrfx_uarte.c.o
 *fill*         0x000000000002f4fe        0x2 
 .rodata.app_buttons
                0x000000000002f500       0x20 _build/nrf52832_xxaa/bsp.c.o
 .rodata.m_bsp_alert_tmr
                0x000000000002f520        0x4 _build/nrf52832_xxaa/bsp.c.o
 .rodata.m_bsp_button_tmr
                0x000000000002f524        0x4 _build/nrf52832_xxaa/bsp.c.o
 .rodata.m_bsp_leds_tmr
                0x000000000002f528        0x4 _build/nrf52832_xxaa/bsp.c.o
 .rodata        0x000000000002f52c       0x24 _build/nrf52832_xxaa/main.c.o
 .rodata.ble_evt_handler.str1.4
                0x000000000002f550       0x19 _build/nrf52832_xxaa/main.c.o
 *fill*         0x000000000002f569        0x3 
 .rodata.default_config.11198
                0x000000000002f56c        0x4 _build/nrf52832_xxaa/main.c.o
 .rodata.gatt_evt_handler.str1.4
                0x000000000002f570       0x1c _build/nrf52832_xxaa/main.c.o
 .rodata.m_timer
                0x000000000002f58c        0x8 _build/nrf52832_xxaa/main.c.o
 .rodata.main.str1.4
                0x000000000002f594       0x49 _build/nrf52832_xxaa/main.c.o
 *fill*         0x000000000002f5dd        0x3 
 .rodata.nus_data_handler.str1.4
                0x000000000002f5e0       0x2b _build/nrf52832_xxaa/main.c.o
 *fill*         0x000000000002f60b        0x1 
 .rodata.saadc_callback.str1.4
                0x000000000002f60c        0x5 _build/nrf52832_xxaa/main.c.o
 *fill*         0x000000000002f611        0x3 
 .rodata.SEGGER_RTT_ReadNoLock.str1.4
                0x000000000002f614       0x17 _build/nrf52832_xxaa/SEGGER_RTT.c.o
 *fill*         0x000000000002f62b        0x1 
 .rodata.nrf_ble_gatt_data_length_set.str1.4
                0x000000000002f62c       0xe2 _build/nrf52832_xxaa/nrf_ble_gatt.c.o
 *fill*         0x000000000002f70e        0x2 
 .rodata.nrf_ble_gatt_on_ble_evt.str1.4
                0x000000000002f710       0x63 _build/nrf52832_xxaa/nrf_ble_gatt.c.o
 *fill*         0x000000000002f773        0x1 
 .rodata.str1.4
                0x000000000002f774        0xd _build/nrf52832_xxaa/nrf_ble_gatt.c.o
 *fill*         0x000000000002f781        0x3 
 .rodata        0x000000000002f784       0x10 _build/nrf52832_xxaa/ble_nus.c.o
 .rodata.str1.4
                0x000000000002f794        0x8 _build/nrf52832_xxaa/ble_nus.c.o
 .rodata        0x000000000002f79c        0x4 _build/nrf52832_xxaa/nrf_sdh.c.o
 .rodata.sdh_req_observers
                0x000000000002f7a0        0xc _build/nrf52832_xxaa/nrf_sdh.c.o
 .rodata.sdh_stack_observers
                0x000000000002f7ac        0xc _build/nrf52832_xxaa/nrf_sdh.c.o
 .rodata.sdh_state_observers
                0x000000000002f7b8        0xc _build/nrf52832_xxaa/nrf_sdh.c.o
 .rodata.str1.4
                0x000000000002f7c4        0x8 _build/nrf52832_xxaa/nrf_sdh.c.o
 .rodata.nrf_sdh_ble_default_cfg_set.str1.4
                0x000000000002f7cc      0x1cf _build/nrf52832_xxaa/nrf_sdh_ble.c.o
 *fill*         0x000000000002f99b        0x1 
 .rodata.nrf_sdh_ble_enable.str1.4
                0x000000000002f99c       0xad _build/nrf52832_xxaa/nrf_sdh_ble.c.o
 *fill*         0x000000000002fa49        0x3 
 .rodata.sdh_ble_observers
                0x000000000002fa4c        0xc _build/nrf52832_xxaa/nrf_sdh_ble.c.o
 .rodata.str1.4
                0x000000000002fa58        0xc _build/nrf52832_xxaa/nrf_sdh_ble.c.o
 .rodata.sdh_soc_observers
                0x000000000002fa64        0xc _build/nrf52832_xxaa/nrf_sdh_soc.c.o
 .rodata.str1.4
                0x000000000002fa70        0xc _build/nrf52832_xxaa/nrf_sdh_soc.c.o
 .rodata._global_impure_ptr
                0x000000000002fa7c        0x4 /Users/anita/opt/gcc-arm-none-eabi-7-2017-q4-major/bin/../lib/gcc/arm-none-eabi/7.2.1/../../../../arm-none-eabi/lib/thumb/v7e-m/fpv4-sp/hard/libc_nano.a(lib_a-impure.o)
                0x000000000002fa7c                _global_impure_ptr
 .rodata._setlocale_r.str1.1
                0x000000000002fa80        0x8 /Users/anita/opt/gcc-arm-none-eabi-7-2017-q4-major/bin/../lib/gcc/arm-none-eabi/7.2.1/../../../../arm-none-eabi/lib/thumb/v7e-m/fpv4-sp/hard/libc_nano.a(lib_a-locale.o)
                                          0x9 (size before relaxing)
 .rodata.str1.1
                0x000000000002fa88        0x2 /Users/anita/opt/gcc-arm-none-eabi-7-2017-q4-major/bin/../lib/gcc/arm-none-eabi/7.2.1/../../../../arm-none-eabi/lib/thumb/v7e-m/fpv4-sp/hard/libc_nano.a(lib_a-locale.o)
 .rodata._ctype_
                0x000000000002fa8a      0x101 /Users/anita/opt/gcc-arm-none-eabi-7-2017-q4-major/bin/../lib/gcc/arm-none-eabi/7.2.1/../../../../arm-none-eabi/lib/thumb/v7e-m/fpv4-sp/hard/libc_nano.a(lib_a-ctype_.o)
                0x000000000002fa8a                _ctype_
 *fill*         0x000000000002fb8b        0x1 
 .rodata.__sf_fake_stderr
                0x000000000002fb8c       0x20 /Users/anita/opt/gcc-arm-none-eabi-7-2017-q4-major/bin/../lib/gcc/arm-none-eabi/7.2.1/../../../../arm-none-eabi/lib/thumb/v7e-m/fpv4-sp/hard/libc_nano.a(lib_a-findfp.o)
                0x000000000002fb8c                __sf_fake_stderr
 .rodata.__sf_fake_stdin
                0x000000000002fbac       0x20 /Users/anita/opt/gcc-arm-none-eabi-7-2017-q4-major/bin/../lib/gcc/arm-none-eabi/7.2.1/../../../../arm-none-eabi/lib/thumb/v7e-m/fpv4-sp/hard/libc_nano.a(lib_a-findfp.o)
                0x000000000002fbac                __sf_fake_stdin
 .rodata.__sf_fake_stdout
                0x000000000002fbcc       0x20 /Users/anita/opt/gcc-arm-none-eabi-7-2017-q4-major/bin/../lib/gcc/arm-none-eabi/7.2.1/../../../../arm-none-eabi/lib/thumb/v7e-m/fpv4-sp/hard/libc_nano.a(lib_a-findfp.o)
                0x000000000002fbcc                __sf_fake_stdout
 .rodata._vfprintf_r.str1.1
                0x000000000002fbec       0x11 /Users/anita/opt/gcc-arm-none-eabi-7-2017-q4-major/bin/../lib/gcc/arm-none-eabi/7.2.1/../../../../arm-none-eabi/lib/thumb/v7e-m/fpv4-sp/hard/libc_nano.a(lib_a-nano-vfprintf.o)
 .rodata._printf_i.str1.1
                0x000000000002fbfd       0x22 /Users/anita/opt/gcc-arm-none-eabi-7-2017-q4-major/bin/../lib/gcc/arm-none-eabi/7.2.1/../../../../arm-none-eabi/lib/thumb/v7e-m/fpv4-sp/hard/libc_nano.a(lib_a-nano-vfprintf_i.o)
 *(.eh_frame*)
 *fill*         0x000000000002fc1f        0x1 
 .eh_frame      0x000000000002fc20        0x0 /Users/anita/opt/gcc-arm-none-eabi-7-2017-q4-major/bin/../lib/gcc/arm-none-eabi/7.2.1/thumb/v7e-m/fpv4-sp/hard/crtbegin.o
 .eh_frame      0x000000000002fc20        0x4 /Users/anita/opt/gcc-arm-none-eabi-7-2017-q4-major/bin/../lib/gcc/arm-none-eabi/7.2.1/thumb/v7e-m/fpv4-sp/hard/crtend.o

.glue_7         0x000000000002fc24        0x0
 .glue_7        0x000000000002fc24        0x0 linker stubs

.glue_7t        0x000000000002fc24        0x0
 .glue_7t       0x000000000002fc24        0x0 linker stubs

.vfp11_veneer   0x000000000002fc24        0x0
 .vfp11_veneer  0x000000000002fc24        0x0 linker stubs

.v4_bx          0x000000000002fc24        0x0
 .v4_bx         0x000000000002fc24        0x0 linker stubs

.iplt           0x000000000002fc24        0x0
 .iplt          0x000000000002fc24        0x0 /Users/anita/opt/gcc-arm-none-eabi-7-2017-q4-major/bin/../lib/gcc/arm-none-eabi/7.2.1/thumb/v7e-m/fpv4-sp/hard/crtbegin.o

.mem_section_dummy_rom

.sdh_soc_observers
                0x000000000002fc24       0x10
                0x000000000002fc24                PROVIDE (__start_sdh_soc_observers, .)
 *(SORT_BY_NAME(.sdh_soc_observers*))
 .sdh_soc_observers0
                0x000000000002fc24        0x8 _build/nrf52832_xxaa/nrf_drv_clock.c.o
 .sdh_soc_observers1
                0x000000000002fc2c        0x8 _build/nrf52832_xxaa/main.c.o
                0x000000000002fc34                PROVIDE (__stop_sdh_soc_observers, .)

.sdh_ble_observers
                0x000000000002fc34       0x40
                0x000000000002fc34                PROVIDE (__start_sdh_ble_observers, .)
 *(SORT_BY_NAME(.sdh_ble_observers*))
 .sdh_ble_observers0
                0x000000000002fc34        0x8 _build/nrf52832_xxaa/ble_conn_state.c.o
 .sdh_ble_observers1
                0x000000000002fc3c        0x8 _build/nrf52832_xxaa/bsp_btn_ble.c.o
 .sdh_ble_observers1
                0x000000000002fc44       0x10 _build/nrf52832_xxaa/main.c.o
 .sdh_ble_observers1
                0x000000000002fc54        0x8 _build/nrf52832_xxaa/ble_conn_params.c.o
 .sdh_ble_observers2
                0x000000000002fc5c       0x10 _build/nrf52832_xxaa/main.c.o
 .sdh_ble_observers3
                0x000000000002fc6c        0x8 _build/nrf52832_xxaa/main.c.o
                0x000000000002fc74                PROVIDE (__stop_sdh_ble_observers, .)

.pwr_mgmt_data  0x000000000002fc74        0x0
                0x000000000002fc74                PROVIDE (__start_pwr_mgmt_data, .)
 *(SORT_BY_NAME(.pwr_mgmt_data*))
                0x000000000002fc74                PROVIDE (__stop_pwr_mgmt_data, .)

.sdh_stack_observers
                0x000000000002fc74       0x10
                0x000000000002fc74                PROVIDE (__start_sdh_stack_observers, .)
 *(SORT_BY_NAME(.sdh_stack_observers*))
 .sdh_stack_observers0
                0x000000000002fc74        0x8 _build/nrf52832_xxaa/nrf_sdh_ble.c.o
 .sdh_stack_observers0
                0x000000000002fc7c        0x8 _build/nrf52832_xxaa/nrf_sdh_soc.c.o
                0x000000000002fc84                PROVIDE (__stop_sdh_stack_observers, .)

.sdh_req_observers
                0x000000000002fc84        0x0
                0x000000000002fc84                PROVIDE (__start_sdh_req_observers, .)
 *(SORT_BY_NAME(.sdh_req_observers*))
                0x000000000002fc84                PROVIDE (__stop_sdh_req_observers, .)

.sdh_state_observers
                0x000000000002fc84        0x8
                0x000000000002fc84                PROVIDE (__start_sdh_state_observers, .)
 *(SORT_BY_NAME(.sdh_state_observers*))
 .sdh_state_observers0
                0x000000000002fc84        0x8 _build/nrf52832_xxaa/nrf_drv_clock.c.o
                0x000000000002fc8c                PROVIDE (__stop_sdh_state_observers, .)

.nrf_queue      0x000000000002fc8c        0x0
                [!provide]                        PROVIDE (__start_nrf_queue, .)
 *(.nrf_queue)
                [!provide]                        PROVIDE (__stop_nrf_queue, .)

.nrf_balloc     0x000000000002fc8c       0x14
                [!provide]                        PROVIDE (__start_nrf_balloc, .)
 *(.nrf_balloc)
 .nrf_balloc    0x000000000002fc8c       0x14 _build/nrf52832_xxaa/nrf_log_frontend.c.o
                0x000000000002fc8c                log_mempool
                [!provide]                        PROVIDE (__stop_nrf_balloc, .)

.cli_command    0x000000000002fca0        0x0
                [!provide]                        PROVIDE (__start_cli_command, .)
 *(.cli_command)
                [!provide]                        PROVIDE (__stop_cli_command, .)

.crypto_data    0x000000000002fca0        0x0
                [!provide]                        PROVIDE (__start_crypto_data, .)
 *(SORT_BY_NAME(.crypto_data*))
                [!provide]                        PROVIDE (__stop_crypto_data, .)

.log_const_data
                0x000000000002fca0       0x80
                0x000000000002fca0                PROVIDE (__start_log_const_data, .)
 *(SORT_BY_NAME(.log_const_data*))
 .log_const_data_CLOCK
                0x000000000002fca0        0x8 _build/nrf52832_xxaa/nrfx_clock.c.o
                0x000000000002fca0                m_nrf_log_CLOCK_logs_data_const
 .log_const_data_GPIOTE
                0x000000000002fca8        0x8 _build/nrf52832_xxaa/nrfx_gpiote.c.o
                0x000000000002fca8                m_nrf_log_GPIOTE_logs_data_const
 .log_const_data_PPI
                0x000000000002fcb0        0x8 _build/nrf52832_xxaa/nrfx_ppi.c.o
                0x000000000002fcb0                m_nrf_log_PPI_logs_data_const
 .log_const_data_PRS
                0x000000000002fcb8        0x8 _build/nrf52832_xxaa/nrfx_prs.c.o
                0x000000000002fcb8                m_nrf_log_PRS_logs_data_const
 .log_const_data_SAADC
                0x000000000002fcc0        0x8 _build/nrf52832_xxaa/nrfx_saadc.c.o
                0x000000000002fcc0                m_nrf_log_SAADC_logs_data_const
 .log_const_data_TIMER
                0x000000000002fcc8        0x8 _build/nrf52832_xxaa/nrfx_timer.c.o
                0x000000000002fcc8                m_nrf_log_TIMER_logs_data_const
 .log_const_data_UART
                0x000000000002fcd0        0x8 _build/nrf52832_xxaa/nrfx_uart.c.o
                0x000000000002fcd0                m_nrf_log_UART_logs_data_const
 .log_const_data_UARTE
                0x000000000002fcd8        0x8 _build/nrf52832_xxaa/nrfx_uarte.c.o
                0x000000000002fcd8                m_nrf_log_UARTE_logs_data_const
 .log_const_data_app
                0x000000000002fce0        0x8 _build/nrf52832_xxaa/nrf_log_frontend.c.o
                0x000000000002fce0                m_nrf_log_app_logs_data_const
 .log_const_data_ble_nus
                0x000000000002fce8        0x8 _build/nrf52832_xxaa/ble_nus.c.o
                0x000000000002fce8                m_nrf_log_ble_nus_logs_data_const
 .log_const_data_clock
                0x000000000002fcf0        0x8 _build/nrf52832_xxaa/nrf_drv_clock.c.o
                0x000000000002fcf0                m_nrf_log_clock_logs_data_const
 .log_const_data_nrf_ble_gatt
                0x000000000002fcf8        0x8 _build/nrf52832_xxaa/nrf_ble_gatt.c.o
                0x000000000002fcf8                m_nrf_log_nrf_ble_gatt_logs_data_const
 .log_const_data_nrf_sdh
                0x000000000002fd00        0x8 _build/nrf52832_xxaa/nrf_sdh.c.o
                0x000000000002fd00                m_nrf_log_nrf_sdh_logs_data_const
 .log_const_data_nrf_sdh_ble
                0x000000000002fd08        0x8 _build/nrf52832_xxaa/nrf_sdh_ble.c.o
                0x000000000002fd08                m_nrf_log_nrf_sdh_ble_logs_data_const
 .log_const_data_nrf_sdh_soc
                0x000000000002fd10        0x8 _build/nrf52832_xxaa/nrf_sdh_soc.c.o
                0x000000000002fd10                m_nrf_log_nrf_sdh_soc_logs_data_const
 .log_const_data_pwr_mgmt
                0x000000000002fd18        0x8 _build/nrf52832_xxaa/nrf_pwr_mgmt.c.o
                0x000000000002fd18                m_nrf_log_pwr_mgmt_logs_data_const
                0x000000000002fd20                PROVIDE (__stop_log_const_data, .)

.log_backends   0x000000000002fd20       0x10
                [!provide]                        PROVIDE (__start_log_backends, .)
 *(SORT_BY_NAME(.log_backends*))
 .log_backends  0x000000000002fd20       0x10 _build/nrf52832_xxaa/nrf_log_default_backends.c.o
                [!provide]                        PROVIDE (__stop_log_backends, .)

.ARM.extab
 *(.ARM.extab* .gnu.linkonce.armextab.*)
                0x000000000002fd30                __exidx_start = .

.ARM.exidx      0x000000000002fd30        0x8
 *(.ARM.exidx* .gnu.linkonce.armexidx.*)
 .ARM.exidx     0x000000000002fd30        0x8 /Users/anita/opt/gcc-arm-none-eabi-7-2017-q4-major/bin/../lib/gcc/arm-none-eabi/7.2.1/../../../../arm-none-eabi/lib/thumb/v7e-m/fpv4-sp/hard/crt0.o
 .ARM.exidx     0x000000000002fd38        0x0 /Users/anita/opt/gcc-arm-none-eabi-7-2017-q4-major/bin/../lib/gcc/arm-none-eabi/7.2.1/thumb/v7e-m/fpv4-sp/hard/libgcc.a(_udivmoddi4.o)
                                          0x8 (size before relaxing)
                0x000000000002fd38                __exidx_end = .
                0x000000000002fd38                __etext = .

.rel.dyn        0x000000000002fd38        0x0
 .rel.iplt      0x000000000002fd38        0x0 /Users/anita/opt/gcc-arm-none-eabi-7-2017-q4-major/bin/../lib/gcc/arm-none-eabi/7.2.1/thumb/v7e-m/fpv4-sp/hard/crtbegin.o

.data           0x0000000020002a98      0x224 load address 0x000000000002fd38
                0x0000000020002a98                __data_start__ = .
 *(vtable)
 *(.data*)
 .data.log_backend_cb_rtt_log_backend
                0x0000000020002a98        0x8 _build/nrf52832_xxaa/nrf_log_default_backends.c.o
 .data.app_uart_inst
                0x0000000020002aa0       0x14 _build/nrf52832_xxaa/app_uart_fifo.c.o
 .data.SystemCoreClock
                0x0000000020002ab4        0x4 _build/nrf52832_xxaa/system_nrf52.c.o
                0x0000000020002ab4                SystemCoreClock
 .data.m_adv_uuids
                0x0000000020002ab8        0x4 _build/nrf52832_xxaa/main.c.o
 .data.m_ble_nus_max_data_len
                0x0000000020002abc        0x2 _build/nrf52832_xxaa/main.c.o
 .data.m_conn_handle
                0x0000000020002abe        0x2 _build/nrf52832_xxaa/main.c.o
 .data.m_nus    0x0000000020002ac0       0x1c _build/nrf52832_xxaa/main.c.o
 .data.m_nus_link_ctx_storage
                0x0000000020002adc        0x8 _build/nrf52832_xxaa/main.c.o
 .data._impure_ptr
                0x0000000020002ae4        0x4 /Users/anita/opt/gcc-arm-none-eabi-7-2017-q4-major/bin/../lib/gcc/arm-none-eabi/7.2.1/../../../../arm-none-eabi/lib/thumb/v7e-m/fpv4-sp/hard/libc_nano.a(lib_a-impure.o)
                0x0000000020002ae4                _impure_ptr
 .data.impure_data
                0x0000000020002ae8       0x60 /Users/anita/opt/gcc-arm-none-eabi-7-2017-q4-major/bin/../lib/gcc/arm-none-eabi/7.2.1/../../../../arm-none-eabi/lib/thumb/v7e-m/fpv4-sp/hard/libc_nano.a(lib_a-impure.o)
 .data.__global_locale
                0x0000000020002b48      0x16c /Users/anita/opt/gcc-arm-none-eabi-7-2017-q4-major/bin/../lib/gcc/arm-none-eabi/7.2.1/../../../../arm-none-eabi/lib/thumb/v7e-m/fpv4-sp/hard/libc_nano.a(lib_a-locale.o)
                0x0000000020002b48                __global_locale
                0x0000000020002cb4                . = ALIGN (0x4)
                0x0000000020002cb4                PROVIDE (__preinit_array_start, .)
 *(.preinit_array)
                0x0000000020002cb4                PROVIDE (__preinit_array_end, .)
                0x0000000020002cb4                . = ALIGN (0x4)
                0x0000000020002cb4                PROVIDE (__init_array_start, .)
 *(SORT_BY_NAME(.init_array.*))
 *(.init_array)
 .init_array    0x0000000020002cb4        0x4 /Users/anita/opt/gcc-arm-none-eabi-7-2017-q4-major/bin/../lib/gcc/arm-none-eabi/7.2.1/thumb/v7e-m/fpv4-sp/hard/crtbegin.o
                0x0000000020002cb8                PROVIDE (__init_array_end, .)
                0x0000000020002cb8                . = ALIGN (0x4)
                [!provide]                        PROVIDE (__fini_array_start, .)
 *(SORT_BY_NAME(.fini_array.*))
 *(.fini_array)
 .fini_array    0x0000000020002cb8        0x4 /Users/anita/opt/gcc-arm-none-eabi-7-2017-q4-major/bin/../lib/gcc/arm-none-eabi/7.2.1/thumb/v7e-m/fpv4-sp/hard/crtbegin.o
                [!provide]                        PROVIDE (__fini_array_end, .)
 *(.jcr*)
                0x0000000020002cbc                . = ALIGN (0x4)
                0x0000000020002cbc                __data_end__ = .
LOAD /Users/anita/opt/gcc-arm-none-eabi-7-2017-q4-major/bin/../lib/gcc/arm-none-eabi/7.2.1/thumb/v7e-m/fpv4-sp/hard/crti.o
LOAD /Users/anita/opt/gcc-arm-none-eabi-7-2017-q4-major/bin/../lib/gcc/arm-none-eabi/7.2.1/thumb/v7e-m/fpv4-sp/hard/crtbegin.o
LOAD /Users/anita/opt/gcc-arm-none-eabi-7-2017-q4-major/bin/../lib/gcc/arm-none-eabi/7.2.1/../../../../arm-none-eabi/lib/thumb/v7e-m/fpv4-sp/hard/crt0.o
LOAD _build/nrf52832_xxaa/gcc_startup_nrf52.S.o
LOAD _build/nrf52832_xxaa/nrf_log_backend_rtt.c.o
LOAD _build/nrf52832_xxaa/nrf_log_backend_serial.c.o
LOAD _build/nrf52832_xxaa/nrf_log_default_backends.c.o
LOAD _build/nrf52832_xxaa/nrf_log_frontend.c.o
LOAD _build/nrf52832_xxaa/nrf_log_str_formatter.c.o
LOAD _build/nrf52832_xxaa/app_button.c.o
LOAD _build/nrf52832_xxaa/app_error.c.o
LOAD _build/nrf52832_xxaa/app_error_handler_gcc.c.o
LOAD _build/nrf52832_xxaa/app_error_weak.c.o
LOAD _build/nrf52832_xxaa/app_fifo.c.o
LOAD _build/nrf52832_xxaa/app_scheduler.c.o
LOAD _build/nrf52832_xxaa/app_timer.c.o
LOAD _build/nrf52832_xxaa/app_uart_fifo.c.o
LOAD _build/nrf52832_xxaa/app_util_platform.c.o
LOAD _build/nrf52832_xxaa/hardfault_implementation.c.o
LOAD _build/nrf52832_xxaa/nrf_assert.c.o
LOAD _build/nrf52832_xxaa/nrf_atfifo.c.o
LOAD _build/nrf52832_xxaa/nrf_atflags.c.o
LOAD _build/nrf52832_xxaa/nrf_atomic.c.o
LOAD _build/nrf52832_xxaa/nrf_balloc.c.o
LOAD _build/nrf52832_xxaa/nrf_fprintf.c.o
LOAD _build/nrf52832_xxaa/nrf_fprintf_format.c.o
LOAD _build/nrf52832_xxaa/nrf_memobj.c.o
LOAD _build/nrf52832_xxaa/nrf_pwr_mgmt.c.o
LOAD _build/nrf52832_xxaa/nrf_ringbuf.c.o
LOAD _build/nrf52832_xxaa/nrf_section_iter.c.o
LOAD _build/nrf52832_xxaa/nrf_strerror.c.o
LOAD _build/nrf52832_xxaa/retarget.c.o
LOAD _build/nrf52832_xxaa/system_nrf52.c.o
LOAD _build/nrf52832_xxaa/boards.c.o
LOAD _build/nrf52832_xxaa/nrf_drv_clock.c.o
LOAD _build/nrf52832_xxaa/nrf_drv_ppi.c.o
LOAD _build/nrf52832_xxaa/nrf_drv_uart.c.o
LOAD _build/nrf52832_xxaa/nrfx_clock.c.o
LOAD _build/nrf52832_xxaa/nrfx_gpiote.c.o
LOAD _build/nrf52832_xxaa/nrfx_power_clock.c.o
LOAD _build/nrf52832_xxaa/nrfx_prs.c.o
LOAD _build/nrf52832_xxaa/nrfx_ppi.c.o
LOAD _build/nrf52832_xxaa/nrfx_saadc.c.o
LOAD _build/nrf52832_xxaa/nrfx_timer.c.o
LOAD _build/nrf52832_xxaa/nrfx_uart.c.o
LOAD _build/nrf52832_xxaa/nrfx_uarte.c.o
LOAD _build/nrf52832_xxaa/bsp.c.o
LOAD _build/nrf52832_xxaa/bsp_btn_ble.c.o
LOAD _build/nrf52832_xxaa/main.c.o
LOAD _build/nrf52832_xxaa/SEGGER_RTT.c.o
LOAD _build/nrf52832_xxaa/SEGGER_RTT_Syscalls_GCC.c.o
LOAD _build/nrf52832_xxaa/SEGGER_RTT_printf.c.o
LOAD _build/nrf52832_xxaa/ble_advdata.c.o
LOAD _build/nrf52832_xxaa/ble_advertising.c.o
LOAD _build/nrf52832_xxaa/ble_conn_params.c.o
LOAD _build/nrf52832_xxaa/ble_conn_state.c.o
LOAD _build/nrf52832_xxaa/ble_link_ctx_manager.c.o
LOAD _build/nrf52832_xxaa/ble_srv_common.c.o
LOAD _build/nrf52832_xxaa/nrf_ble_gatt.c.o
LOAD _build/nrf52832_xxaa/nrf_ble_qwr.c.o
LOAD _build/nrf52832_xxaa/utf.c.o
LOAD _build/nrf52832_xxaa/ble_nus.c.o
LOAD _build/nrf52832_xxaa/nrf_sdh.c.o
LOAD _build/nrf52832_xxaa/nrf_sdh_ble.c.o
LOAD _build/nrf52832_xxaa/nrf_sdh_soc.c.o
LOAD /Users/anita/opt/gcc-arm-none-eabi-7-2017-q4-major/bin/../lib/gcc/arm-none-eabi/7.2.1/../../../../arm-none-eabi/lib/thumb/v7e-m/fpv4-sp/hard/libc_nano.a
LOAD /Users/anita/opt/gcc-arm-none-eabi-7-2017-q4-major/bin/../lib/gcc/arm-none-eabi/7.2.1/../../../../arm-none-eabi/lib/thumb/v7e-m/fpv4-sp/hard/libnosys.a
LOAD /Users/anita/opt/gcc-arm-none-eabi-7-2017-q4-major/bin/../lib/gcc/arm-none-eabi/7.2.1/../../../../arm-none-eabi/lib/thumb/v7e-m/fpv4-sp/hard/libm.a
START GROUP
LOAD /Users/anita/opt/gcc-arm-none-eabi-7-2017-q4-major/bin/../lib/gcc/arm-none-eabi/7.2.1/thumb/v7e-m/fpv4-sp/hard/libgcc.a
LOAD /Users/anita/opt/gcc-arm-none-eabi-7-2017-q4-major/bin/../lib/gcc/arm-none-eabi/7.2.1/../../../../arm-none-eabi/lib/thumb/v7e-m/fpv4-sp/hard/libg_nano.a
LOAD /Users/anita/opt/gcc-arm-none-eabi-7-2017-q4-major/bin/../lib/gcc/arm-none-eabi/7.2.1/../../../../arm-none-eabi/lib/thumb/v7e-m/fpv4-sp/hard/libc_nano.a
END GROUP
START GROUP
LOAD /Users/anita/opt/gcc-arm-none-eabi-7-2017-q4-major/bin/../lib/gcc/arm-none-eabi/7.2.1/thumb/v7e-m/fpv4-sp/hard/libgcc.a
LOAD /Users/anita/opt/gcc-arm-none-eabi-7-2017-q4-major/bin/../lib/gcc/arm-none-eabi/7.2.1/../../../../arm-none-eabi/lib/thumb/v7e-m/fpv4-sp/hard/libc_nano.a
END GROUP
LOAD /Users/anita/opt/gcc-arm-none-eabi-7-2017-q4-major/bin/../lib/gcc/arm-none-eabi/7.2.1/thumb/v7e-m/fpv4-sp/hard/crtend.o
LOAD /Users/anita/opt/gcc-arm-none-eabi-7-2017-q4-major/bin/../lib/gcc/arm-none-eabi/7.2.1/thumb/v7e-m/fpv4-sp/hard/crtn.o
START GROUP
LOAD /Users/anita/opt/gcc-arm-none-eabi-7-2017-q4-major/bin/../lib/gcc/arm-none-eabi/7.2.1/thumb/v7e-m/fpv4-sp/hard/libgcc.a
LOAD /Users/anita/opt/gcc-arm-none-eabi-7-2017-q4-major/bin/../lib/gcc/arm-none-eabi/7.2.1/../../../../arm-none-eabi/lib/thumb/v7e-m/fpv4-sp/hard/libc.a
LOAD /Users/anita/opt/gcc-arm-none-eabi-7-2017-q4-major/bin/../lib/gcc/arm-none-eabi/7.2.1/../../../../arm-none-eabi/lib/thumb/v7e-m/fpv4-sp/hard/libnosys.a
END GROUP

.igot.plt       0x0000000020002cbc        0x0 load address 0x000000000002ff5c
 .igot.plt      0x0000000020002cbc        0x0 /Users/anita/opt/gcc-arm-none-eabi-7-2017-q4-major/bin/../lib/gcc/arm-none-eabi/7.2.1/thumb/v7e-m/fpv4-sp/hard/crtbegin.o
                0x0000000020002cbc                . = ALIGN (0x4)

.mem_section_dummy_ram

.cli_sorted_cmd_ptrs
                0x0000000020002cbc        0x0
                [!provide]                        PROVIDE (__start_cli_sorted_cmd_ptrs, .)
 *(.cli_sorted_cmd_ptrs)
                [!provide]                        PROVIDE (__stop_cli_sorted_cmd_ptrs, .)

.fs_data        0x0000000020002cbc        0x0
                [!provide]                        PROVIDE (__start_fs_data, .)
 *(.fs_data)
                [!provide]                        PROVIDE (__stop_fs_data, .)

.log_dynamic_data
                0x0000000020002cbc        0x0
                0x0000000020002cbc                PROVIDE (__start_log_dynamic_data, .)
 *(SORT_BY_NAME(.log_dynamic_data*))
                [!provide]                        PROVIDE (__stop_log_dynamic_data, .)

.log_filter_data
                0x0000000020002cbc        0x0
                [!provide]                        PROVIDE (__start_log_filter_data, .)
 *(SORT_BY_NAME(.log_filter_data*))
                [!provide]                        PROVIDE (__stop_log_filter_data, .)

.bss            0x0000000020002cc0     0x1240 load address 0x000000000002ff60
                0x0000000020002cc0                . = ALIGN (0x4)
                0x0000000020002cc0                __bss_start__ = .
 *(.bss*)
 .bss           0x0000000020002cc0       0x1c /Users/anita/opt/gcc-arm-none-eabi-7-2017-q4-major/bin/../lib/gcc/arm-none-eabi/7.2.1/thumb/v7e-m/fpv4-sp/hard/crtbegin.o
 .bss.m_host_present
                0x0000000020002cdc        0x1 _build/nrf52832_xxaa/nrf_log_backend_rtt.c.o
 *fill*         0x0000000020002cdd        0x3 
 .bss.m_string_buff
                0x0000000020002ce0       0x40 _build/nrf52832_xxaa/nrf_log_backend_rtt.c.o
 .bss.log_mempool_nrf_balloc_cb
                0x0000000020002d20        0x8 _build/nrf52832_xxaa/nrf_log_frontend.c.o
 .bss.log_mempool_nrf_balloc_pool_mem
                0x0000000020002d28       0xc0 _build/nrf52832_xxaa/nrf_log_frontend.c.o
 .bss.log_mempool_nrf_balloc_pool_stack
                0x0000000020002de8        0x8 _build/nrf52832_xxaa/nrf_log_frontend.c.o
 .bss.m_log_data
                0x0000000020002df0      0x424 _build/nrf52832_xxaa/nrf_log_frontend.c.o
 .bss.m_log_push_ringbuf_buf
                0x0000000020003214       0x80 _build/nrf52832_xxaa/nrf_log_frontend.c.o
 .bss.m_log_push_ringbuf_cb
                0x0000000020003294       0x18 _build/nrf52832_xxaa/nrf_log_frontend.c.o
 .bss.m_button_count
                0x00000000200032ac        0x1 _build/nrf52832_xxaa/app_button.c.o
 *fill*         0x00000000200032ad        0x3 
 .bss.m_detection_delay
                0x00000000200032b0        0x4 _build/nrf52832_xxaa/app_button.c.o
 .bss.m_detection_delay_timer_id_data
                0x00000000200032b4       0x20 _build/nrf52832_xxaa/app_button.c.o
 *fill*         0x00000000200032d4        0x4 
 .bss.m_pin_state
                0x00000000200032d8        0x8 _build/nrf52832_xxaa/app_button.c.o
 .bss.m_pin_transition
                0x00000000200032e0        0x8 _build/nrf52832_xxaa/app_button.c.o
 .bss.mp_buttons
                0x00000000200032e8        0x4 _build/nrf52832_xxaa/app_button.c.o
 .bss.m_op_queue
                0x00000000200032ec      0x10c _build/nrf52832_xxaa/app_timer.c.o
 .bss.m_rtc1_reset
                0x00000000200033f8        0x1 _build/nrf52832_xxaa/app_timer.c.o
 .bss.m_rtc1_running
                0x00000000200033f9        0x1 _build/nrf52832_xxaa/app_timer.c.o
 *fill*         0x00000000200033fa        0x2 
 .bss.m_ticks_elapsed
                0x00000000200033fc        0x8 _build/nrf52832_xxaa/app_timer.c.o
 .bss.m_ticks_elapsed_q_read_ind
                0x0000000020003404        0x1 _build/nrf52832_xxaa/app_timer.c.o
 .bss.m_ticks_elapsed_q_write_ind
                0x0000000020003405        0x1 _build/nrf52832_xxaa/app_timer.c.o
 *fill*         0x0000000020003406        0x2 
 .bss.m_ticks_latest
                0x0000000020003408        0x4 _build/nrf52832_xxaa/app_timer.c.o
 .bss.mp_timer_id_head
                0x000000002000340c        0x4 _build/nrf52832_xxaa/app_timer.c.o
 .bss.m_event_handler
                0x0000000020003410        0x4 _build/nrf52832_xxaa/app_uart_fifo.c.o
 .bss.m_rx_fifo
                0x0000000020003414       0x10 _build/nrf52832_xxaa/app_uart_fifo.c.o
 .bss.m_rx_ovf  0x0000000020003424        0x1 _build/nrf52832_xxaa/app_uart_fifo.c.o
 *fill*         0x0000000020003425        0x3 
 .bss.m_tx_fifo
                0x0000000020003428       0x10 _build/nrf52832_xxaa/app_uart_fifo.c.o
 .bss.rx_buffer
                0x0000000020003438        0x1 _build/nrf52832_xxaa/app_uart_fifo.c.o
 *fill*         0x0000000020003439        0x3 
 .bss.tx_buffer
                0x000000002000343c        0x1 _build/nrf52832_xxaa/app_uart_fifo.c.o
 *fill*         0x000000002000343d        0x3 
 .bss.m_handlers_iter
                0x0000000020003440        0x8 _build/nrf52832_xxaa/nrf_pwr_mgmt.c.o
 .bss.m_shutdown_started
                0x0000000020003448        0x1 _build/nrf52832_xxaa/nrf_pwr_mgmt.c.o
 *fill*         0x0000000020003449        0x3 
 .bss.m_sysoff_mtx
                0x000000002000344c        0x4 _build/nrf52832_xxaa/nrf_pwr_mgmt.c.o
 .bss.m_clock_cb
                0x0000000020003450       0x14 _build/nrf52832_xxaa/nrf_drv_clock.c.o
 .bss.m_drv_state
                0x0000000020003464        0x1 _build/nrf52832_xxaa/nrf_drv_ppi.c.o
 *fill*         0x0000000020003465        0x3 
 .bss.m_contexts
                0x0000000020003468        0x4 _build/nrf52832_xxaa/nrf_drv_uart.c.o
 .bss.m_handlers
                0x000000002000346c        0x4 _build/nrf52832_xxaa/nrf_drv_uart.c.o
 .bss.m_clock_cb
                0x0000000020003470        0x8 _build/nrf52832_xxaa/nrfx_clock.c.o
 .bss.m_cb      0x0000000020003478       0x5c _build/nrf52832_xxaa/nrfx_gpiote.c.o
 .bss.m_prs_box_4
                0x00000000200034d4        0x8 _build/nrf52832_xxaa/nrfx_prs.c.o
 .bss.m_channels_allocated
                0x00000000200034dc        0x4 _build/nrf52832_xxaa/nrfx_ppi.c.o
 .bss.m_cb      0x00000000200034e0       0x30 _build/nrf52832_xxaa/nrfx_saadc.c.o
 .bss.m_cb      0x0000000020003510        0xc _build/nrf52832_xxaa/nrfx_timer.c.o
 .bss.m_cb      0x000000002000351c       0x2c _build/nrf52832_xxaa/nrfx_uart.c.o
 .bss.m_cb      0x0000000020003548       0x24 _build/nrf52832_xxaa/nrfx_uarte.c.o
 .bss.current_long_push_pin_no.8762
                0x000000002000356c        0x1 _build/nrf52832_xxaa/bsp.c.o
 .bss.m_alert_on
                0x000000002000356d        0x1 _build/nrf52832_xxaa/bsp.c.o
 *fill*         0x000000002000356e        0x2 
 .bss.m_bsp_alert_tmr_data
                0x0000000020003570       0x20 _build/nrf52832_xxaa/bsp.c.o
 .bss.m_bsp_button_tmr_data
                0x0000000020003590       0x20 _build/nrf52832_xxaa/bsp.c.o
 .bss.m_bsp_leds_tmr_data
                0x00000000200035b0       0x20 _build/nrf52832_xxaa/bsp.c.o
 .bss.m_events_list
                0x00000000200035d0        0xc _build/nrf52832_xxaa/bsp.c.o
 .bss.m_indication_type
                0x00000000200035dc        0x4 _build/nrf52832_xxaa/bsp.c.o
 .bss.m_leds_clear
                0x00000000200035e0        0x1 _build/nrf52832_xxaa/bsp.c.o
 *fill*         0x00000000200035e1        0x3 
 .bss.m_registered_callback
                0x00000000200035e4        0x4 _build/nrf52832_xxaa/bsp.c.o
 .bss.m_stable_state
                0x00000000200035e8        0x1 _build/nrf52832_xxaa/bsp.c.o
 *fill*         0x00000000200035e9        0x3 
 .bss.release_event_at_push.8763
                0x00000000200035ec        0x4 _build/nrf52832_xxaa/bsp.c.o
 .bss.m_error_handler
                0x00000000200035f0        0x4 _build/nrf52832_xxaa/bsp_btn_ble.c.o
 .bss.m_num_connections
                0x00000000200035f4        0x4 _build/nrf52832_xxaa/bsp_btn_ble.c.o
 .bss.data_array.12938
                0x00000000200035f8       0xf4 _build/nrf52832_xxaa/main.c.o
 .bss.index.12939
                0x00000000200036ec        0x1 _build/nrf52832_xxaa/main.c.o
 *fill*         0x00000000200036ed        0x3 
 .bss.m_adc_evt_counter
                0x00000000200036f0        0x4 _build/nrf52832_xxaa/main.c.o
 .bss.m_advertising
                0x00000000200036f4      0x258 _build/nrf52832_xxaa/main.c.o
 .bss.m_buffer_pool
                0x000000002000394c       0x10 _build/nrf52832_xxaa/main.c.o
 .bss.m_gatt    0x000000002000395c       0x14 _build/nrf52832_xxaa/main.c.o
 .bss.m_nus_link_ctx_storage_ctx_data_pool
                0x0000000020003970        0x4 _build/nrf52832_xxaa/main.c.o
 .bss.m_ppi_channel
                0x0000000020003974        0x1 _build/nrf52832_xxaa/main.c.o
 *fill*         0x0000000020003975        0x3 
 .bss.m_qwr     0x0000000020003978        0xc _build/nrf52832_xxaa/main.c.o
 .bss.rx_buf.12956
                0x0000000020003984      0x100 _build/nrf52832_xxaa/main.c.o
 .bss.tx_buf.12957
                0x0000000020003a84      0x100 _build/nrf52832_xxaa/main.c.o
 .bss._acDownBuffer
                0x0000000020003b84       0x10 _build/nrf52832_xxaa/SEGGER_RTT.c.o
 .bss._acUpBuffer
                0x0000000020003b94      0x200 _build/nrf52832_xxaa/SEGGER_RTT.c.o
 .bss.m_conn_params_config
                0x0000000020003d94       0x1c _build/nrf52832_xxaa/ble_conn_params.c.o
 .bss.m_conn_params_instances
                0x0000000020003db0       0x14 _build/nrf52832_xxaa/ble_conn_params.c.o
 .bss.m_preferred_conn_params
                0x0000000020003dc4        0x8 _build/nrf52832_xxaa/ble_conn_params.c.o
 .bss.m_timer_data
                0x0000000020003dcc       0x20 _build/nrf52832_xxaa/ble_conn_params.c.o
 .bss.m_bcs     0x0000000020003dec       0x78 _build/nrf52832_xxaa/ble_conn_state.c.o
 .bss.m_nrf_sdh_continue
                0x0000000020003e64        0x1 _build/nrf52832_xxaa/nrf_sdh.c.o
 .bss.m_nrf_sdh_enabled
                0x0000000020003e65        0x1 _build/nrf52832_xxaa/nrf_sdh.c.o
 .bss.m_nrf_sdh_suspended
                0x0000000020003e66        0x1 _build/nrf52832_xxaa/nrf_sdh.c.o
 .bss.m_stack_is_enabled
                0x0000000020003e67        0x1 _build/nrf52832_xxaa/nrf_sdh_ble.c.o
 .bss.__malloc_free_list
                0x0000000020003e68        0x4 /Users/anita/opt/gcc-arm-none-eabi-7-2017-q4-major/bin/../lib/gcc/arm-none-eabi/7.2.1/../../../../arm-none-eabi/lib/thumb/v7e-m/fpv4-sp/hard/libc_nano.a(lib_a-nano-mallocr.o)
                0x0000000020003e68                __malloc_free_list
 .bss.__malloc_sbrk_start
                0x0000000020003e6c        0x4 /Users/anita/opt/gcc-arm-none-eabi-7-2017-q4-major/bin/../lib/gcc/arm-none-eabi/7.2.1/../../../../arm-none-eabi/lib/thumb/v7e-m/fpv4-sp/hard/libc_nano.a(lib_a-nano-mallocr.o)
                0x0000000020003e6c                __malloc_sbrk_start
 .bss.heap_end.5377
                0x0000000020003e70        0x4 /Users/anita/opt/gcc-arm-none-eabi-7-2017-q4-major/bin/../lib/gcc/arm-none-eabi/7.2.1/../../../../arm-none-eabi/lib/thumb/v7e-m/fpv4-sp/hard/libnosys.a(sbrk.o)
 *(COMMON)