Archive member included to satisfy reference by file (symbol)

/Users/anita/opt/gcc-arm-none-eabi-7-2017-q4-major/bin/../lib/gcc/arm-none-eabi/7.2.1/../../../../arm-none-eabi/lib/thumb/v7e-m/fpv4-sp/hard/libc_nano.a(lib_a-exit.o)
                              /Users/anita/opt/gcc-arm-none-eabi-7-2017-q4-major/bin/../lib/gcc/arm-none-eabi/7.2.1/../../../../arm-none-eabi/lib/thumb/v7e-m/fpv4-sp/hard/crt0.o (exit)
/Users/anita/opt/gcc-arm-none-eabi-7-2017-q4-major/bin/../lib/gcc/arm-none-eabi/7.2.1/../../../../arm-none-eabi/lib/thumb/v7e-m/fpv4-sp/hard/libc_nano.a(lib_a-impure.o)
                              /Users/anita/opt/gcc-arm-none-eabi-7-2017-q4-major/bin/../lib/gcc/arm-none-eabi/7.2.1/../../../../arm-none-eabi/lib/thumb/v7e-m/fpv4-sp/hard/libc_nano.a(lib_a-exit.o) (_global_impure_ptr)
/Users/anita/opt/gcc-arm-none-eabi-7-2017-q4-major/bin/../lib/gcc/arm-none-eabi/7.2.1/../../../../arm-none-eabi/lib/thumb/v7e-m/fpv4-sp/hard/libc_nano.a(lib_a-init.o)
                              /Users/anita/opt/gcc-arm-none-eabi-7-2017-q4-major/bin/../lib/gcc/arm-none-eabi/7.2.1/../../../../arm-none-eabi/lib/thumb/v7e-m/fpv4-sp/hard/crt0.o (__libc_init_array)
/Users/anita/opt/gcc-arm-none-eabi-7-2017-q4-major/bin/../lib/gcc/arm-none-eabi/7.2.1/../../../../arm-none-eabi/lib/thumb/v7e-m/fpv4-sp/hard/libc_nano.a(lib_a-locale.o)
                              _build/nrf52832_xxaa/nrf_log_str_formatter.c.o (__locale_ctype_ptr)
/Users/anita/opt/gcc-arm-none-eabi-7-2017-q4-major/bin/../lib/gcc/arm-none-eabi/7.2.1/../../../../arm-none-eabi/lib/thumb/v7e-m/fpv4-sp/hard/libc_nano.a(lib_a-mbtowc_r.o)
                              /Users/anita/opt/gcc-arm-none-eabi-7-2017-q4-major/bin/../lib/gcc/arm-none-eabi/7.2.1/../../../../arm-none-eabi/lib/thumb/v7e-m/fpv4-sp/hard/libc_nano.a(lib_a-locale.o) (__ascii_mbtowc)
/Users/anita/opt/gcc-arm-none-eabi-7-2017-q4-major/bin/../lib/gcc/arm-none-eabi/7.2.1/../../../../arm-none-eabi/lib/thumb/v7e-m/fpv4-sp/hard/libc_nano.a(lib_a-memcmp.o)
                              _build/nrf52832_xxaa/ble_advdata.c.o (memcmp)
/Users/anita/opt/gcc-arm-none-eabi-7-2017-q4-major/bin/../lib/gcc/arm-none-eabi/7.2.1/../../../../arm-none-eabi/lib/thumb/v7e-m/fpv4-sp/hard/libc_nano.a(lib_a-memcpy-stub.o)
                              _build/nrf52832_xxaa/nrf_log_frontend.c.o (memcpy)
/Users/anita/opt/gcc-arm-none-eabi-7-2017-q4-major/bin/../lib/gcc/arm-none-eabi/7.2.1/../../../../arm-none-eabi/lib/thumb/v7e-m/fpv4-sp/hard/libc_nano.a(lib_a-memset.o)
                              /Users/anita/opt/gcc-arm-none-eabi-7-2017-q4-major/bin/../lib/gcc/arm-none-eabi/7.2.1/../../../../arm-none-eabi/lib/thumb/v7e-m/fpv4-sp/hard/crt0.o (memset)
/Users/anita/opt/gcc-arm-none-eabi-7-2017-q4-major/bin/../lib/gcc/arm-none-eabi/7.2.1/../../../../arm-none-eabi/lib/thumb/v7e-m/fpv4-sp/hard/libc_nano.a(lib_a-strcmp.o)
                              /Users/anita/opt/gcc-arm-none-eabi-7-2017-q4-major/bin/../lib/gcc/arm-none-eabi/7.2.1/../../../../arm-none-eabi/lib/thumb/v7e-m/fpv4-sp/hard/libc_nano.a(lib_a-locale.o) (strcmp)
/Users/anita/opt/gcc-arm-none-eabi-7-2017-q4-major/bin/../lib/gcc/arm-none-eabi/7.2.1/../../../../arm-none-eabi/lib/thumb/v7e-m/fpv4-sp/hard/libc_nano.a(lib_a-strcpy.o)
                              _build/nrf52832_xxaa/SEGGER_RTT.c.o (strcpy)
/Users/anita/opt/gcc-arm-none-eabi-7-2017-q4-major/bin/../lib/gcc/arm-none-eabi/7.2.1/../../../../arm-none-eabi/lib/thumb/v7e-m/fpv4-sp/hard/libc_nano.a(lib_a-strlen.o)
                              _build/nrf52832_xxaa/nrf_log_frontend.c.o (strlen)
/Users/anita/opt/gcc-arm-none-eabi-7-2017-q4-major/bin/../lib/gcc/arm-none-eabi/7.2.1/../../../../arm-none-eabi/lib/thumb/v7e-m/fpv4-sp/hard/libc_nano.a(lib_a-wctomb_r.o)
                              /Users/anita/opt/gcc-arm-none-eabi-7-2017-q4-major/bin/../lib/gcc/arm-none-eabi/7.2.1/../../../../arm-none-eabi/lib/thumb/v7e-m/fpv4-sp/hard/libc_nano.a(lib_a-locale.o) (__ascii_wctomb)
/Users/anita/opt/gcc-arm-none-eabi-7-2017-q4-major/bin/../lib/gcc/arm-none-eabi/7.2.1/../../../../arm-none-eabi/lib/thumb/v7e-m/fpv4-sp/hard/libc_nano.a(lib_a-ctype_.o)
                              /Users/anita/opt/gcc-arm-none-eabi-7-2017-q4-major/bin/../lib/gcc/arm-none-eabi/7.2.1/../../../../arm-none-eabi/lib/thumb/v7e-m/fpv4-sp/hard/libc_nano.a(lib_a-locale.o) (_ctype_)
/Users/anita/opt/gcc-arm-none-eabi-7-2017-q4-major/bin/../lib/gcc/arm-none-eabi/7.2.1/../../../../arm-none-eabi/lib/thumb/v7e-m/fpv4-sp/hard/libnosys.a(_exit.o)
                              /Users/anita/opt/gcc-arm-none-eabi-7-2017-q4-major/bin/../lib/gcc/arm-none-eabi/7.2.1/../../../../arm-none-eabi/lib/thumb/v7e-m/fpv4-sp/hard/libc_nano.a(lib_a-exit.o) (_exit)
/Users/anita/opt/gcc-arm-none-eabi-7-2017-q4-major/bin/../lib/gcc/arm-none-eabi/7.2.1/thumb/v7e-m/fpv4-sp/hard/libgcc.a(_aeabi_ldivmod.o)
                              _build/nrf52832_xxaa/bsp.c.o (__aeabi_ldivmod)
[...]
Memory Configuration

Name             Origin             Length             Attributes
FLASH            0x0000000000026000 0x000000000005a000 xr
RAM              0x0000000020002218 0x000000000000dde8 xrw
*default*        0x0000000000000000 0xffffffffffffffff

Linker script and memory map


.text           0x0000000000026000    0x10a34
 *(.isr_vector)
 .isr_vector    0x0000000000026000      0x200 _build/nrf52832_xxaa/gcc_startup_nrf52.S.o
                0x0000000000026000                __isr_vector
 *(.text*)
 .text          0x0000000000026200       0x40 /Users/anita/opt/gcc-arm-none-eabi-7-2017-q4-major/bin/../lib/gcc/arm-none-eabi/7.2.1/thumb/v7e-m/fpv4-sp/hard/crtbegin.o
 .text          0x0000000000026240       0x74 /Users/anita/opt/gcc-arm-none-eabi-7-2017-q4-major/bin/../lib/gcc/arm-none-eabi/7.2.1/../../../../arm-none-eabi/lib/thumb/v7e-m/fpv4-sp/hard/crt0.o
                0x0000000000026240                _mainCRTStartup
                0x0000000000026240                _start
 .text          0x00000000000262b4       0x3c _build/nrf52832_xxaa/gcc_startup_nrf52.S.o
                0x00000000000262b4                Reset_Handler
                0x00000000000262dc                NMI_Handler
                0x00000000000262de                HardFault_Handler
                0x00000000000262e0                MemoryManagement_Handler
                0x00000000000262e2                BusFault_Handler
                0x00000000000262e4                UsageFault_Handler
                0x00000000000262e6                SVC_Handler
                0x00000000000262e8                DebugMon_Handler
                0x00000000000262ea                PendSV_Handler
                0x00000000000262ec                SysTick_Handler
                0x00000000000262ee                TIMER4_IRQHandler
                0x00000000000262ee                I2S_IRQHandler
                0x00000000000262ee                SWI4_EGU4_IRQHandler
                0x00000000000262ee                TIMER0_IRQHandler
                0x00000000000262ee                TIMER1_IRQHandler
                0x00000000000262ee                PWM2_IRQHandler
                0x00000000000262ee                ECB_IRQHandler
                0x00000000000262ee                SPIM1_SPIS1_TWIM1_TWIS1_SPI1_TWI1_IRQHandler
                0x00000000000262ee                Default_Handler
                0x00000000000262ee                SAADC_IRQHandler
                0x00000000000262ee                CCM_AAR_IRQHandler
                0x00000000000262ee                WDT_IRQHandler
                0x00000000000262ee                SWI5_EGU5_IRQHandler
                0x00000000000262ee                RNG_IRQHandler
                0x00000000000262ee                RTC2_IRQHandler
                0x00000000000262ee                PWM0_IRQHandler
                0x00000000000262ee                SWI3_EGU3_IRQHandler
                0x00000000000262ee                SWI1_EGU1_IRQHandler
                0x00000000000262ee                SPIM2_SPIS2_SPI2_IRQHandler
                0x00000000000262ee                NFCT_IRQHandler
                0x00000000000262ee                MWU_IRQHandler
                0x00000000000262ee                TIMER2_IRQHandler
                0x00000000000262ee                COMP_LPCOMP_IRQHandler
                0x00000000000262ee                RTC0_IRQHandler
                0x00000000000262ee                PWM1_IRQHandler
                0x00000000000262ee                RADIO_IRQHandler
                0x00000000000262ee                PDM_IRQHandler
                0x00000000000262ee                TEMP_IRQHandler
                0x00000000000262ee                QDEC_IRQHandler
                0x00000000000262ee                TIMER3_IRQHandler
                0x00000000000262ee                FPU_IRQHandler
                0x00000000000262ee                SPIM0_SPIS0_TWIM0_TWIS0_SPI0_TWI0_IRQHandler
 .text.nrf_log_backend_serial_put
                0x00000000000262f0       0xd4 _build/nrf52832_xxaa/nrf_log_backend_serial.c.o
                0x00000000000262f0                nrf_log_backend_serial_put
 .text.uart_evt_handler
                0x00000000000263c4        0xc _build/nrf52832_xxaa/nrf_log_backend_uart.c.o
 .text.nrf_log_backend_uart_flush
                0x00000000000263d0        0x4 _build/nrf52832_xxaa/nrf_log_backend_uart.c.o
 .text.nrf_log_backend_uart_put
                0x00000000000263d4       0x20 _build/nrf52832_xxaa/nrf_log_backend_uart.c.o
 .text.serial_tx
                0x00000000000263f4       0x4c _build/nrf52832_xxaa/nrf_log_backend_uart.c.o
 .text.nrf_log_backend_uart_panic_set
                0x0000000000026440       0x60 _build/nrf52832_xxaa/nrf_log_backend_uart.c.o
 .text.nrf_log_backend_uart_init
                0x00000000000264a0       0x48 _build/nrf52832_xxaa/nrf_log_backend_uart.c.o
                0x00000000000264a0                nrf_log_backend_uart_init
 .text.nrf_log_default_backends_init
                0x00000000000264e8       0x20 _build/nrf52832_xxaa/nrf_log_default_backends.c.o
                0x00000000000264e8                nrf_log_default_backends_init
 .text.log_skip
                0x0000000000026508       0xd4 _build/nrf52832_xxaa/nrf_log_frontend.c.o
 .text.nrf_log_init
                0x00000000000265dc       0x3c _build/nrf52832_xxaa/nrf_log_frontend.c.o
                0x00000000000265dc                nrf_log_init
 .text.nrf_log_module_name_get
                0x0000000000026618       0x58 _build/nrf52832_xxaa/nrf_log_frontend.c.o
                0x0000000000026618                nrf_log_module_name_get
 .text.nrf_log_color_id_get
                0x0000000000026670       0x2c _build/nrf52832_xxaa/nrf_log_frontend.c.o
                0x0000000000026670                nrf_log_color_id_get
 .text.nrf_log_frontend_std_0
                0x000000000002669c       0xf0 _build/nrf52832_xxaa/nrf_log_frontend.c.o
                0x000000000002669c                nrf_log_frontend_std_0
 .text.nrf_log_frontend_dequeue.part.6
                0x000000000002678c      0x26c _build/nrf52832_xxaa/nrf_log_frontend.c.o
 .text.nrf_log_frontend_std_1
                0x00000000000269f8      0x100 _build/nrf52832_xxaa/nrf_log_frontend.c.o
                0x00000000000269f8                nrf_log_frontend_std_1
 .text.nrf_log_frontend_std_2
                0x0000000000026af8      0x104 _build/nrf52832_xxaa/nrf_log_frontend.c.o
                0x0000000000026af8                nrf_log_frontend_std_2
 .text.nrf_log_frontend_std_3
                0x0000000000026bfc      0x110 _build/nrf52832_xxaa/nrf_log_frontend.c.o
                0x0000000000026bfc                nrf_log_frontend_std_3
 .text.nrf_log_frontend_std_4
                0x0000000000026d0c      0x12c _build/nrf52832_xxaa/nrf_log_frontend.c.o
                0x0000000000026d0c                nrf_log_frontend_std_4
 .text.nrf_log_frontend_dequeue
                0x0000000000026e38       0x18 _build/nrf52832_xxaa/nrf_log_frontend.c.o
                0x0000000000026e38                nrf_log_frontend_dequeue
 .text.nrf_log_backend_add
                0x0000000000026e50       0x68 _build/nrf52832_xxaa/nrf_log_frontend.c.o
                0x0000000000026e50                nrf_log_backend_add
 .text.nrf_log_panic
                0x0000000000026eb8       0x2c _build/nrf52832_xxaa/nrf_log_frontend.c.o
                0x0000000000026eb8                nrf_log_panic
 .text.nrf_log_std_entry_process
                0x0000000000026ee4      0x14c _build/nrf52832_xxaa/nrf_log_str_formatter.c.o
                0x0000000000026ee4                nrf_log_std_entry_process
 .text.nrf_log_hexdump_entry_process
                0x0000000000027030      0x15c _build/nrf52832_xxaa/nrf_log_str_formatter.c.o
                0x0000000000027030                nrf_log_hexdump_entry_process
 .text.detection_delay_timeout_handler
                0x000000000002718c      0x120 _build/nrf52832_xxaa/app_button.c.o
 .text.gpiote_event_handler
                0x00000000000272ac       0xa8 _build/nrf52832_xxaa/app_button.c.o
 .text.app_button_init
                0x0000000000027354       0xb0 _build/nrf52832_xxaa/app_button.c.o
                0x0000000000027354                app_button_init
 .text.app_button_enable
                0x0000000000027404       0x2c _build/nrf52832_xxaa/app_button.c.o
                0x0000000000027404                app_button_enable
 .text.app_error_handler_bare
                0x0000000000027430       0x20 _build/nrf52832_xxaa/app_error.c.o
                0x0000000000027430                app_error_handler_bare
 .text.app_error_fault_handler
                0x0000000000027450       0x70 _build/nrf52832_xxaa/app_error_weak.c.o
                0x0000000000027450                app_error_fault_handler
 .text.RTC1_IRQHandler
                0x00000000000274c0       0xa0 _build/nrf52832_xxaa/app_timer.c.o
                0x00000000000274c0                RTC1_IRQHandler
 .text.SWI0_EGU0_IRQHandler
                0x0000000000027560      0x394 _build/nrf52832_xxaa/app_timer.c.o
                0x0000000000027560                SWI0_EGU0_IRQHandler
 .text.app_timer_init
                0x00000000000278f4       0xa8 _build/nrf52832_xxaa/app_timer.c.o
                0x00000000000278f4                app_timer_init
 .text.app_timer_create
                0x000000000002799c       0x24 _build/nrf52832_xxaa/app_timer.c.o
                0x000000000002799c                app_timer_create
 .text.app_timer_start
                0x00000000000279c0       0xac _build/nrf52832_xxaa/app_timer.c.o
                0x00000000000279c0                app_timer_start
 .text.app_timer_stop
                0x0000000000027a6c       0x74 _build/nrf52832_xxaa/app_timer.c.o
                0x0000000000027a6c                app_timer_stop
 .text.app_util_critical_region_enter
                0x0000000000027ae0       0x4c _build/nrf52832_xxaa/app_util_platform.c.o
                0x0000000000027ae0                app_util_critical_region_enter
 .text.app_util_critical_region_exit
                0x0000000000027b2c       0x30 _build/nrf52832_xxaa/app_util_platform.c.o
                0x0000000000027b2c                app_util_critical_region_exit
 .text.record_find_by_desc
                0x0000000000027b5c       0xf4 _build/nrf52832_xxaa/fds.c.o
 .text.gc_record_find_next
                0x0000000000027c50       0xe0 _build/nrf52832_xxaa/fds.c.o
 .text.queue_process
                0x0000000000027d30      0x860 _build/nrf52832_xxaa/fds.c.o
 .text.fs_event_handler
                0x0000000000028590        0x8 _build/nrf52832_xxaa/fds.c.o
 .text.fds_register
                0x0000000000028598       0x2c _build/nrf52832_xxaa/fds.c.o
                0x0000000000028598                fds_register
 .text.fds_init
                0x00000000000285c4      0x3a0 _build/nrf52832_xxaa/fds.c.o
                0x00000000000285c4                fds_init
 .text.fds_record_open
                0x0000000000028964       0x50 _build/nrf52832_xxaa/fds.c.o
                0x0000000000028964                fds_record_open
 .text.fds_record_close
                0x00000000000289b4       0x4c _build/nrf52832_xxaa/fds.c.o
                0x00000000000289b4                fds_record_close
 .text.fds_record_write
                0x0000000000028a00      0x13c _build/nrf52832_xxaa/fds.c.o
                0x0000000000028a00                fds_record_write
 .text.fds_record_update
                0x0000000000028b3c      0x140 _build/nrf52832_xxaa/fds.c.o
                0x0000000000028b3c                fds_record_update
 .text.fds_file_delete
                0x0000000000028c7c       0x70 _build/nrf52832_xxaa/fds.c.o
                0x0000000000028c7c                fds_file_delete
 .text.fds_gc   0x0000000000028cec       0x78 _build/nrf52832_xxaa/fds.c.o
                0x0000000000028cec                fds_gc
 .text.fds_record_find
                0x0000000000028d64       0xe4 _build/nrf52832_xxaa/fds.c.o
                0x0000000000028d64                fds_record_find
 .text.fds_record_find_by_key
                0x0000000000028e48       0xdc _build/nrf52832_xxaa/fds.c.o
                0x0000000000028e48                fds_record_find_by_key
 .text.fds_record_find_in_file
                0x0000000000028f24       0xdc _build/nrf52832_xxaa/fds.c.o
                0x0000000000028f24                fds_record_find_in_file
 .text.fds_record_id_from_desc
                0x0000000000029000       0x10 _build/nrf52832_xxaa/fds.c.o
                0x0000000000029000                fds_record_id_from_desc
 .text.nrf_atfifo_init
                0x0000000000029010       0x30 _build/nrf52832_xxaa/nrf_atfifo.c.o
                0x0000000000029010                nrf_atfifo_init
 .text.nrf_atfifo_clear
                0x0000000000029040       0x44 _build/nrf52832_xxaa/nrf_atfifo.c.o
                0x0000000000029040                nrf_atfifo_clear
 .text.nrf_atfifo_item_alloc
                0x0000000000029084       0x58 _build/nrf52832_xxaa/nrf_atfifo.c.o
                0x0000000000029084                nrf_atfifo_item_alloc
 .text.nrf_atfifo_item_put
                0x00000000000290dc       0x20 _build/nrf52832_xxaa/nrf_atfifo.c.o
                0x00000000000290dc                nrf_atfifo_item_put
 .text.nrf_atfifo_item_get
                0x00000000000290fc       0x5c _build/nrf52832_xxaa/nrf_atfifo.c.o
                0x00000000000290fc                nrf_atfifo_item_get
 .text.nrf_atfifo_item_free
                0x0000000000029158       0x20 _build/nrf52832_xxaa/nrf_atfifo.c.o
                0x0000000000029158                nrf_atfifo_item_free
 .text.nrf_atflags_set
                0x0000000000029178       0x14 _build/nrf52832_xxaa/nrf_atflags.c.o
                0x0000000000029178                nrf_atflags_set
 .text.nrf_atflags_fetch_set
                0x000000000002918c       0x20 _build/nrf52832_xxaa/nrf_atflags.c.o
                0x000000000002918c                nrf_atflags_fetch_set
 .text.nrf_atflags_clear
                0x00000000000291ac       0x14 _build/nrf52832_xxaa/nrf_atflags.c.o
                0x00000000000291ac                nrf_atflags_clear
 .text.nrf_atflags_get
                0x00000000000291c0       0x14 _build/nrf52832_xxaa/nrf_atflags.c.o
                0x00000000000291c0                nrf_atflags_get
 .text.nrf_atflags_find_and_set_flag
                0x00000000000291d4       0x88 _build/nrf52832_xxaa/nrf_atflags.c.o
                0x00000000000291d4                nrf_atflags_find_and_set_flag
 .text.nrf_atomic_u32_fetch_store
                0x000000000002925c       0x14 _build/nrf52832_xxaa/nrf_atomic.c.o
                0x000000000002925c                nrf_atomic_u32_fetch_store
 .text.nrf_atomic_u32_fetch_or
                0x0000000000029270       0x18 _build/nrf52832_xxaa/nrf_atomic.c.o
                0x0000000000029270                nrf_atomic_u32_fetch_or
 .text.nrf_atomic_u32_or
                0x0000000000029288       0x18 _build/nrf52832_xxaa/nrf_atomic.c.o
                0x0000000000029288                nrf_atomic_u32_or
 .text.nrf_atomic_u32_and
                0x00000000000292a0       0x18 _build/nrf52832_xxaa/nrf_atomic.c.o
                0x00000000000292a0                nrf_atomic_u32_and
 .text.nrf_atomic_u32_fetch_add
                0x00000000000292b8       0x18 _build/nrf52832_xxaa/nrf_atomic.c.o
                0x00000000000292b8                nrf_atomic_u32_fetch_add
 .text.nrf_atomic_u32_add
                0x00000000000292d0       0x18 _build/nrf52832_xxaa/nrf_atomic.c.o
                0x00000000000292d0                nrf_atomic_u32_add
 .text.nrf_atomic_u32_sub
                0x00000000000292e8       0x18 _build/nrf52832_xxaa/nrf_atomic.c.o
                0x00000000000292e8                nrf_atomic_u32_sub
 .text.nrf_atomic_flag_set_fetch
                0x0000000000029300       0x18 _build/nrf52832_xxaa/nrf_atomic.c.o
                0x0000000000029300                nrf_atomic_flag_set_fetch
 .text.nrf_atomic_flag_set
                0x0000000000029318       0x18 _build/nrf52832_xxaa/nrf_atomic.c.o
                0x0000000000029318                nrf_atomic_flag_set
 .text.nrf_atomic_flag_clear_fetch
                0x0000000000029330       0x18 _build/nrf52832_xxaa/nrf_atomic.c.o
                0x0000000000029330                nrf_atomic_flag_clear_fetch
 .text.nrf_balloc_init
                0x0000000000029348       0x38 _build/nrf52832_xxaa/nrf_balloc.c.o
                0x0000000000029348                nrf_balloc_init
 .text.nrf_balloc_alloc
                0x0000000000029380       0x50 _build/nrf52832_xxaa/nrf_balloc.c.o
                0x0000000000029380                nrf_balloc_alloc
 .text.nrf_balloc_free
                0x00000000000293d0       0x38 _build/nrf52832_xxaa/nrf_balloc.c.o
                0x00000000000293d0                nrf_balloc_free
 .text.nrf_fprintf_buffer_flush
                0x0000000000029408       0x18 _build/nrf52832_xxaa/nrf_fprintf.c.o
                0x0000000000029408                nrf_fprintf_buffer_flush
 .text.nrf_fprintf
                0x0000000000029420       0x20 _build/nrf52832_xxaa/nrf_fprintf.c.o
                0x0000000000029420                nrf_fprintf
 .text.unsigned_print
                0x0000000000029440      0x10c _build/nrf52832_xxaa/nrf_fprintf_format.c.o
 .text.nrf_fprintf_fmt
                0x000000000002954c      0x5bc _build/nrf52832_xxaa/nrf_fprintf_format.c.o
                0x000000000002954c                nrf_fprintf_fmt
 .text.nrf_fstorage_init
                0x0000000000029b08       0x5c _build/nrf52832_xxaa/nrf_fstorage.c.o
                0x0000000000029b08                nrf_fstorage_init
 .text.nrf_fstorage_write
                0x0000000000029b64      0x13c _build/nrf52832_xxaa/nrf_fstorage.c.o
                0x0000000000029b64                nrf_fstorage_write
 .text.nrf_fstorage_erase
                0x0000000000029ca0       0xf4 _build/nrf52832_xxaa/nrf_fstorage.c.o
                0x0000000000029ca0                nrf_fstorage_erase
 .text.sd_flash_write
                0x0000000000029d94        0x4 _build/nrf52832_xxaa/nrf_fstorage_sd.c.o
 .text.sd_flash_page_erase
                0x0000000000029d98        0x4 _build/nrf52832_xxaa/nrf_fstorage_sd.c.o
 .text.rmap     0x0000000000029d9c        0x4 _build/nrf52832_xxaa/nrf_fstorage_sd.c.o
 .text.wmap     0x0000000000029da0        0x4 _build/nrf52832_xxaa/nrf_fstorage_sd.c.o
 .text.is_busy  0x0000000000029da4       0x10 _build/nrf52832_xxaa/nrf_fstorage_sd.c.o
 .text.nrf_fstorage_sdh_req_handler
                0x0000000000029db4       0x14 _build/nrf52832_xxaa/nrf_fstorage_sd.c.o
                0x0000000000029db4                nrf_fstorage_sdh_req_handler
 .text.read     0x0000000000029dc8       0x10 _build/nrf52832_xxaa/nrf_fstorage_sd.c.o
 .text.uninit   0x0000000000029dd8       0x20 _build/nrf52832_xxaa/nrf_fstorage_sd.c.o
 .text.init     0x0000000000029df8       0x38 _build/nrf52832_xxaa/nrf_fstorage_sd.c.o
 .text.queue_process
                0x0000000000029e30      0x18c _build/nrf52832_xxaa/nrf_fstorage_sd.c.o
 .text.write    0x0000000000029fbc       0x70 _build/nrf52832_xxaa/nrf_fstorage_sd.c.o
 .text.erase    0x000000000002a02c       0x6c _build/nrf52832_xxaa/nrf_fstorage_sd.c.o
 .text.nrf_fstorage_sdh_state_handler
                0x000000000002a098      0x1a0 _build/nrf52832_xxaa/nrf_fstorage_sd.c.o
                0x000000000002a098                nrf_fstorage_sdh_state_handler
 .text.nrf_fstorage_sys_evt_handler
                0x000000000002a238      0x254 _build/nrf52832_xxaa/nrf_fstorage_sd.c.o
                0x000000000002a238                nrf_fstorage_sys_evt_handler
 .text.nrf_memobj_pool_init
                0x000000000002a48c        0x4 _build/nrf52832_xxaa/nrf_memobj.c.o
                0x000000000002a48c                nrf_memobj_pool_init
 .text.nrf_memobj_alloc
                0x000000000002a490       0x84 _build/nrf52832_xxaa/nrf_memobj.c.o
                0x000000000002a490                nrf_memobj_alloc
 .text.nrf_memobj_get
                0x000000000002a514        0x8 _build/nrf52832_xxaa/nrf_memobj.c.o
                0x000000000002a514                nrf_memobj_get
 .text.nrf_memobj_put
                0x000000000002a51c       0x44 _build/nrf52832_xxaa/nrf_memobj.c.o
                0x000000000002a51c                nrf_memobj_put
 .text.nrf_memobj_write
                0x000000000002a560       0x68 _build/nrf52832_xxaa/nrf_memobj.c.o
                0x000000000002a560                nrf_memobj_write
 .text.nrf_memobj_read
                0x000000000002a5c8       0x68 _build/nrf52832_xxaa/nrf_memobj.c.o
                0x000000000002a5c8                nrf_memobj_read
 .text.sd_app_evt_wait
                0x000000000002a630        0x4 _build/nrf52832_xxaa/nrf_pwr_mgmt.c.o
 .text.nrf_pwr_mgmt_init
                0x000000000002a634       0x2c _build/nrf52832_xxaa/nrf_pwr_mgmt.c.o
                0x000000000002a634                nrf_pwr_mgmt_init
 .text.nrf_pwr_mgmt_run
                0x000000000002a660       0x50 _build/nrf52832_xxaa/nrf_pwr_mgmt.c.o
                0x000000000002a660                nrf_pwr_mgmt_run
 .text.nrf_ringbuf_init
                0x000000000002a6b0       0x1c _build/nrf52832_xxaa/nrf_ringbuf.c.o
                0x000000000002a6b0                nrf_ringbuf_init
 .text.nrf_section_iter_init
                0x000000000002a6cc       0x14 _build/nrf52832_xxaa/nrf_section_iter.c.o
                0x000000000002a6cc                nrf_section_iter_init
 .text.nrf_section_iter_next
                0x000000000002a6e0       0x18 _build/nrf52832_xxaa/nrf_section_iter.c.o
                0x000000000002a6e0                nrf_section_iter_next
 .text.nrf_strerror_get
                0x000000000002a6f8       0x6c _build/nrf52832_xxaa/nrf_strerror.c.o
                0x000000000002a6f8                nrf_strerror_get
 .text.sensorsim_init
                0x000000000002a764       0x1c _build/nrf52832_xxaa/sensorsim.c.o
                0x000000000002a764                sensorsim_init
 .text.sensorsim_measure
                0x000000000002a780       0x48 _build/nrf52832_xxaa/sensorsim.c.o
                0x000000000002a780                sensorsim_measure
 .text.SystemInit
                0x000000000002a7c8      0x3c0 _build/nrf52832_xxaa/system_nrf52.c.o
                0x000000000002a7c8                SystemInit
 .text.bsp_board_led_state_get
                0x000000000002ab88       0x1c _build/nrf52832_xxaa/boards.c.o
                0x000000000002ab88                bsp_board_led_state_get
 .text.bsp_board_led_on
                0x000000000002aba4       0x18 _build/nrf52832_xxaa/boards.c.o
                0x000000000002aba4                bsp_board_led_on
 .text.bsp_board_led_off
                0x000000000002abbc       0x18 _build/nrf52832_xxaa/boards.c.o
                0x000000000002abbc                bsp_board_led_off
 .text.bsp_board_leds_off
                0x000000000002abd4       0x2c _build/nrf52832_xxaa/boards.c.o
                0x000000000002abd4                bsp_board_leds_off
 .text.bsp_board_leds_on
                0x000000000002ac00       0x2c _build/nrf52832_xxaa/boards.c.o
                0x000000000002ac00                bsp_board_leds_on
 .text.bsp_board_led_invert
                0x000000000002ac2c       0x24 _build/nrf52832_xxaa/boards.c.o
                0x000000000002ac2c                bsp_board_led_invert
 .text.bsp_board_button_state_get
                0x000000000002ac50       0x1c _build/nrf52832_xxaa/boards.c.o
                0x000000000002ac50                bsp_board_button_state_get
 .text.bsp_board_pin_to_button_idx
                0x000000000002ac6c       0x24 _build/nrf52832_xxaa/boards.c.o
                0x000000000002ac6c                bsp_board_pin_to_button_idx
 .text.bsp_board_button_idx_to_pin
                0x000000000002ac90        0xc _build/nrf52832_xxaa/boards.c.o
                0x000000000002ac90                bsp_board_button_idx_to_pin
 .text.bsp_board_init
                0x000000000002ac9c       0x5c _build/nrf52832_xxaa/boards.c.o
                0x000000000002ac9c                bsp_board_init
 .text.clock_irq_handler
                0x000000000002acf8       0x44 _build/nrf52832_xxaa/nrf_drv_clock.c.o
 .text.soc_evt_handler
                0x000000000002ad3c       0x28 _build/nrf52832_xxaa/nrf_drv_clock.c.o
 .text.sd_state_evt_handler
                0x000000000002ad64       0xa0 _build/nrf52832_xxaa/nrf_drv_clock.c.o
 .text.uarte_evt_handler
                0x000000000002ae04       0x34 _build/nrf52832_xxaa/nrf_drv_uart.c.o
 .text.uart_evt_handler
                0x000000000002ae38       0x34 _build/nrf52832_xxaa/nrf_drv_uart.c.o
 .text.nrf_drv_uart_init
                0x000000000002ae6c       0x80 _build/nrf52832_xxaa/nrf_drv_uart.c.o
                0x000000000002ae6c                nrf_drv_uart_init
 .text.nrfx_clock_init
                0x000000000002aeec       0x1c _build/nrf52832_xxaa/nrfx_clock.c.o
                0x000000000002aeec                nrfx_clock_init
 .text.nrfx_clock_enable
                0x000000000002af08       0x28 _build/nrf52832_xxaa/nrfx_clock.c.o
                0x000000000002af08                nrfx_clock_enable
 .text.nrfx_clock_lfclk_stop
                0x000000000002af30       0x18 _build/nrf52832_xxaa/nrfx_clock.c.o
                0x000000000002af30                nrfx_clock_lfclk_stop
 .text.POWER_CLOCK_IRQHandler
                0x000000000002af48       0x64 _build/nrf52832_xxaa/nrfx_clock.c.o
                0x000000000002af48                POWER_CLOCK_IRQHandler
 .text.nrfx_gpiote_init
                0x000000000002afac       0x8c _build/nrf52832_xxaa/nrfx_gpiote.c.o
                0x000000000002afac                nrfx_gpiote_init
 .text.nrfx_gpiote_is_init
                0x000000000002b038       0x14 _build/nrf52832_xxaa/nrfx_gpiote.c.o
                0x000000000002b038                nrfx_gpiote_is_init
 .text.nrfx_gpiote_in_init
                0x000000000002b04c      0x1bc _build/nrf52832_xxaa/nrfx_gpiote.c.o
                0x000000000002b04c                nrfx_gpiote_in_init
 .text.nrfx_gpiote_in_event_enable
                0x000000000002b208       0xc4 _build/nrf52832_xxaa/nrfx_gpiote.c.o
                0x000000000002b208                nrfx_gpiote_in_event_enable
 .text.nrfx_gpiote_in_is_set
                0x000000000002b2cc       0x14 _build/nrf52832_xxaa/nrfx_gpiote.c.o
                0x000000000002b2cc                nrfx_gpiote_in_is_set
 .text.GPIOTE_IRQHandler
                0x000000000002b2e0      0x548 _build/nrf52832_xxaa/nrfx_gpiote.c.o
                0x000000000002b2e0                GPIOTE_IRQHandler
 .text.UARTE0_UART0_IRQHandler
                0x000000000002b828        0xc _build/nrf52832_xxaa/nrfx_prs.c.o
                0x000000000002b828                UARTE0_UART0_IRQHandler
 .text.nrfx_prs_acquire
                0x000000000002b834       0x4c _build/nrf52832_xxaa/nrfx_prs.c.o
                0x000000000002b834                nrfx_prs_acquire
 .text.nrfx_prs_release
                0x000000000002b880       0x18 _build/nrf52832_xxaa/nrfx_prs.c.o
                0x000000000002b880                nrfx_prs_release
 .text.nrfx_uart_0_irq_handler
                0x000000000002b898      0x1bc _build/nrf52832_xxaa/nrfx_uart.c.o
                0x000000000002b898                nrfx_uart_0_irq_handler
 .text.nrfx_uart_init
                0x000000000002ba54      0x1a4 _build/nrf52832_xxaa/nrfx_uart.c.o
                0x000000000002ba54                nrfx_uart_init
 .text.nrfx_uart_uninit
                0x000000000002bbf8       0xcc _build/nrf52832_xxaa/nrfx_uart.c.o
                0x000000000002bbf8                nrfx_uart_uninit
 .text.nrfx_uart_tx
                0x000000000002bcc4       0xcc _build/nrf52832_xxaa/nrfx_uart.c.o
                0x000000000002bcc4                nrfx_uart_tx
 .text.nrfx_uarte_0_irq_handler
                0x000000000002bd90      0x128 _build/nrf52832_xxaa/nrfx_uarte.c.o
                0x000000000002bd90                nrfx_uarte_0_irq_handler
 .text.nrfx_uarte_init
                0x000000000002beb8      0x1c4 _build/nrf52832_xxaa/nrfx_uarte.c.o
                0x000000000002beb8                nrfx_uarte_init
 .text.nrfx_uarte_uninit
                0x000000000002c07c       0xd0 _build/nrf52832_xxaa/nrfx_uarte.c.o
                0x000000000002c07c                nrfx_uarte_uninit
 .text.nrfx_uarte_tx
                0x000000000002c14c       0xa0 _build/nrf52832_xxaa/nrfx_uarte.c.o
                0x000000000002c14c                nrfx_uarte_tx
 .text.alert_timer_handler
                0x000000000002c1ec        0x8 _build/nrf52832_xxaa/bsp.c.o
 .text.bsp_button_event_handler
                0x000000000002c1f4       0xa0 _build/nrf52832_xxaa/bsp.c.o
 .text.button_timer_handler
                0x000000000002c294       0x30 _build/nrf52832_xxaa/bsp.c.o
 .text.leds_timer_handler
                0x000000000002c2c4      0x2ec _build/nrf52832_xxaa/bsp.c.o
 .text.bsp_button_is_pressed
                0x000000000002c5b0        0xc _build/nrf52832_xxaa/bsp.c.o
                0x000000000002c5b0                bsp_button_is_pressed
 .text.bsp_indication_set
                0x000000000002c5bc      0x330 _build/nrf52832_xxaa/bsp.c.o
                0x000000000002c5bc                bsp_indication_set
 .text.bsp_init
                0x000000000002c8ec       0xbc _build/nrf52832_xxaa/bsp.c.o
                0x000000000002c8ec                bsp_init
 .text.bsp_event_to_button_action_assign
                0x000000000002c9a8       0x50 _build/nrf52832_xxaa/bsp.c.o
                0x000000000002c9a8                bsp_event_to_button_action_assign
 .text.bsp_wakeup_button_enable
                0x000000000002c9f8       0x30 _build/nrf52832_xxaa/bsp.c.o
                0x000000000002c9f8                bsp_wakeup_button_enable
 .text.ble_evt_handler
                0x000000000002ca28       0xac _build/nrf52832_xxaa/bsp_btn_ble.c.o
 .text.bsp_btn_ble_sleep_mode_prepare
                0x000000000002cad4       0x24 _build/nrf52832_xxaa/bsp_btn_ble.c.o
                0x000000000002cad4                bsp_btn_ble_sleep_mode_prepare
 .text.bsp_btn_ble_init
                0x000000000002caf8       0x6c _build/nrf52832_xxaa/bsp_btn_ble.c.o
                0x000000000002caf8                bsp_btn_ble_init
 .text.sd_ble_gap_disconnect
                0x000000000002cb64        0x4 _build/nrf52832_xxaa/main.c.o
 .text.sd_ble_gap_appearance_set
                0x000000000002cb68        0x4 _build/nrf52832_xxaa/main.c.o
 .text.sd_ble_gap_ppcp_set
                0x000000000002cb6c        0x4 _build/nrf52832_xxaa/main.c.o
 .text.sd_ble_gap_device_name_set
                0x000000000002cb70        0x4 _build/nrf52832_xxaa/main.c.o
 .text.sd_ble_gap_phy_update
                0x000000000002cb74        0x4 _build/nrf52832_xxaa/main.c.o
 .text.sd_power_system_off
                0x000000000002cb78        0x4 _build/nrf52832_xxaa/main.c.o
 .text.nrf_qwr_error_handler
                0x000000000002cb7c        0x4 _build/nrf52832_xxaa/main.c.o
 .text.battery_level_meas_timeout_handler
                0x000000000002cb80       0x40 _build/nrf52832_xxaa/main.c.o
 .text.ble_evt_handler
                0x000000000002cbc0       0xc0 _build/nrf52832_xxaa/main.c.o
 .text.on_conn_params_evt
                0x000000000002cc80       0x24 _build/nrf52832_xxaa/main.c.o
 .text.blood_pressure_measurement_send.part.2
                0x000000000002cca4       0xec _build/nrf52832_xxaa/main.c.o
 .text.bsp_event_handler
                0x000000000002cd90       0xbc _build/nrf52832_xxaa/main.c.o
 .text.conn_params_error_handler
                0x000000000002ce4c        0x4 _build/nrf52832_xxaa/main.c.o
 .text.on_adv_evt
                0x000000000002ce50       0x60 _build/nrf52832_xxaa/main.c.o
 .text.on_bps_evt
                0x000000000002ceb0       0x48 _build/nrf52832_xxaa/main.c.o
 .text.pm_evt_handler
                0x000000000002cef8       0x80 _build/nrf52832_xxaa/main.c.o
 .text.startup.main
                0x000000000002cf78      0x3e8 _build/nrf52832_xxaa/main.c.o
                0x000000000002cf78                main
 .text.sd_ble_gap_addr_get
                0x000000000002d360        0x4 _build/nrf52832_xxaa/ble_advdata.c.o
 .text.sd_ble_gap_appearance_get
                0x000000000002d364        0x4 _build/nrf52832_xxaa/ble_advdata.c.o
 .text.sd_ble_gap_device_name_get
                0x000000000002d368        0x4 _build/nrf52832_xxaa/ble_advdata.c.o
 .text.sd_ble_uuid_encode
                0x000000000002d36c        0x4 _build/nrf52832_xxaa/ble_advdata.c.o
 .text.uuid_list_sized_encode
                0x000000000002d370       0xb4 _build/nrf52832_xxaa/ble_advdata.c.o
 .text.ble_advdata_encode
                0x000000000002d424      0x3fc _build/nrf52832_xxaa/ble_advdata.c.o
                0x000000000002d424                ble_advdata_encode
 .text.ble_advdata_parse
                0x000000000002d820       0x4c _build/nrf52832_xxaa/ble_advdata.c.o
                0x000000000002d820                ble_advdata_parse
 .text.sd_ble_gap_adv_set_configure
                0x000000000002d86c        0x4 _build/nrf52832_xxaa/ble_advertising.c.o
 .text.sd_ble_gap_adv_start
                0x000000000002d870        0x4 _build/nrf52832_xxaa/ble_advertising.c.o
 .text.sd_ble_gap_adv_stop
                0x000000000002d874        0x4 _build/nrf52832_xxaa/ble_advertising.c.o
 .text.ble_advertising_start.part.3
                0x000000000002d878      0x2d0 _build/nrf52832_xxaa/ble_advertising.c.o
 .text.ble_advertising_conn_cfg_tag_set
                0x000000000002db48        0x8 _build/nrf52832_xxaa/ble_advertising.c.o
                0x000000000002db48                ble_advertising_conn_cfg_tag_set
 .text.ble_advertising_init
                0x000000000002db50      0x100 _build/nrf52832_xxaa/ble_advertising.c.o
                0x000000000002db50                ble_advertising_init
 .text.ble_advertising_start
                0x000000000002dc50      0x2c8 _build/nrf52832_xxaa/ble_advertising.c.o
                0x000000000002dc50                ble_advertising_start
 .text.ble_advertising_on_ble_evt
                0x000000000002df18       0x8c _build/nrf52832_xxaa/ble_advertising.c.o
                0x000000000002df18                ble_advertising_on_ble_evt
 .text.ble_advertising_on_sys_evt
                0x000000000002dfa4        0x4 _build/nrf52832_xxaa/ble_advertising.c.o
                0x000000000002dfa4                ble_advertising_on_sys_evt
 .text.ble_advertising_restart_without_whitelist
                0x000000000002dfa8       0x60 _build/nrf52832_xxaa/ble_advertising.c.o
                0x000000000002dfa8                ble_advertising_restart_without_whitelist
 .text.sd_ble_gap_conn_param_update
                0x000000000002e008        0x4 _build/nrf52832_xxaa/ble_conn_params.c.o
 .text.sd_ble_gap_disconnect
                0x000000000002e00c        0x4 _build/nrf52832_xxaa/ble_conn_params.c.o
 .text.sd_ble_gap_ppcp_set
                0x000000000002e010        0x4 _build/nrf52832_xxaa/ble_conn_params.c.o
 .text.sd_ble_gap_ppcp_get
                0x000000000002e014        0x4 _build/nrf52832_xxaa/ble_conn_params.c.o
 .text.update_timeout_handler
                0x000000000002e018       0x80 _build/nrf52832_xxaa/ble_conn_params.c.o
 .text.ble_evt_handler
                0x000000000002e098      0x1d4 _build/nrf52832_xxaa/ble_conn_params.c.o
 .text.ble_conn_params_init
                0x000000000002e26c       0x7c _build/nrf52832_xxaa/ble_conn_params.c.o
                0x000000000002e26c                ble_conn_params_init
 .text.ble_evt_handler
                0x000000000002e2e8      0x124 _build/nrf52832_xxaa/ble_conn_state.c.o
 .text.ble_conn_state_valid
                0x000000000002e40c       0x14 _build/nrf52832_xxaa/ble_conn_state.c.o
                0x000000000002e40c                ble_conn_state_valid
 .text.ble_conn_state_role
                0x000000000002e420       0x34 _build/nrf52832_xxaa/ble_conn_state.c.o
                0x000000000002e420                ble_conn_state_role
 .text.ble_conn_state_status
                0x000000000002e454       0x34 _build/nrf52832_xxaa/ble_conn_state.c.o
                0x000000000002e454                ble_conn_state_status
 .text.ble_conn_state_encrypted
                0x000000000002e488       0x30 _build/nrf52832_xxaa/ble_conn_state.c.o
                0x000000000002e488                ble_conn_state_encrypted
 .text.ble_conn_state_mitm_protected
                0x000000000002e4b8       0x30 _build/nrf52832_xxaa/ble_conn_state.c.o
                0x000000000002e4b8                ble_conn_state_mitm_protected
 .text.ble_conn_state_conn_handles
                0x000000000002e4e8       0x54 _build/nrf52832_xxaa/ble_conn_state.c.o
                0x000000000002e4e8                ble_conn_state_conn_handles
 .text.ble_conn_state_user_flag_acquire
                0x000000000002e53c       0x14 _build/nrf52832_xxaa/ble_conn_state.c.o
                0x000000000002e53c                ble_conn_state_user_flag_acquire
 .text.ble_conn_state_user_flag_get
                0x000000000002e550       0x38 _build/nrf52832_xxaa/ble_conn_state.c.o
                0x000000000002e550                ble_conn_state_user_flag_get
 .text.ble_conn_state_user_flag_set
                0x000000000002e588       0x44 _build/nrf52832_xxaa/ble_conn_state.c.o
                0x000000000002e588                ble_conn_state_user_flag_set
 .text.ble_conn_state_for_each_set_user_flag
                0x000000000002e5cc       0x58 _build/nrf52832_xxaa/ble_conn_state.c.o
                0x000000000002e5cc                ble_conn_state_for_each_set_user_flag
 .text.sd_ble_gatts_characteristic_add
                0x000000000002e624        0x4 _build/nrf52832_xxaa/ble_srv_common.c.o
 .text.sd_ble_gatts_descriptor_add
                0x000000000002e628        0x4 _build/nrf52832_xxaa/ble_srv_common.c.o
 .text.ble_srv_is_notification_enabled
                0x000000000002e62c        0x8 _build/nrf52832_xxaa/ble_srv_common.c.o
                0x000000000002e62c                ble_srv_is_notification_enabled
 .text.ble_srv_is_indication_enabled
                0x000000000002e634        0x8 _build/nrf52832_xxaa/ble_srv_common.c.o
                0x000000000002e634                ble_srv_is_indication_enabled
 .text.ble_srv_report_ref_encode
                0x000000000002e63c        0xc _build/nrf52832_xxaa/ble_srv_common.c.o
                0x000000000002e63c                ble_srv_report_ref_encode
 .text.ble_srv_ascii_to_utf8
                0x000000000002e648       0x14 _build/nrf52832_xxaa/ble_srv_common.c.o
                0x000000000002e648                ble_srv_ascii_to_utf8
 .text.characteristic_add
                0x000000000002e65c      0x270 _build/nrf52832_xxaa/ble_srv_common.c.o
                0x000000000002e65c                characteristic_add
 .text.descriptor_add
                0x000000000002e8cc       0xf8 _build/nrf52832_xxaa/ble_srv_common.c.o
                0x000000000002e8cc                descriptor_add
 .text.sd_ble_gattc_char_value_by_uuid_read
                0x000000000002e9c4        0x4 _build/nrf52832_xxaa/gatt_cache_manager.c.o
 .text.car_update_pending_handle
                0x000000000002e9c8       0x38 _build/nrf52832_xxaa/gatt_cache_manager.c.o
 .text.db_update_pending_handle
                0x000000000002ea00      0x10c _build/nrf52832_xxaa/gatt_cache_manager.c.o
 .text.local_db_apply_in_evt
                0x000000000002eb0c      0x100 _build/nrf52832_xxaa/gatt_cache_manager.c.o
 .text.sc_send_pending_handle
                0x000000000002ec0c      0x100 _build/nrf52832_xxaa/gatt_cache_manager.c.o
 .text.apply_pending_handle
                0x000000000002ed0c      0x100 _build/nrf52832_xxaa/gatt_cache_manager.c.o
 .text.gcm_im_evt_handler
                0x000000000002ee0c      0x184 _build/nrf52832_xxaa/gatt_cache_manager.c.o
                0x000000000002ee0c                gcm_im_evt_handler
 .text.gcm_pdb_evt_handler
                0x000000000002ef90       0xe8 _build/nrf52832_xxaa/gatt_cache_manager.c.o
                0x000000000002ef90                gcm_pdb_evt_handler
 .text.gcm_init
                0x000000000002f078       0x90 _build/nrf52832_xxaa/gatt_cache_manager.c.o
                0x000000000002f078                gcm_init
 .text.gcm_ble_evt_handler
                0x000000000002f108      0x1e8 _build/nrf52832_xxaa/gatt_cache_manager.c.o
                0x000000000002f108                gcm_ble_evt_handler
 .text.sd_ble_gatts_service_changed
                0x000000000002f2f0        0x4 _build/nrf52832_xxaa/gatts_cache_manager.c.o
 .text.sd_ble_gatts_sys_attr_set
                0x000000000002f2f4        0x4 _build/nrf52832_xxaa/gatts_cache_manager.c.o
 .text.sd_ble_gatts_sys_attr_get
                0x000000000002f2f8        0x4 _build/nrf52832_xxaa/gatts_cache_manager.c.o
 .text.sd_ble_gatts_initial_user_handle_get
                0x000000000002f2fc        0x4 _build/nrf52832_xxaa/gatts_cache_manager.c.o
 .text.gscm_pdb_evt_handler
                0x000000000002f300       0x58 _build/nrf52832_xxaa/gatts_cache_manager.c.o
                0x000000000002f300                gscm_pdb_evt_handler
 .text.gscm_init
                0x000000000002f358       0x10 _build/nrf52832_xxaa/gatts_cache_manager.c.o
                0x000000000002f358                gscm_init
 .text.gscm_local_db_cache_update
                0x000000000002f368       0xd4 _build/nrf52832_xxaa/gatts_cache_manager.c.o
                0x000000000002f368                gscm_local_db_cache_update
 .text.gscm_local_db_cache_apply
                0x000000000002f43c       0xac _build/nrf52832_xxaa/gatts_cache_manager.c.o
                0x000000000002f43c                gscm_local_db_cache_apply
 .text.gscm_service_changed_ind_needed
                0x000000000002f4e8       0x2c _build/nrf52832_xxaa/gatts_cache_manager.c.o
                0x000000000002f4e8                gscm_service_changed_ind_needed
 .text.gscm_service_changed_ind_send
                0x000000000002f514       0x5c _build/nrf52832_xxaa/gatts_cache_manager.c.o
                0x000000000002f514                gscm_service_changed_ind_send
 .text.gscm_db_change_notification_done
                0x000000000002f570       0x24 _build/nrf52832_xxaa/gatts_cache_manager.c.o
                0x000000000002f570                gscm_db_change_notification_done
 .text.sd_ecb_block_encrypt
                0x000000000002f594        0x4 _build/nrf52832_xxaa/id_manager.c.o
 .text.im_ble_evt_handler
                0x000000000002f598      0x1e4 _build/nrf52832_xxaa/id_manager.c.o
                0x000000000002f598                im_ble_evt_handler
 .text.im_is_duplicate_bonding_data
                0x000000000002f77c      0x100 _build/nrf52832_xxaa/id_manager.c.o
                0x000000000002f77c                im_is_duplicate_bonding_data
 .text.im_find_duplicate_bonding_data
                0x000000000002f87c       0x40 _build/nrf52832_xxaa/id_manager.c.o
                0x000000000002f87c                im_find_duplicate_bonding_data
 .text.im_peer_id_get_by_conn_handle
                0x000000000002f8bc       0x2c _build/nrf52832_xxaa/id_manager.c.o
                0x000000000002f8bc                im_peer_id_get_by_conn_handle
 .text.im_ble_addr_get
                0x000000000002f8e8       0x3c _build/nrf52832_xxaa/id_manager.c.o
                0x000000000002f8e8                im_ble_addr_get
 .text.im_master_ids_compare
                0x000000000002f924       0x44 _build/nrf52832_xxaa/id_manager.c.o
                0x000000000002f924                im_master_ids_compare
 .text.im_peer_id_get_by_master_id
                0x000000000002f968       0xf0 _build/nrf52832_xxaa/id_manager.c.o
                0x000000000002f968                im_peer_id_get_by_master_id
 .text.im_conn_handle_get
                0x000000000002fa58       0x40 _build/nrf52832_xxaa/id_manager.c.o
                0x000000000002fa58                im_conn_handle_get
 .text.im_new_peer_id
                0x000000000002fa98       0x14 _build/nrf52832_xxaa/id_manager.c.o
                0x000000000002fa98                im_new_peer_id
 .text.im_peer_free
                0x000000000002faac       0x5c _build/nrf52832_xxaa/id_manager.c.o
                0x000000000002faac                im_peer_free
 .text.sd_ble_gap_data_length_update
                0x000000000002fb08        0x4 _build/nrf52832_xxaa/nrf_ble_gatt.c.o
 .text.sd_ble_gattc_exchange_mtu_request
                0x000000000002fb0c        0x4 _build/nrf52832_xxaa/nrf_ble_gatt.c.o
 .text.sd_ble_gatts_exchange_mtu_reply
                0x000000000002fb10        0x4 _build/nrf52832_xxaa/nrf_ble_gatt.c.o
 .text.nrf_ble_gatt_init
                0x000000000002fb14       0x2c _build/nrf52832_xxaa/nrf_ble_gatt.c.o
                0x000000000002fb14                nrf_ble_gatt_init
 .text.nrf_ble_gatt_on_ble_evt
                0x000000000002fb40      0x240 _build/nrf52832_xxaa/nrf_ble_gatt.c.o
                0x000000000002fb40                nrf_ble_gatt_on_ble_evt
 .text.sd_ble_gatts_rw_authorize_reply
                0x000000000002fd80        0x4 _build/nrf52832_xxaa/nrf_ble_qwr.c.o
 .text.sd_ble_user_mem_reply
                0x000000000002fd84        0x4 _build/nrf52832_xxaa/nrf_ble_qwr.c.o
 .text.nrf_ble_qwr_init
                0x000000000002fd88       0x24 _build/nrf52832_xxaa/nrf_ble_qwr.c.o
                0x000000000002fd88                nrf_ble_qwr_init
 .text.nrf_ble_qwr_conn_handle_assign
                0x000000000002fdac       0x18 _build/nrf52832_xxaa/nrf_ble_qwr.c.o
                0x000000000002fdac                nrf_ble_qwr_conn_handle_assign
 .text.nrf_ble_qwr_on_ble_evt
                0x000000000002fdc4       0xf8 _build/nrf52832_xxaa/nrf_ble_qwr.c.o
                0x000000000002fdc4                nrf_ble_qwr_on_ble_evt
 .text.peer_data_delete_process
                0x000000000002febc       0xc0 _build/nrf52832_xxaa/peer_data_storage.c.o
 .text.fds_evt_handler
                0x000000000002ff7c      0x110 _build/nrf52832_xxaa/peer_data_storage.c.o
 .text.pds_init
                0x000000000003008c       0xac _build/nrf52832_xxaa/peer_data_storage.c.o
                0x000000000003008c                pds_init
 .text.pds_peer_data_read
                0x0000000000030138       0x8c _build/nrf52832_xxaa/peer_data_storage.c.o
                0x0000000000030138                pds_peer_data_read
 .text.pds_peer_data_iterate_prepare
                0x00000000000301c4       0x10 _build/nrf52832_xxaa/peer_data_storage.c.o
                0x00000000000301c4                pds_peer_data_iterate_prepare
 .text.pds_peer_data_iterate
                0x00000000000301d4       0x5c _build/nrf52832_xxaa/peer_data_storage.c.o
                0x00000000000301d4                pds_peer_data_iterate
 .text.pds_peer_data_store
                0x0000000000030230       0xc4 _build/nrf52832_xxaa/peer_data_storage.c.o
                0x0000000000030230                pds_peer_data_store
 .text.pds_peer_id_allocate
                0x00000000000302f4        0x8 _build/nrf52832_xxaa/peer_data_storage.c.o
                0x00000000000302f4                pds_peer_id_allocate
 .text.pds_peer_id_free
                0x00000000000302fc       0x18 _build/nrf52832_xxaa/peer_data_storage.c.o
                0x00000000000302fc                pds_peer_id_free
 .text.pds_peer_id_is_allocated
                0x0000000000030314        0x4 _build/nrf52832_xxaa/peer_data_storage.c.o
                0x0000000000030314                pds_peer_id_is_allocated
 .text.pds_next_peer_id_get
                0x0000000000030318        0x4 _build/nrf52832_xxaa/peer_data_storage.c.o
                0x0000000000030318                pds_next_peer_id_get
 .text.pds_next_deleted_peer_id_get
                0x000000000003031c        0x4 _build/nrf52832_xxaa/peer_data_storage.c.o
                0x000000000003031c                pds_next_deleted_peer_id_get
 .text.write_buf_store
                0x0000000000030320      0x10c _build/nrf52832_xxaa/peer_database.c.o
                0x0000000000030320                write_buf_store
 .text.pdb_pds_evt_handler
                0x000000000003042c      0x1f4 _build/nrf52832_xxaa/peer_database.c.o
                0x000000000003042c                pdb_pds_evt_handler
 .text.pdb_init
                0x0000000000030620       0xd8 _build/nrf52832_xxaa/peer_database.c.o
                0x0000000000030620                pdb_init
 .text.pdb_peer_free
                0x00000000000306f8      0x1b8 _build/nrf52832_xxaa/peer_database.c.o
                0x00000000000306f8                pdb_peer_free
 .text.pdb_peer_data_ptr_get
                0x00000000000308b0        0x8 _build/nrf52832_xxaa/peer_database.c.o
                0x00000000000308b0                pdb_peer_data_ptr_get
 .text.pdb_write_buf_get
                0x00000000000308b8      0x300 _build/nrf52832_xxaa/peer_database.c.o
                0x00000000000308b8                pdb_write_buf_get
 .text.pdb_write_buf_release
                0x0000000000030bb8      0x138 _build/nrf52832_xxaa/peer_database.c.o
                0x0000000000030bb8                pdb_write_buf_release
 .text.pdb_write_buf_store
                0x0000000000030cf0      0x114 _build/nrf52832_xxaa/peer_database.c.o
                0x0000000000030cf0                pdb_write_buf_store
 .text.peer_id_init
                0x0000000000030e04       0x10 _build/nrf52832_xxaa/peer_id.c.o
                0x0000000000030e04                peer_id_init
 .text.peer_id_allocate
                0x0000000000030e14       0x3c _build/nrf52832_xxaa/peer_id.c.o
                0x0000000000030e14                peer_id_allocate
 .text.peer_id_delete
                0x0000000000030e50       0x24 _build/nrf52832_xxaa/peer_id.c.o
                0x0000000000030e50                peer_id_delete
 .text.peer_id_free
                0x0000000000030e74       0x28 _build/nrf52832_xxaa/peer_id.c.o
                0x0000000000030e74                peer_id_free
 .text.peer_id_is_allocated
                0x0000000000030e9c       0x14 _build/nrf52832_xxaa/peer_id.c.o
                0x0000000000030e9c                peer_id_is_allocated
 .text.peer_id_get_next_used
                0x0000000000030eb0       0x7c _build/nrf52832_xxaa/peer_id.c.o
                0x0000000000030eb0                peer_id_get_next_used
 .text.peer_id_get_next_deleted
                0x0000000000030f2c       0x40 _build/nrf52832_xxaa/peer_id.c.o
                0x0000000000030f2c                peer_id_get_next_deleted
 .text.ble_evt_handler
                0x0000000000030f6c       0x24 _build/nrf52832_xxaa/peer_manager.c.o
 .text.pm_peer_ranks_get.part.4
                0x0000000000030f90       0xf0 _build/nrf52832_xxaa/peer_manager.c.o
 .text.pm_pdb_evt_handler
                0x0000000000031080      0x258 _build/nrf52832_xxaa/peer_manager.c.o
                0x0000000000031080                pm_pdb_evt_handler
 .text.pm_sm_evt_handler
                0x00000000000312d8       0x2c _build/nrf52832_xxaa/peer_manager.c.o
                0x00000000000312d8                pm_sm_evt_handler
 .text.pm_gcm_evt_handler
                0x0000000000031304       0x28 _build/nrf52832_xxaa/peer_manager.c.o
                0x0000000000031304                pm_gcm_evt_handler
 .text.pm_im_evt_handler
                0x000000000003132c       0x28 _build/nrf52832_xxaa/peer_manager.c.o
                0x000000000003132c                pm_im_evt_handler
 .text.pm_init  0x0000000000031354       0xe8 _build/nrf52832_xxaa/peer_manager.c.o
                0x0000000000031354                pm_init
 .text.pm_register
                0x000000000003143c       0x38 _build/nrf52832_xxaa/peer_manager.c.o
                0x000000000003143c                pm_register
 .text.pm_sec_params_set
                0x0000000000031474       0x14 _build/nrf52832_xxaa/peer_manager.c.o
                0x0000000000031474                pm_sec_params_set
 .text.pm_conn_secure
                0x0000000000031488       0x1c _build/nrf52832_xxaa/peer_manager.c.o
                0x0000000000031488                pm_conn_secure
 .text.pm_conn_sec_status_get
                0x00000000000314a4       0x70 _build/nrf52832_xxaa/peer_manager.c.o
                0x00000000000314a4                pm_conn_sec_status_get
 .text.pm_peer_delete
                0x0000000000031514       0x14 _build/nrf52832_xxaa/peer_manager.c.o
                0x0000000000031514                pm_peer_delete
 .text.pm_peers_delete
                0x0000000000031528       0xd0 _build/nrf52832_xxaa/peer_manager.c.o
                0x0000000000031528                pm_peers_delete
 .text.pm_peer_ranks_get
                0x00000000000315f8       0x1c _build/nrf52832_xxaa/peer_manager.c.o
                0x00000000000315f8                pm_peer_ranks_get
 .text.pm_peer_rank_highest
                0x0000000000031614      0x140 _build/nrf52832_xxaa/peer_manager.c.o
                0x0000000000031614                pm_peer_rank_highest
 .text.sd_ble_gap_disconnect
                0x0000000000031754        0x4 _build/nrf52832_xxaa/peer_manager_handler.c.o
 .text.pm_handler_on_pm_evt
                0x0000000000031758      0x30c _build/nrf52832_xxaa/peer_manager_handler.c.o
                0x0000000000031758                pm_handler_on_pm_evt
 .text.pm_handler_flash_clean
                0x0000000000031a64      0x5ac _build/nrf52832_xxaa/peer_manager_handler.c.o
                0x0000000000031a64                pm_handler_flash_clean
 .text.pm_buffer_init
                0x0000000000032010       0x2c _build/nrf52832_xxaa/pm_buffer.c.o
                0x0000000000032010                pm_buffer_init
 .text.pm_buffer_block_acquire
                0x000000000003203c       0x90 _build/nrf52832_xxaa/pm_buffer.c.o
                0x000000000003203c                pm_buffer_block_acquire
 .text.pm_buffer_ptr_get
                0x00000000000320cc       0x34 _build/nrf52832_xxaa/pm_buffer.c.o
                0x00000000000320cc                pm_buffer_ptr_get
 .text.pm_buffer_release
                0x0000000000032100       0x34 _build/nrf52832_xxaa/pm_buffer.c.o
                0x0000000000032100                pm_buffer_release
 .text.sd_ble_gap_authenticate
                0x0000000000032134        0x4 _build/nrf52832_xxaa/security_dispatcher.c.o
 .text.sd_ble_gap_sec_params_reply
                0x0000000000032138        0x4 _build/nrf52832_xxaa/security_dispatcher.c.o
 .text.sd_ble_gap_sec_info_reply
                0x000000000003213c        0x4 _build/nrf52832_xxaa/security_dispatcher.c.o
 .text.auth_status_success_process
                0x0000000000032140      0x2e4 _build/nrf52832_xxaa/security_dispatcher.c.o
 .text.smd_init
                0x0000000000032424       0x90 _build/nrf52832_xxaa/security_dispatcher.c.o
                0x0000000000032424                smd_init
 .text.smd_params_reply
                0x00000000000324b4      0x1a0 _build/nrf52832_xxaa/security_dispatcher.c.o
                0x00000000000324b4                smd_params_reply
 .text.smd_link_secure
                0x0000000000032654       0x2c _build/nrf52832_xxaa/security_dispatcher.c.o
                0x0000000000032654                smd_link_secure
 .text.smd_ble_evt_handler
                0x0000000000032680      0x4f4 _build/nrf52832_xxaa/security_dispatcher.c.o
                0x0000000000032680                smd_ble_evt_handler
 .text.params_reply_pending_handle
                0x0000000000032b74      0x150 _build/nrf52832_xxaa/security_manager.c.o
 .text.link_secure_pending_handle
                0x0000000000032cc4      0x1b8 _build/nrf52832_xxaa/security_manager.c.o
 .text.sm_smd_evt_handler
                0x0000000000032e7c      0x314 _build/nrf52832_xxaa/security_manager.c.o
                0x0000000000032e7c                sm_smd_evt_handler
 .text.sm_pdb_evt_handler
                0x0000000000033190       0x48 _build/nrf52832_xxaa/security_manager.c.o
                0x0000000000033190                sm_pdb_evt_handler
 .text.sm_init  0x00000000000331d8       0x90 _build/nrf52832_xxaa/security_manager.c.o
                0x00000000000331d8                sm_init
 .text.sm_ble_evt_handler
                0x0000000000033268       0x34 _build/nrf52832_xxaa/security_manager.c.o
                0x0000000000033268                sm_ble_evt_handler
 .text.sm_sec_params_set
                0x000000000003329c       0x88 _build/nrf52832_xxaa/security_manager.c.o
                0x000000000003329c                sm_sec_params_set
 .text.sm_link_secure
                0x0000000000033324       0xf8 _build/nrf52832_xxaa/security_manager.c.o
                0x0000000000033324                sm_link_secure
 .text.sd_ble_gatts_service_add
                0x000000000003341c        0x4 _build/nrf52832_xxaa/ble_bas.c.o
 .text.sd_ble_gatts_value_set
                0x0000000000033420        0x4 _build/nrf52832_xxaa/ble_bas.c.o
 .text.sd_ble_gatts_hvx
                0x0000000000033424        0x4 _build/nrf52832_xxaa/ble_bas.c.o
 .text.ble_bas_on_ble_evt
                0x0000000000033428       0x50 _build/nrf52832_xxaa/ble_bas.c.o
                0x0000000000033428                ble_bas_on_ble_evt
 .text.ble_bas_init
                0x0000000000033478       0xec _build/nrf52832_xxaa/ble_bas.c.o
                0x0000000000033478                ble_bas_init
 .text.ble_bas_battery_level_update
                0x0000000000033564       0xd8 _build/nrf52832_xxaa/ble_bas.c.o
                0x0000000000033564                ble_bas_battery_level_update
 .text.sd_ble_gatts_service_add
                0x000000000003363c        0x4 _build/nrf52832_xxaa/ble_bps.c.o
 .text.sd_ble_gatts_value_get
                0x0000000000033640        0x4 _build/nrf52832_xxaa/ble_bps.c.o
 .text.sd_ble_gatts_hvx
                0x0000000000033644        0x4 _build/nrf52832_xxaa/ble_bps.c.o
 .text.ble_bps_on_ble_evt
                0x0000000000033648       0x70 _build/nrf52832_xxaa/ble_bps.c.o
                0x0000000000033648                ble_bps_on_ble_evt
 .text.ble_bps_init
                0x00000000000336b8      0x1f4 _build/nrf52832_xxaa/ble_bps.c.o
                0x00000000000336b8                ble_bps_init
 .text.ble_bps_measurement_send
                0x00000000000338ac      0x154 _build/nrf52832_xxaa/ble_bps.c.o
                0x00000000000338ac                ble_bps_measurement_send
 .text.ble_bps_is_indication_enabled
                0x0000000000033a00       0x4c _build/nrf52832_xxaa/ble_bps.c.o
                0x0000000000033a00                ble_bps_is_indication_enabled
 .text.sd_ble_gatts_service_add
                0x0000000000033a4c        0x4 _build/nrf52832_xxaa/ble_dis.c.o
 .text.ble_dis_init
                0x0000000000033a50      0x3cc _build/nrf52832_xxaa/ble_dis.c.o
                0x0000000000033a50                ble_dis_init
 .text.sd_softdevice_enable
                0x0000000000033e1c        0x4 _build/nrf52832_xxaa/nrf_sdh.c.o
 .text.sd_softdevice_disable
                0x0000000000033e20        0x4 _build/nrf52832_xxaa/nrf_sdh.c.o
 .text.nrf_sdh_enable_request
                0x0000000000033e24      0x114 _build/nrf52832_xxaa/nrf_sdh.c.o
                0x0000000000033e24                nrf_sdh_enable_request
 .text.nrf_sdh_disable_request
                0x0000000000033f38       0xe0 _build/nrf52832_xxaa/nrf_sdh.c.o
                0x0000000000033f38                nrf_sdh_disable_request
 .text.nrf_sdh_request_continue
                0x0000000000034018       0x20 _build/nrf52832_xxaa/nrf_sdh.c.o
                0x0000000000034018                nrf_sdh_request_continue
 .text.nrf_sdh_is_enabled
                0x0000000000034038        0xc _build/nrf52832_xxaa/nrf_sdh.c.o
                0x0000000000034038                nrf_sdh_is_enabled
 .text.SWI2_EGU2_IRQHandler
                0x0000000000034044       0x2c _build/nrf52832_xxaa/nrf_sdh.c.o
                0x0000000000034044                SWI2_EGU2_IRQHandler
 .text.sd_ble_enable
                0x0000000000034070        0x4 _build/nrf52832_xxaa/nrf_sdh_ble.c.o
 .text.sd_ble_cfg_set
                0x0000000000034074        0x4 _build/nrf52832_xxaa/nrf_sdh_ble.c.o
 .text.sd_ble_evt_get
                0x0000000000034078        0x4 _build/nrf52832_xxaa/nrf_sdh_ble.c.o
 .text.nrf_sdh_ble_evts_poll
                0x000000000003407c       0x58 _build/nrf52832_xxaa/nrf_sdh_ble.c.o
 .text.nrf_sdh_ble_default_cfg_set
                0x00000000000340d4      0x178 _build/nrf52832_xxaa/nrf_sdh_ble.c.o
                0x00000000000340d4                nrf_sdh_ble_default_cfg_set
 .text.nrf_sdh_ble_enable
                0x000000000003424c       0x9c _build/nrf52832_xxaa/nrf_sdh_ble.c.o
                0x000000000003424c                nrf_sdh_ble_enable
 .text.sd_evt_get
                0x00000000000342e8        0x4 _build/nrf52832_xxaa/nrf_sdh_soc.c.o
 .text.nrf_sdh_soc_evts_poll
                0x00000000000342ec       0x4c _build/nrf52832_xxaa/nrf_sdh_soc.c.o
 .text.exit     0x0000000000034338       0x28 /Users/anita/opt/gcc-arm-none-eabi-7-2017-q4-major/bin/../lib/gcc/arm-none-eabi/7.2.1/../../../../arm-none-eabi/lib/thumb/v7e-m/fpv4-sp/hard/libc_nano.a(lib_a-exit.o)
                0x0000000000034338                exit
 .text.__libc_init_array
                0x0000000000034360       0x48 /Users/anita/opt/gcc-arm-none-eabi-7-2017-q4-major/bin/../lib/gcc/arm-none-eabi/7.2.1/../../../../arm-none-eabi/lib/thumb/v7e-m/fpv4-sp/hard/libc_nano.a(lib_a-init.o)
                0x0000000000034360                __libc_init_array
 .text.__locale_ctype_ptr
                0x00000000000343a8       0x1c /Users/anita/opt/gcc-arm-none-eabi-7-2017-q4-major/bin/../lib/gcc/arm-none-eabi/7.2.1/../../../../arm-none-eabi/lib/thumb/v7e-m/fpv4-sp/hard/libc_nano.a(lib_a-locale.o)
                0x00000000000343a8                __locale_ctype_ptr
 .text.__ascii_mbtowc
                0x00000000000343c4       0x24 /Users/anita/opt/gcc-arm-none-eabi-7-2017-q4-major/bin/../lib/gcc/arm-none-eabi/7.2.1/../../../../arm-none-eabi/lib/thumb/v7e-m/fpv4-sp/hard/libc_nano.a(lib_a-mbtowc_r.o)
                0x00000000000343c4                __ascii_mbtowc
 .text.memcmp   0x00000000000343e8       0x1e /Users/anita/opt/gcc-arm-none-eabi-7-2017-q4-major/bin/../lib/gcc/arm-none-eabi/7.2.1/../../../../arm-none-eabi/lib/thumb/v7e-m/fpv4-sp/hard/libc_nano.a(lib_a-memcmp.o)
                0x00000000000343e8                memcmp
 .text.memcpy   0x0000000000034406       0x16 /Users/anita/opt/gcc-arm-none-eabi-7-2017-q4-major/bin/../lib/gcc/arm-none-eabi/7.2.1/../../../../arm-none-eabi/lib/thumb/v7e-m/fpv4-sp/hard/libc_nano.a(lib_a-memcpy-stub.o)
                0x0000000000034406                memcpy
 .text.memset   0x000000000003441c       0x10 /Users/anita/opt/gcc-arm-none-eabi-7-2017-q4-major/bin/../lib/gcc/arm-none-eabi/7.2.1/../../../../arm-none-eabi/lib/thumb/v7e-m/fpv4-sp/hard/libc_nano.a(lib_a-memset.o)
                0x000000000003441c                memset
 .text          0x000000000003442c       0x10 /Users/anita/opt/gcc-arm-none-eabi-7-2017-q4-major/bin/../lib/gcc/arm-none-eabi/7.2.1/../../../../arm-none-eabi/lib/thumb/v7e-m/fpv4-sp/hard/libc_nano.a(lib_a-strlen.o)
                0x000000000003442c                strlen
 .text.__ascii_wctomb
                0x000000000003443c       0x1a /Users/anita/opt/gcc-arm-none-eabi-7-2017-q4-major/bin/../lib/gcc/arm-none-eabi/7.2.1/../../../../arm-none-eabi/lib/thumb/v7e-m/fpv4-sp/hard/libc_nano.a(lib_a-wctomb_r.o)
                0x000000000003443c                __ascii_wctomb
 *fill*         0x0000000000034456        0x2 
 .text._exit    0x0000000000034458        0x4 /Users/anita/opt/gcc-arm-none-eabi-7-2017-q4-major/bin/../lib/gcc/arm-none-eabi/7.2.1/../../../../arm-none-eabi/lib/thumb/v7e-m/fpv4-sp/hard/libnosys.a(_exit.o)
                0x0000000000034458                _exit
 .text          0x000000000003445c       0x30 /Users/anita/opt/gcc-arm-none-eabi-7-2017-q4-major/bin/../lib/gcc/arm-none-eabi/7.2.1/thumb/v7e-m/fpv4-sp/hard/libgcc.a(_aeabi_uldivmod.o)
                0x000000000003445c                __aeabi_uldivmod
 .text          0x000000000003448c      0x2cc /Users/anita/opt/gcc-arm-none-eabi-7-2017-q4-major/bin/../lib/gcc/arm-none-eabi/7.2.1/thumb/v7e-m/fpv4-sp/hard/libgcc.a(_udivmoddi4.o)
                0x000000000003448c                __udivmoddi4
 .text          0x0000000000034758        0x4 /Users/anita/opt/gcc-arm-none-eabi-7-2017-q4-major/bin/../lib/gcc/arm-none-eabi/7.2.1/thumb/v7e-m/fpv4-sp/hard/libgcc.a(_dvmd_tls.o)
                0x0000000000034758                __aeabi_ldiv0
                0x0000000000034758                __aeabi_idiv0
 *(.init)
 .init          0x000000000003475c        0x4 /Users/anita/opt/gcc-arm-none-eabi-7-2017-q4-major/bin/../lib/gcc/arm-none-eabi/7.2.1/thumb/v7e-m/fpv4-sp/hard/crti.o
                0x000000000003475c                _init
 .init          0x0000000000034760        0x8 /Users/anita/opt/gcc-arm-none-eabi-7-2017-q4-major/bin/../lib/gcc/arm-none-eabi/7.2.1/thumb/v7e-m/fpv4-sp/hard/crtn.o
 *(.fini)
 .fini          0x0000000000034768        0x4 /Users/anita/opt/gcc-arm-none-eabi-7-2017-q4-major/bin/../lib/gcc/arm-none-eabi/7.2.1/thumb/v7e-m/fpv4-sp/hard/crti.o
                0x0000000000034768                _fini
 .fini          0x000000000003476c        0x8 /Users/anita/opt/gcc-arm-none-eabi-7-2017-q4-major/bin/../lib/gcc/arm-none-eabi/7.2.1/thumb/v7e-m/fpv4-sp/hard/crtn.o
 *crtbegin.o(.ctors)
 *crtbegin?.o(.ctors)
 *(EXCLUDE_FILE(*crtend.o *crtend?.o) .ctors)
 *(SORT_BY_NAME(.ctors.*))
 *(.ctors)
 *crtbegin.o(.dtors)
 *crtbegin?.o(.dtors)
 *(EXCLUDE_FILE(*crtend.o *crtend?.o) .dtors)
 *(SORT_BY_NAME(.dtors.*))
 *(.dtors)
 *(.rodata*)
 .rodata        0x0000000000034774       0x20 _build/nrf52832_xxaa/nrf_log_backend_uart.c.o
 .rodata.nrf_log_backend_uart_api
                0x0000000000034794        0xc _build/nrf52832_xxaa/nrf_log_backend_uart.c.o
                0x0000000000034794                nrf_log_backend_uart_api
 .rodata.str1.4
                0x00000000000347a0       0x11 _build/nrf52832_xxaa/nrf_log_default_backends.c.o
 *fill*         0x00000000000347b1        0x3 
 .rodata.m_log_push_ringbuf
                0x00000000000347b4        0xc _build/nrf52832_xxaa/nrf_log_frontend.c.o
 .rodata.nrf_log_frontend_dequeue.part.6.str1.4
                0x00000000000347c0       0x11 _build/nrf52832_xxaa/nrf_log_frontend.c.o
 *fill*         0x00000000000347d1        0x3 
 .rodata.str1.4
                0x00000000000347d4        0x4 _build/nrf52832_xxaa/nrf_log_frontend.c.o
 .rodata.m_colors
                0x00000000000347d8       0x24 _build/nrf52832_xxaa/nrf_log_str_formatter.c.o
 .rodata.nrf_log_hexdump_entry_process.str1.4
                0x00000000000347fc       0x13 _build/nrf52832_xxaa/nrf_log_str_formatter.c.o
                                         0x16 (size before relaxing)
 *fill*         0x000000000003480f        0x1 
 .rodata.nrf_log_std_entry_process.str1.4
                0x0000000000034810       0x37 _build/nrf52832_xxaa/nrf_log_str_formatter.c.o
                                         0x3b (size before relaxing)
 *fill*         0x0000000000034847        0x1 
 .rodata.severity_names
                0x0000000000034848       0x14 _build/nrf52832_xxaa/nrf_log_str_formatter.c.o
 .rodata.str1.4
                0x000000000003485c       0x56 _build/nrf52832_xxaa/nrf_log_str_formatter.c.o
 *fill*         0x00000000000348b2        0x2 
 .rodata.m_detection_delay_timer_id
                0x00000000000348b4        0x4 _build/nrf52832_xxaa/app_button.c.o
 .rodata.app_error_fault_handler.str1.4
                0x00000000000348b8       0x19 _build/nrf52832_xxaa/app_error_weak.c.o
 *fill*         0x00000000000348d1        0xf 
 .rodata.delay_bytecode.8696
                0x00000000000348e0        0x6 _build/nrf52832_xxaa/app_timer.c.o
 *fill*         0x00000000000348e6        0x2 
 .rodata.dirty_header.9030
                0x00000000000348e8        0x4 _build/nrf52832_xxaa/fds.c.o
 .rodata.page_tag_data.8903
                0x00000000000348ec        0x8 _build/nrf52832_xxaa/fds.c.o
 .rodata.page_tag_swap.8899
                0x00000000000348f4        0x8 _build/nrf52832_xxaa/fds.c.o
 .rodata._aV2C.7399
                0x00000000000348fc       0x10 _build/nrf52832_xxaa/nrf_fprintf_format.c.o
 .rodata.__func__.7571
                0x000000000003490c       0x12 _build/nrf52832_xxaa/nrf_fstorage.c.o
 *fill*         0x000000000003491e        0x2 
 .rodata.__func__.7592
                0x0000000000034920       0x13 _build/nrf52832_xxaa/nrf_fstorage.c.o
 *fill*         0x0000000000034933        0x1 
 .rodata.__func__.7599
                0x0000000000034934       0x13 _build/nrf52832_xxaa/nrf_fstorage.c.o
 *fill*         0x0000000000034947        0x1 
 .rodata.nrf_fstorage_erase.str1.4
                0x0000000000034948       0x77 _build/nrf52832_xxaa/nrf_fstorage.c.o
 *fill*         0x00000000000349bf        0x1 
 .rodata.nrf_fstorage_init.str1.4
                0x00000000000349c0       0x3a _build/nrf52832_xxaa/nrf_fstorage.c.o
 *fill*         0x00000000000349fa        0x2 
 .rodata.nrf_fstorage_read.str1.4
                0x00000000000349fc       0x4a _build/nrf52832_xxaa/nrf_fstorage.c.o
 *fill*         0x0000000000034a46        0x2 
 .rodata.nrf_fstorage_uninit.str1.4
                0x0000000000034a48        0xc _build/nrf52832_xxaa/nrf_fstorage.c.o
 .rodata.nrf_fstorage_write.str1.4
                0x0000000000034a54       0x97 _build/nrf52832_xxaa/nrf_fstorage.c.o
 *fill*         0x0000000000034aeb        0x1 
 .rodata.str1.4
                0x0000000000034aec        0xd _build/nrf52832_xxaa/nrf_fstorage.c.o
 *fill*         0x0000000000034af9        0x3 
 .rodata.m_flash_info
                0x0000000000034afc        0xc _build/nrf52832_xxaa/nrf_fstorage_sd.c.o
 .rodata.nrf_fstorage_sd
                0x0000000000034b08       0x20 _build/nrf52832_xxaa/nrf_fstorage_sd.c.o
                0x0000000000034b08                nrf_fstorage_sd
 .rodata.pwr_mgmt_data
                0x0000000000034b28        0xc _build/nrf52832_xxaa/nrf_pwr_mgmt.c.o
 .rodata.str1.4
                0x0000000000034b34        0x9 _build/nrf52832_xxaa/nrf_pwr_mgmt.c.o
 *fill*         0x0000000000034b3d        0x3 
 .rodata.m_unknown_str
                0x0000000000034b40       0x13 _build/nrf52832_xxaa/nrf_strerror.c.o
 *fill*         0x0000000000034b53        0x1 
 .rodata.nrf_strerror_array
                0x0000000000034b54      0x128 _build/nrf52832_xxaa/nrf_strerror.c.o
 .rodata.str1.4
                0x0000000000034c7c      0x3e9 _build/nrf52832_xxaa/nrf_strerror.c.o
 *fill*         0x0000000000035065        0x3 
 .rodata.m_board_btn_list
                0x0000000000035068        0x4 _build/nrf52832_xxaa/boards.c.o
 .rodata.m_board_led_list
                0x000000000003506c        0x4 _build/nrf52832_xxaa/boards.c.o
 .rodata.str1.4
                0x0000000000035070        0x6 _build/nrf52832_xxaa/nrf_drv_clock.c.o
 *fill*         0x0000000000035076        0x2 
 .rodata.str1.4
                0x0000000000035078        0x6 _build/nrf52832_xxaa/nrfx_clock.c.o
 *fill*         0x000000000003507e        0x2 
 .rodata.str1.4
                0x0000000000035080        0x7 _build/nrf52832_xxaa/nrfx_gpiote.c.o
 *fill*         0x0000000000035087        0x1 
 .rodata.str1.4
                0x0000000000035088        0x4 _build/nrf52832_xxaa/nrfx_prs.c.o
 .rodata.str1.4
                0x000000000003508c        0x5 _build/nrf52832_xxaa/nrfx_uart.c.o
 *fill*         0x0000000000035091        0x3 
 .rodata.str1.4
                0x0000000000035094        0x6 _build/nrf52832_xxaa/nrfx_uarte.c.o
 *fill*         0x000000000003509a        0x2 
 .rodata.app_buttons
                0x000000000003509c       0x20 _build/nrf52832_xxaa/bsp.c.o
 .rodata.m_bsp_alert_tmr
                0x00000000000350bc        0x4 _build/nrf52832_xxaa/bsp.c.o
 .rodata.m_bsp_button_tmr
                0x00000000000350c0        0x4 _build/nrf52832_xxaa/bsp.c.o
 .rodata.m_bsp_leds_tmr
                0x00000000000350c4        0x4 _build/nrf52832_xxaa/bsp.c.o
 .rodata.ble_evt_handler.str1.4
                0x00000000000350c8       0x19 _build/nrf52832_xxaa/main.c.o
 *fill*         0x00000000000350e1        0x3 
 .rodata.m_battery_timer_id
                0x00000000000350e4        0x4 _build/nrf52832_xxaa/main.c.o
 .rodata.main.str1.4
                0x00000000000350e8       0x5d _build/nrf52832_xxaa/main.c.o
 *fill*         0x0000000000035145        0x3 
 .rodata.on_adv_evt.str1.4
                0x0000000000035148       0x11 _build/nrf52832_xxaa/main.c.o
 *fill*         0x0000000000035159        0x3 
 .rodata        0x000000000003515c        0x4 _build/nrf52832_xxaa/gatt_cache_manager.c.o
 .rodata.car_value_false.10791
                0x0000000000035160        0x4 _build/nrf52832_xxaa/gatt_cache_manager.c.o
 .rodata.car_value_true.10790
                0x0000000000035164        0x4 _build/nrf52832_xxaa/gatt_cache_manager.c.o
 .rodata.db_update_pending_handle.str1.4
                0x0000000000035168       0x75 _build/nrf52832_xxaa/gatt_cache_manager.c.o
 *fill*         0x00000000000351dd        0x3 
 .rodata.gcm_ble_evt_handler.str1.4
                0x00000000000351e0       0xb2 _build/nrf52832_xxaa/gatt_cache_manager.c.o
 *fill*         0x0000000000035292        0x2 
 .rodata.gcm_init.str1.4
                0x0000000000035294       0x6f _build/nrf52832_xxaa/gatt_cache_manager.c.o
 *fill*         0x0000000000035303        0x1 
 .rodata.local_db_apply_in_evt.str1.4
                0x0000000000035304       0xd1 _build/nrf52832_xxaa/gatt_cache_manager.c.o
 *fill*         0x00000000000353d5        0x3 
 .rodata.sc_send_pending_handle.str1.4
                0x00000000000353d8       0x40 _build/nrf52832_xxaa/gatt_cache_manager.c.o
 .rodata.store_car_value.str1.4
                0x0000000000035418       0x5d _build/nrf52832_xxaa/gatt_cache_manager.c.o
 *fill*         0x0000000000035475        0x3 
 .rodata.str1.4
                0x0000000000035478       0x11 _build/nrf52832_xxaa/gatt_cache_manager.c.o
 *fill*         0x0000000000035489        0x3 
 .rodata        0x000000000003548c       0x10 _build/nrf52832_xxaa/gatts_cache_manager.c.o
 .rodata.gscm_local_db_cache_apply.str1.4
                0x000000000003549c       0x78 _build/nrf52832_xxaa/gatts_cache_manager.c.o
 .rodata.gscm_local_db_cache_update.str1.4
                0x0000000000035514       0x7f _build/nrf52832_xxaa/gatts_cache_manager.c.o
 *fill*         0x0000000000035593        0x1 
 .rodata.gscm_service_changed_ind_send.str1.4
                0x0000000000035594       0x4c _build/nrf52832_xxaa/gatts_cache_manager.c.o
 .rodata.service_changed_pending.10500
                0x00000000000355e0        0x4 _build/nrf52832_xxaa/gatts_cache_manager.c.o
 .rodata.service_changed_pending.10556
                0x00000000000355e4        0x4 _build/nrf52832_xxaa/gatts_cache_manager.c.o
 .rodata.str1.4
                0x00000000000355e8       0x12 _build/nrf52832_xxaa/gatts_cache_manager.c.o
 *fill*         0x00000000000355fa        0x2 
 .rodata.str1.4
                0x00000000000355fc       0x10 _build/nrf52832_xxaa/id_manager.c.o
 .rodata.nrf_ble_gatt_data_length_set.str1.4
                0x000000000003560c       0xe2 _build/nrf52832_xxaa/nrf_ble_gatt.c.o
 *fill*         0x00000000000356ee        0x2 
 .rodata.nrf_ble_gatt_on_ble_evt.str1.4
                0x00000000000356f0       0x63 _build/nrf52832_xxaa/nrf_ble_gatt.c.o
 *fill*         0x0000000000035753        0x1 
 .rodata.str1.4
                0x0000000000035754        0xd _build/nrf52832_xxaa/nrf_ble_gatt.c.o
 *fill*         0x0000000000035761        0x3 
 .rodata.pds_init.str1.4
                0x0000000000035764       0x82 _build/nrf52832_xxaa/peer_data_storage.c.o
 *fill*         0x00000000000357e6        0x2 
 .rodata.pds_peer_data_store.str1.4
                0x00000000000357e8       0x56 _build/nrf52832_xxaa/peer_data_storage.c.o
 *fill*         0x000000000003583e        0x2 
 .rodata.peer_data_delete_process.str1.4
                0x0000000000035840       0x4c _build/nrf52832_xxaa/peer_data_storage.c.o
 .rodata.str1.4
                0x000000000003588c       0x11 _build/nrf52832_xxaa/peer_data_storage.c.o
 *fill*         0x000000000003589d        0x3 
 .rodata.pdb_init.str1.4
                0x00000000000358a0       0x1e _build/nrf52832_xxaa/peer_database.c.o
 *fill*         0x00000000000358be        0x2 
 .rodata.pdb_pds_evt_handler.str1.4
                0x00000000000358c0       0x60 _build/nrf52832_xxaa/peer_database.c.o
 .rodata.pdb_peer_free.str1.4
                0x0000000000035920       0x52 _build/nrf52832_xxaa/peer_database.c.o
 *fill*         0x0000000000035972        0x2 
 .rodata.pdb_write_buf_get.str1.4
                0x0000000000035974       0x74 _build/nrf52832_xxaa/peer_database.c.o
 .rodata.str1.4
                0x00000000000359e8       0x11 _build/nrf52832_xxaa/peer_database.c.o
 *fill*         0x00000000000359f9        0x3 
 .rodata.write_buf_store.str1.4
                0x00000000000359fc       0x6f _build/nrf52832_xxaa/peer_database.c.o
 *fill*         0x0000000000035a6b        0x1 
 .rodata        0x0000000000035a6c        0x8 _build/nrf52832_xxaa/peer_manager.c.o
 .rodata.__func__.10883
                0x0000000000035a74        0x8 _build/nrf52832_xxaa/peer_manager.c.o
 .rodata.__func__.11066
                0x0000000000035a7c       0x10 _build/nrf52832_xxaa/peer_manager.c.o
 .rodata.pm_init.str1.4
                0x0000000000035a8c      0x107 _build/nrf52832_xxaa/peer_manager.c.o
 *fill*         0x0000000000035b93        0x1 
 .rodata.pm_peer_rank_highest.str1.4
                0x0000000000035b94       0x40 _build/nrf52832_xxaa/peer_manager.c.o
 .rodata.pm_peer_ranks_get.part.4.str1.4
                0x0000000000035bd4       0x48 _build/nrf52832_xxaa/peer_manager.c.o
 .rodata.pm_peers_delete.str1.4
                0x0000000000035c1c       0x48 _build/nrf52832_xxaa/peer_manager.c.o
 .rodata.str1.4
                0x0000000000035c64        0xd _build/nrf52832_xxaa/peer_manager.c.o
 *fill*         0x0000000000035c71        0x3 
 .rodata.m_data_action_str
                0x0000000000035c74        0x8 _build/nrf52832_xxaa/peer_manager_handler.c.o
 .rodata.m_data_id_str
                0x0000000000035c7c       0x28 _build/nrf52832_xxaa/peer_manager_handler.c.o
 .rodata.m_roles_str
                0x0000000000035ca4        0xc _build/nrf52832_xxaa/peer_manager_handler.c.o
 .rodata.m_sec_procedure_str
                0x0000000000035cb0        0xc _build/nrf52832_xxaa/peer_manager_handler.c.o
 .rodata.pm_handler_flash_clean_on_return.str1.4
                0x0000000000035cbc       0xa7 _build/nrf52832_xxaa/peer_manager_handler.c.o
 *fill*         0x0000000000035d63        0x1 
 .rodata.pm_handler_on_pm_evt.str1.4
                0x0000000000035d64      0x3df _build/nrf52832_xxaa/peer_manager_handler.c.o
 *fill*         0x0000000000036143        0x1 
 .rodata.str1.4
                0x0000000000036144      0x121 _build/nrf52832_xxaa/peer_manager_handler.c.o
 *fill*         0x0000000000036265        0x3 
 .rodata.auth_status_success_process.str1.4
                0x0000000000036268       0xe6 _build/nrf52832_xxaa/security_dispatcher.c.o
 *fill*         0x000000000003634e        0x2 
 .rodata.smd_ble_evt_handler.str1.4
                0x0000000000036350       0xdc _build/nrf52832_xxaa/security_dispatcher.c.o
 .rodata.smd_init.str1.4
                0x000000000003642c       0x6f _build/nrf52832_xxaa/security_dispatcher.c.o
 .rodata.smd_params_reply.str1.4
                0x000000000003642c       0xb2 _build/nrf52832_xxaa/security_dispatcher.c.o
 *fill*         0x00000000000364de        0x2 
 .rodata.str1.4
                0x00000000000364e0       0x11 _build/nrf52832_xxaa/security_dispatcher.c.o
 *fill*         0x00000000000364f1        0x3 
 .rodata.link_secure_pending_handle.str1.4
                0x00000000000364f4       0x55 _build/nrf52832_xxaa/security_manager.c.o
 *fill*         0x0000000000036549        0x3 
 .rodata.params_reply_pending_handle.str1.4
                0x000000000003654c      0x123 _build/nrf52832_xxaa/security_manager.c.o
 .rodata.sm_init.str1.4
                0x000000000003666f       0x6f _build/nrf52832_xxaa/security_manager.c.o
 *fill*         0x000000000003666f        0x1 
 .rodata.str1.4
                0x0000000000036670       0x10 _build/nrf52832_xxaa/security_manager.c.o
 .rodata.str1.4
                0x0000000000036680        0x8 _build/nrf52832_xxaa/ble_bas.c.o
 .rodata        0x0000000000036688        0x4 _build/nrf52832_xxaa/nrf_sdh.c.o
 .rodata.sdh_req_observers
                0x000000000003668c        0xc _build/nrf52832_xxaa/nrf_sdh.c.o
 .rodata.sdh_stack_observers
                0x0000000000036698        0xc _build/nrf52832_xxaa/nrf_sdh.c.o
 .rodata.sdh_state_observers
                0x00000000000366a4        0xc _build/nrf52832_xxaa/nrf_sdh.c.o
 .rodata.str1.4
                0x00000000000366b0        0x8 _build/nrf52832_xxaa/nrf_sdh.c.o
 .rodata.nrf_sdh_ble_default_cfg_set.str1.4
                0x00000000000366b8      0x187 _build/nrf52832_xxaa/nrf_sdh_ble.c.o
 *fill*         0x000000000003683f        0x1 
 .rodata.nrf_sdh_ble_enable.str1.4
                0x0000000000036840       0xad _build/nrf52832_xxaa/nrf_sdh_ble.c.o
 *fill*         0x00000000000368ed        0x3 
 .rodata.sdh_ble_observers
                0x00000000000368f0        0xc _build/nrf52832_xxaa/nrf_sdh_ble.c.o
 .rodata.str1.4
                0x00000000000368fc        0xc _build/nrf52832_xxaa/nrf_sdh_ble.c.o
 .rodata.sdh_soc_observers
                0x0000000000036908        0xc _build/nrf52832_xxaa/nrf_sdh_soc.c.o
 .rodata.str1.4
                0x0000000000036914        0xc _build/nrf52832_xxaa/nrf_sdh_soc.c.o
 .rodata._global_impure_ptr
                0x0000000000036920        0x4 /Users/anita/opt/gcc-arm-none-eabi-7-2017-q4-major/bin/../lib/gcc/arm-none-eabi/7.2.1/../../../../arm-none-eabi/lib/thumb/v7e-m/fpv4-sp/hard/libc_nano.a(lib_a-impure.o)
                0x0000000000036920                _global_impure_ptr
 .rodata._setlocale_r.str1.1
                0x0000000000036924        0x8 /Users/anita/opt/gcc-arm-none-eabi-7-2017-q4-major/bin/../lib/gcc/arm-none-eabi/7.2.1/../../../../arm-none-eabi/lib/thumb/v7e-m/fpv4-sp/hard/libc_nano.a(lib_a-locale.o)
                                          0x9 (size before relaxing)
 .rodata.str1.1
                0x000000000003692c        0x2 /Users/anita/opt/gcc-arm-none-eabi-7-2017-q4-major/bin/../lib/gcc/arm-none-eabi/7.2.1/../../../../arm-none-eabi/lib/thumb/v7e-m/fpv4-sp/hard/libc_nano.a(lib_a-locale.o)
 .rodata._ctype_
                0x000000000003692e      0x101 /Users/anita/opt/gcc-arm-none-eabi-7-2017-q4-major/bin/../lib/gcc/arm-none-eabi/7.2.1/../../../../arm-none-eabi/lib/thumb/v7e-m/fpv4-sp/hard/libc_nano.a(lib_a-ctype_.o)
                0x000000000003692e                _ctype_
 *(.eh_frame*)
 *fill*         0x0000000000036a2f        0x1 
 .eh_frame      0x0000000000036a30        0x0 /Users/anita/opt/gcc-arm-none-eabi-7-2017-q4-major/bin/../lib/gcc/arm-none-eabi/7.2.1/thumb/v7e-m/fpv4-sp/hard/crtbegin.o
 .eh_frame      0x0000000000036a30        0x4 /Users/anita/opt/gcc-arm-none-eabi-7-2017-q4-major/bin/../lib/gcc/arm-none-eabi/7.2.1/thumb/v7e-m/fpv4-sp/hard/crtend.o

.glue_7         0x0000000000036a34        0x0
 .glue_7        0x0000000000036a34        0x0 linker stubs

.glue_7t        0x0000000000036a34        0x0
 .glue_7t       0x0000000000036a34        0x0 linker stubs

.vfp11_veneer   0x0000000000036a34        0x0
 .vfp11_veneer  0x0000000000036a34        0x0 linker stubs

.v4_bx          0x0000000000036a34        0x0
 .v4_bx         0x0000000000036a34        0x0 linker stubs

.iplt           0x0000000000036a34        0x0
 .iplt          0x0000000000036a34        0x0 /Users/anita/opt/gcc-arm-none-eabi-7-2017-q4-major/bin/../lib/gcc/arm-none-eabi/7.2.1/thumb/v7e-m/fpv4-sp/hard/crtbegin.o

.mem_section_dummy_rom

.sdh_soc_observers
                0x0000000000036a34       0x18
                0x0000000000036a34                PROVIDE (__start_sdh_soc_observers, .)
 *(SORT_BY_NAME(.sdh_soc_observers*))
 .sdh_soc_observers0
                0x0000000000036a34        0x8 _build/nrf52832_xxaa/nrf_fstorage_sd.c.o
 .sdh_soc_observers0
                0x0000000000036a3c        0x8 _build/nrf52832_xxaa/nrf_drv_clock.c.o
 .sdh_soc_observers1
                0x0000000000036a44        0x8 _build/nrf52832_xxaa/main.c.o
                0x0000000000036a4c                PROVIDE (__stop_sdh_soc_observers, .)

.sdh_ble_observers
                0x0000000000036a4c       0x50
                0x0000000000036a4c                PROVIDE (__start_sdh_ble_observers, .)
 *(SORT_BY_NAME(.sdh_ble_observers*))
 .sdh_ble_observers0
                0x0000000000036a4c        0x8 _build/nrf52832_xxaa/ble_conn_state.c.o
 .sdh_ble_observers1
                0x0000000000036a54        0x8 _build/nrf52832_xxaa/bsp_btn_ble.c.o
 .sdh_ble_observers1
                0x0000000000036a5c       0x10 _build/nrf52832_xxaa/main.c.o
 .sdh_ble_observers1
                0x0000000000036a6c        0x8 _build/nrf52832_xxaa/ble_conn_params.c.o
 .sdh_ble_observers1
                0x0000000000036a74        0x8 _build/nrf52832_xxaa/peer_manager.c.o
 .sdh_ble_observers2
                0x0000000000036a7c       0x18 _build/nrf52832_xxaa/main.c.o
 .sdh_ble_observers3
                0x0000000000036a94        0x8 _build/nrf52832_xxaa/main.c.o
                0x0000000000036a9c                PROVIDE (__stop_sdh_ble_observers, .)

.pwr_mgmt_data  0x0000000000036a9c        0x0
                0x0000000000036a9c                PROVIDE (__start_pwr_mgmt_data, .)
 *(SORT_BY_NAME(.pwr_mgmt_data*))
                0x0000000000036a9c                PROVIDE (__stop_pwr_mgmt_data, .)

.sdh_stack_observers
                0x0000000000036a9c       0x10
                0x0000000000036a9c                PROVIDE (__start_sdh_stack_observers, .)
 *(SORT_BY_NAME(.sdh_stack_observers*))
 .sdh_stack_observers0
                0x0000000000036a9c        0x8 _build/nrf52832_xxaa/nrf_sdh_ble.c.o
 .sdh_stack_observers0
                0x0000000000036aa4        0x8 _build/nrf52832_xxaa/nrf_sdh_soc.c.o
                0x0000000000036aac                PROVIDE (__stop_sdh_stack_observers, .)

.sdh_req_observers
                0x0000000000036aac        0x8
                0x0000000000036aac                PROVIDE (__start_sdh_req_observers, .)
 *(SORT_BY_NAME(.sdh_req_observers*))
 .sdh_req_observers0
                0x0000000000036aac        0x8 _build/nrf52832_xxaa/nrf_fstorage_sd.c.o
                0x0000000000036aac                m_req_obs
                0x0000000000036ab4                PROVIDE (__stop_sdh_req_observers, .)

.sdh_state_observers
                0x0000000000036ab4       0x10
                0x0000000000036ab4                PROVIDE (__start_sdh_state_observers, .)
 *(SORT_BY_NAME(.sdh_state_observers*))
 .sdh_state_observers0
                0x0000000000036ab4        0x8 _build/nrf52832_xxaa/nrf_fstorage_sd.c.o
 .sdh_state_observers0
                0x0000000000036abc        0x8 _build/nrf52832_xxaa/nrf_drv_clock.c.o
                0x0000000000036ac4                PROVIDE (__stop_sdh_state_observers, .)

.nrf_queue      0x0000000000036ac4        0x0
                [!provide]                        PROVIDE (__start_nrf_queue, .)
 *(.nrf_queue)
                [!provide]                        PROVIDE (__stop_nrf_queue, .)

.nrf_balloc     0x0000000000036ac4       0x14
                [!provide]                        PROVIDE (__start_nrf_balloc, .)
 *(.nrf_balloc)
 .nrf_balloc    0x0000000000036ac4       0x14 _build/nrf52832_xxaa/nrf_log_frontend.c.o
                0x0000000000036ac4                log_mempool
                [!provide]                        PROVIDE (__stop_nrf_balloc, .)

.cli_command    0x0000000000036ad8        0x0
                [!provide]                        PROVIDE (__start_cli_command, .)
 *(.cli_command)
                [!provide]                        PROVIDE (__stop_cli_command, .)

.crypto_data    0x0000000000036ad8        0x0
                [!provide]                        PROVIDE (__start_crypto_data, .)
 *(SORT_BY_NAME(.crypto_data*))
                [!provide]                        PROVIDE (__stop_crypto_data, .)

.log_const_data
                0x0000000000036ad8       0xb8
                0x0000000000036ad8                PROVIDE (__start_log_const_data, .)
 *(SORT_BY_NAME(.log_const_data*))
 .log_const_data_CLOCK
                0x0000000000036ad8        0x8 _build/nrf52832_xxaa/nrfx_clock.c.o
                0x0000000000036ad8                m_nrf_log_CLOCK_logs_data_const
 .log_const_data_GPIOTE
                0x0000000000036ae0        0x8 _build/nrf52832_xxaa/nrfx_gpiote.c.o
                0x0000000000036ae0                m_nrf_log_GPIOTE_logs_data_const
 .log_const_data_PRS
                0x0000000000036ae8        0x8 _build/nrf52832_xxaa/nrfx_prs.c.o
                0x0000000000036ae8                m_nrf_log_PRS_logs_data_const
 .log_const_data_UART
                0x0000000000036af0        0x8 _build/nrf52832_xxaa/nrfx_uart.c.o
                0x0000000000036af0                m_nrf_log_UART_logs_data_const
 .log_const_data_UARTE
                0x0000000000036af8        0x8 _build/nrf52832_xxaa/nrfx_uarte.c.o
                0x0000000000036af8                m_nrf_log_UARTE_logs_data_const
 .log_const_data_app
                0x0000000000036b00        0x8 _build/nrf52832_xxaa/nrf_log_frontend.c.o
                0x0000000000036b00                m_nrf_log_app_logs_data_const
 .log_const_data_ble_bas
                0x0000000000036b08        0x8 _build/nrf52832_xxaa/ble_bas.c.o
                0x0000000000036b08                m_nrf_log_ble_bas_logs_data_const
 .log_const_data_clock
                0x0000000000036b10        0x8 _build/nrf52832_xxaa/nrf_drv_clock.c.o
                0x0000000000036b10                m_nrf_log_clock_logs_data_const
 .log_const_data_nrf_ble_gatt
                0x0000000000036b18        0x8 _build/nrf52832_xxaa/nrf_ble_gatt.c.o
                0x0000000000036b18                m_nrf_log_nrf_ble_gatt_logs_data_const
 .log_const_data_nrf_fstorage
                0x0000000000036b20        0x8 _build/nrf52832_xxaa/nrf_fstorage.c.o
                0x0000000000036b20                m_nrf_log_nrf_fstorage_logs_data_const
 .log_const_data_nrf_sdh
                0x0000000000036b28        0x8 _build/nrf52832_xxaa/nrf_sdh.c.o
                0x0000000000036b28                m_nrf_log_nrf_sdh_logs_data_const
 .log_const_data_nrf_sdh_ble
                0x0000000000036b30        0x8 _build/nrf52832_xxaa/nrf_sdh_ble.c.o
                0x0000000000036b30                m_nrf_log_nrf_sdh_ble_logs_data_const
 .log_const_data_nrf_sdh_soc
                0x0000000000036b38        0x8 _build/nrf52832_xxaa/nrf_sdh_soc.c.o
                0x0000000000036b38                m_nrf_log_nrf_sdh_soc_logs_data_const
 .log_const_data_peer_manager
                0x0000000000036b40        0x8 _build/nrf52832_xxaa/peer_manager.c.o
                0x0000000000036b40                m_nrf_log_peer_manager_logs_data_const
 .log_const_data_peer_manager_gcm
                0x0000000000036b48        0x8 _build/nrf52832_xxaa/gatt_cache_manager.c.o
                0x0000000000036b48                m_nrf_log_peer_manager_gcm_logs_data_const
 .log_const_data_peer_manager_gscm
                0x0000000000036b50        0x8 _build/nrf52832_xxaa/gatts_cache_manager.c.o
                0x0000000000036b50                m_nrf_log_peer_manager_gscm_logs_data_const
 .log_const_data_peer_manager_handler
                0x0000000000036b58        0x8 _build/nrf52832_xxaa/peer_manager_handler.c.o
                0x0000000000036b58                m_nrf_log_peer_manager_handler_logs_data_const
 .log_const_data_peer_manager_im
                0x0000000000036b60        0x8 _build/nrf52832_xxaa/id_manager.c.o
                0x0000000000036b60                m_nrf_log_peer_manager_im_logs_data_const
 .log_const_data_peer_manager_pdb
                0x0000000000036b68        0x8 _build/nrf52832_xxaa/peer_database.c.o
                0x0000000000036b68                m_nrf_log_peer_manager_pdb_logs_data_const
 .log_const_data_peer_manager_pds
                0x0000000000036b70        0x8 _build/nrf52832_xxaa/peer_data_storage.c.o
                0x0000000000036b70                m_nrf_log_peer_manager_pds_logs_data_const
 .log_const_data_peer_manager_sm
                0x0000000000036b78        0x8 _build/nrf52832_xxaa/security_manager.c.o
                0x0000000000036b78                m_nrf_log_peer_manager_sm_logs_data_const
 .log_const_data_peer_manager_smd
                0x0000000000036b80        0x8 _build/nrf52832_xxaa/security_dispatcher.c.o
                0x0000000000036b80                m_nrf_log_peer_manager_smd_logs_data_const
 .log_const_data_pwr_mgmt
                0x0000000000036b88        0x8 _build/nrf52832_xxaa/nrf_pwr_mgmt.c.o
                0x0000000000036b88                m_nrf_log_pwr_mgmt_logs_data_const
                0x0000000000036b90                PROVIDE (__stop_log_const_data, .)

.log_backends   0x0000000000036b90       0x10
                [!provide]                        PROVIDE (__start_log_backends, .)
 *(SORT_BY_NAME(.log_backends*))
 .log_backends  0x0000000000036b90       0x10 _build/nrf52832_xxaa/nrf_log_default_backends.c.o
                [!provide]                        PROVIDE (__stop_log_backends, .)

.ARM.extab
 *(.ARM.extab* .gnu.linkonce.armextab.*)
                0x0000000000036ba0                __exidx_start = .

.ARM.exidx      0x0000000000036ba0        0x8
 *(.ARM.exidx* .gnu.linkonce.armexidx.*)
 .ARM.exidx     0x0000000000036ba0        0x8 /Users/anita/opt/gcc-arm-none-eabi-7-2017-q4-major/bin/../lib/gcc/arm-none-eabi/7.2.1/../../../../arm-none-eabi/lib/thumb/v7e-m/fpv4-sp/hard/crt0.o
 .ARM.exidx     0x0000000000036ba8        0x0 /Users/anita/opt/gcc-arm-none-eabi-7-2017-q4-major/bin/../lib/gcc/arm-none-eabi/7.2.1/thumb/v7e-m/fpv4-sp/hard/libgcc.a(_udivmoddi4.o)
                                          0x8 (size before relaxing)
                0x0000000000036ba8                __exidx_end = .
                0x0000000000036ba8                __etext = .

.rel.dyn        0x0000000000036ba8        0x0